
===========================================================================
report_checks -unconstrained
===========================================================================
======================= nom_tt_025C_3v30 Corner ===================================

Startpoint: sram2048.u_bank0 (rising edge-triggered flip-flop clocked by clk)
Endpoint: dft_rdata[6] (output port clocked by clk)
Path Group: clk
Path Type: max

Fanout         Cap        Slew       Delay        Time   Description
---------------------------------------------------------------------------------------------
                                  0.000000    0.000000   clock clk (rise edge)
                                  0.000000    0.000000   clock source latency
     2    0.145591    0.240529    0.165136    0.165136 ^ clk (in)
                                                         clk (net)
                      0.241406    0.000000    0.165136 ^ delaybuf_0_clk/A (gf180mcu_as_sc_mcu7t3v3__clkbuff_12)
     1    0.022697    0.027907    0.145595    0.310731 ^ delaybuf_0_clk/Y (gf180mcu_as_sc_mcu7t3v3__clkbuff_12)
                                                         delaynet_0_clk (net)
                      0.027908    0.000276    0.311007 ^ delaybuf_1_clk/A (gf180mcu_as_sc_mcu7t3v3__clkbuff_12)
     1    0.022465    0.027385    0.115330    0.426337 ^ delaybuf_1_clk/Y (gf180mcu_as_sc_mcu7t3v3__clkbuff_12)
                                                         delaynet_1_clk (net)
                      0.027388    0.000481    0.426818 ^ clkbuf_0_clk/A (gf180mcu_as_sc_mcu7t3v3__clkbuff_12)
     2    0.127730    0.079900    0.144521    0.571339 ^ clkbuf_0_clk/Y (gf180mcu_as_sc_mcu7t3v3__clkbuff_12)
                                                         clknet_0_clk (net)
                      0.099860    0.023708    0.595048 ^ clkbuf_1_1__f_clk/A (gf180mcu_as_sc_mcu7t3v3__clkbuff_12)
     1    0.327691    0.193153    0.223250    0.818298 ^ clkbuf_1_1__f_clk/Y (gf180mcu_as_sc_mcu7t3v3__clkbuff_12)
                                                         clknet_1_1__leaf_clk (net)
                      0.201235    0.023673    0.841971 ^ sram2048.u_bank0/CLK (gf180mcu_ocd_ip_sram__sram1024x8m8wm1)
     1    0.168542    0.438609    7.353042    8.195013 v sram2048.u_bank0/Q[6] (gf180mcu_ocd_ip_sram__sram1024x8m8wm1)
                                                         sram2048.q_bank0[6] (net)
                      0.442753    0.014740    8.209753 v _2743_/A (gf180mcu_as_sc_mcu7t3v3__mux2_2)
     1    0.013881    0.058594    0.318836    8.528588 v _2743_/Y (gf180mcu_as_sc_mcu7t3v3__mux2_2)
                                                         core_inst.rf_mem_if.o_wb_rdt[30] (net)
                      0.058595    0.000270    8.528859 v wire741/A (gf180mcu_as_sc_mcu7t3v3__buff_8)
     8    0.123460    0.106019    0.159631    8.688489 v wire741/Y (gf180mcu_as_sc_mcu7t3v3__buff_8)
                                                         net741 (net)
                      0.106090    0.001799    8.690288 v _5484_/A (gf180mcu_as_sc_mcu7t3v3__buff_2)
     1    0.014403    0.039123    0.141402    8.831690 v _5484_/Y (gf180mcu_as_sc_mcu7t3v3__buff_2)
                                                         net323 (net)
                      0.039134    0.000455    8.832144 v output323/A (gf180mcu_as_sc_mcu7t3v3__buff_2)
     1    0.098645    0.200757    0.254023    9.086167 v output323/Y (gf180mcu_as_sc_mcu7t3v3__buff_2)
                                                         dft_rdata[6] (net)
                      0.200976    0.007471    9.093639 v dft_rdata[6] (out)
                                              9.093639   data arrival time

                                 40.000000   40.000000   clock clk (rise edge)
                                  0.000000   40.000000   clock network delay (propagated)
                                 -0.250000   39.750000   clock uncertainty
                                  0.000000   39.750000   clock reconvergence pessimism
                                 -8.000000   31.750000   output external delay
                                             31.750000   data required time
---------------------------------------------------------------------------------------------
                                             31.750000   data required time
                                             -9.093639   data arrival time
---------------------------------------------------------------------------------------------
                                             22.656359   slack (MET)




===========================================================================
report_checks --slack_max -0.01
============================================================================
======================= nom_tt_025C_3v30 Corner ===================================

No paths found.


===========================================================================
 report_check_types -max_slew -max_cap -max_fanout -violators
============================================================================
======================= nom_tt_025C_3v30 Corner ===================================

max fanout

Pin                                   Limit Fanout  Slack
---------------------------------------------------------
clkbuf_leaf_11_clk_regs/Y                 9     18     -9 (VIOLATED)
clkbuf_leaf_10_clk_regs/Y                 9     17     -8 (VIOLATED)
clkbuf_leaf_19_clk_regs/Y                 9     17     -8 (VIOLATED)
clkbuf_leaf_23_clk_regs/Y                 9     17     -8 (VIOLATED)
clkbuf_leaf_3_clk_regs/Y                  9     17     -8 (VIOLATED)
clkbuf_leaf_14_clk_regs/Y                 9     16     -7 (VIOLATED)
clkbuf_leaf_18_clk_regs/Y                 9     16     -7 (VIOLATED)
clkbuf_leaf_22_clk_regs/Y                 9     16     -7 (VIOLATED)
clkbuf_leaf_2_clk_regs/Y                  9     16     -7 (VIOLATED)
clkbuf_leaf_6_clk_regs/Y                  9     16     -7 (VIOLATED)
clkbuf_leaf_8_clk_regs/Y                  9     16     -7 (VIOLATED)
clkbuf_leaf_9_clk_regs/Y                  9     16     -7 (VIOLATED)
clkbuf_leaf_15_clk_regs/Y                 9     15     -6 (VIOLATED)
clkbuf_leaf_20_clk_regs/Y                 9     15     -6 (VIOLATED)
clkbuf_leaf_26_clk_regs/Y                 9     15     -6 (VIOLATED)
clkbuf_leaf_35_clk_regs/Y                 9     15     -6 (VIOLATED)
clkbuf_leaf_36_clk_regs/Y                 9     15     -6 (VIOLATED)
clkbuf_leaf_4_clk_regs/Y                  9     15     -6 (VIOLATED)
clkbuf_leaf_0_clk_regs/Y                  9     14     -5 (VIOLATED)
clkbuf_leaf_12_clk_regs/Y                 9     14     -5 (VIOLATED)
clkbuf_leaf_13_clk_regs/Y                 9     14     -5 (VIOLATED)
clkbuf_leaf_1_clk_regs/Y                  9     14     -5 (VIOLATED)
clkbuf_leaf_25_clk_regs/Y                 9     14     -5 (VIOLATED)
clkbuf_leaf_27_clk_regs/Y                 9     14     -5 (VIOLATED)
clkbuf_leaf_29_clk_regs/Y                 9     14     -5 (VIOLATED)
clkbuf_leaf_30_clk_regs/Y                 9     14     -5 (VIOLATED)
clkbuf_leaf_32_clk_regs/Y                 9     14     -5 (VIOLATED)
clkbuf_leaf_5_clk_regs/Y                  9     14     -5 (VIOLATED)
clkbuf_leaf_21_clk_regs/Y                 9     13     -4 (VIOLATED)
clkbuf_leaf_24_clk_regs/Y                 9     13     -4 (VIOLATED)
clkbuf_leaf_28_clk_regs/Y                 9     13     -4 (VIOLATED)
clkbuf_leaf_34_clk_regs/Y                 9     13     -4 (VIOLATED)
clkbuf_leaf_37_clk_regs/Y                 9     13     -4 (VIOLATED)
clkbuf_leaf_16_clk_regs/Y                 9     12     -3 (VIOLATED)
clkbuf_leaf_17_clk_regs/Y                 9     12     -3 (VIOLATED)
clkbuf_leaf_33_clk_regs/Y                 9     12     -3 (VIOLATED)
clkbuf_leaf_7_clk_regs/Y                  9     12     -3 (VIOLATED)
clkbuf_leaf_31_clk_regs/Y                 9     11     -2 (VIOLATED)

max capacitance

Pin                                        Limit         Cap       Slack
------------------------------------------------------------------------
clkbuf_1_1__f_clk/Y                     0.200000    0.327691   -0.127691 (VIOLATED)
clkbuf_1_0__f_clk/Y                     0.200000    0.316358   -0.116358 (VIOLATED)
clkbuf_0_clk_regs/Y                     0.200000    0.260453   -0.060453 (VIOLATED)
_2629_/Y                                0.200000    0.217011   -0.017011 (VIOLATED)
_2672_/Y                                0.200000    0.214252   -0.014252 (VIOLATED)
_2693_/Y                                0.200000    0.205247   -0.005247 (VIOLATED)
clkbuf_3_1_0_clk_regs/Y                 0.200000    0.204691   -0.004691 (VIOLATED)
max_cap572/Y                            0.200000    0.204211   -0.004211 (VIOLATED)
wire480/Y                               0.200000    0.202433   -0.002433 (VIOLATED)
clkbuf_3_4_0_clk_regs/Y                 0.200000    0.201359   -0.001359 (VIOLATED)
fanout615/Y                             0.200000    0.201039   -0.001039 (VIOLATED)



===========================================================================
report_parasitic_annotation -report_unannotated
============================================================================
Found 31 unannotated drivers.
 clkload0/Y
 clkload1/Y
 clkload10/Y
 clkload11/Y
 clkload12/Y
 clkload13/Y
 clkload14/Y
 clkload15/Y
 clkload16/Y
 clkload17/Y
 clkload18/Y
 clkload19/Y
 clkload2/Y
 clkload20/Y
 clkload21/Y
 clkload22/Y
 clkload23/Y
 clkload24/Y
 clkload25/Y
 clkload26/Y
 clkload27/Y
 clkload28/Y
 clkload29/Y
 clkload3/Y
 clkload30/Y
 clkload4/Y
 clkload5/Y
 clkload6/Y
 clkload7/Y
 clkload8/Y
 clkload9/Y
Found 0 partially unannotated drivers.

===========================================================================
max slew violation count 0
max fanout violation count 38
max cap violation count 11
============================================================================

===========================================================================
check_setup -verbose -unconstrained_endpoints -multiple_clock -no_clock -no_input_delay -loops -generated_clocks
===========================================================================
