Clock: clk
Sources: clk 
Generated: no
Virtual: yes
Propagated: no
Period: 40.000000

===========================================================================
report_clock_properties
============================================================================
Clock                   Period          Waveform
----------------------------------------------------
clk                  40.000000    0.000000 20.000000

===========================================================================
report_clock_latency
============================================================================
Clock clk
rise -> rise
    min     max
0.000000 0.000000 source latency
0.812359         network latency sram2048.u_bank1/CLK
        0.955392 network latency _5273_/CLK
---------------
0.812359 0.955392 latency
        0.143033 skew

fall -> fall
    min     max
0.000000 0.000000 source latency
0.748315         network latency sram2048.u_bank1/CLK
        0.897058 network latency _5273_/CLK
---------------
0.748315 0.897058 latency
        0.148743 skew



===========================================================================
report_clock_min_period
============================================================================
clk period_min = 11.17 fmax = 89.49
