
===========================================================================
 report_power
============================================================================
======================= nom_tt_025C_3v30 Corner ===================================

Group                    Internal    Switching      Leakage        Total
                            Power        Power        Power        Power (Watts)
------------------------------------------------------------------------
Sequential           0.000000e+00 5.774348e-05 0.000000e+00 5.774348e-05   0.3%
Combinational        1.589424e-03 1.017479e-03 0.000000e+00 2.606903e-03  15.5%
Clock                3.156698e-03 2.001698e-03 0.000000e+00 5.158396e-03  30.7%
Macro                9.005347e-03 0.000000e+00 5.433186e-07 9.005890e-03  53.5%
Pad                  0.000000e+00 0.000000e+00 0.000000e+00 0.000000e+00   0.0%
------------------------------------------------------------------------
Total                1.375146e-02 3.076921e-03 5.433186e-07 1.682893e-02 100.0%
                            81.7%        18.3%         0.0%

