Clock: clk
Sources: clk 
Generated: no
Virtual: yes
Propagated: no
Period: 40.000000

===========================================================================
report_clock_properties
============================================================================
Clock                   Period          Waveform
----------------------------------------------------
clk                  40.000000    0.000000 20.000000

===========================================================================
report_clock_latency
============================================================================
Clock clk
rise -> rise
    min     max
0.000000 0.000000 source latency
0.641255         network latency sram2048.u_bank1/CLK
        0.763322 network latency _5273_/CLK
---------------
0.641255 0.763322 latency
        0.122066 skew

fall -> fall
    min     max
0.000000 0.000000 source latency
0.593426         network latency sram2048.u_bank1/CLK
        0.722027 network latency _5273_/CLK
---------------
0.593426 0.722027 latency
        0.128601 skew



===========================================================================
report_clock_min_period
============================================================================
clk period_min = 7.38 fmax = 135.58
