
===========================================================================
 report_power
============================================================================
======================= nom_ff_n40C_3v60 Corner ===================================

Group                    Internal    Switching      Leakage        Total
                            Power        Power        Power        Power (Watts)
------------------------------------------------------------------------
Sequential           0.000000e+00 6.820594e-05 0.000000e+00 6.820594e-05   0.3%
Combinational        1.917394e-03 1.196821e-03 0.000000e+00 3.114216e-03  15.6%
Clock                3.750572e-03 2.332276e-03 0.000000e+00 6.082847e-03  30.5%
Macro                1.069630e-02 0.000000e+00 6.450625e-07 1.069694e-02  53.6%
Pad                  0.000000e+00 0.000000e+00 0.000000e+00 0.000000e+00   0.0%
------------------------------------------------------------------------
Total                1.636426e-02 3.597303e-03 6.450625e-07 1.996221e-02 100.0%
                            82.0%        18.0%         0.0%

