
===========================================================================
report_checks -unconstrained
===========================================================================
======================= nom_ff_n40C_3v60 Corner ===================================

Startpoint: sram2048.u_bank1 (rising edge-triggered flip-flop clocked by clk)
Endpoint: dft_rdata[0] (output port clocked by clk)
Path Group: clk
Path Type: max

Fanout         Cap        Slew       Delay        Time   Description
---------------------------------------------------------------------------------------------
                      0.150000    0.000000    0.000000   clock clk (rise edge)
                                  0.000000    0.000000   clock network delay (ideal)
                      0.150000    0.000000    0.000000 ^ sram2048.u_bank1/CLK (gf180mcu_ocd_ip_sram__sram1024x8m8wm1)
     1    0.004365    0.131442    4.232760    4.232760 v sram2048.u_bank1/Q[0] (gf180mcu_ocd_ip_sram__sram1024x8m8wm1)
                                                         sram2048.q_bank1[0] (net)
                      0.131442    0.000000    4.232760 v _2478_/B (gf180mcu_as_sc_mcu7t3v3__mux2_2)
     9    0.043354    0.081828    0.276940    4.509700 v _2478_/Y (gf180mcu_as_sc_mcu7t3v3__mux2_2)
                                                         core_inst.rf_mem_if.o_wb_rdt[24] (net)
                      0.081828    0.000000    4.509700 v _5478_/A (gf180mcu_as_sc_mcu7t3v3__buff_2)
     1    0.072910    0.094295    0.196822    4.706522 v _5478_/Y (gf180mcu_as_sc_mcu7t3v3__buff_2)
                                                         dft_rdata[0] (net)
                      0.094295    0.000000    4.706522 v dft_rdata[0] (out)
                                              4.706522   data arrival time

                      0.150000   40.000000   40.000000   clock clk (rise edge)
                                  0.000000   40.000000   clock network delay (ideal)
                                 -0.250000   39.750000   clock uncertainty
                                  0.000000   39.750000   clock reconvergence pessimism
                                 -8.000000   31.750000   output external delay
                                             31.750000   data required time
---------------------------------------------------------------------------------------------
                                             31.750000   data required time
                                             -4.706522   data arrival time
---------------------------------------------------------------------------------------------
                                             27.043478   slack (MET)




===========================================================================
report_checks --slack_max -0.01
============================================================================
======================= nom_ff_n40C_3v60 Corner ===================================

No paths found.


===========================================================================
 report_check_types -max_slew -max_cap -max_fanout -violators
============================================================================
======================= nom_ff_n40C_3v60 Corner ===================================

max slew

Pin                                        Limit        Slew       Slack
------------------------------------------------------------------------
_3559_/Y                                1.500000    1.622585   -0.122585 (VIOLATED)
_3572_/C                                1.500000    1.622585   -0.122585 (VIOLATED)
_3573_/B                                1.500000    1.622585   -0.122585 (VIOLATED)
_3578_/D                                1.500000    1.622585   -0.122585 (VIOLATED)
_3580_/B                                1.500000    1.622585   -0.122585 (VIOLATED)
_3585_/D                                1.500000    1.622585   -0.122585 (VIOLATED)
_3587_/B                                1.500000    1.622585   -0.122585 (VIOLATED)
_3593_/C                                1.500000    1.622585   -0.122585 (VIOLATED)
_3594_/B                                1.500000    1.622585   -0.122585 (VIOLATED)
_3599_/D                                1.500000    1.622585   -0.122585 (VIOLATED)
_3601_/B                                1.500000    1.622585   -0.122585 (VIOLATED)
_3607_/C                                1.500000    1.622585   -0.122585 (VIOLATED)
_3608_/B                                1.500000    1.622585   -0.122585 (VIOLATED)
_3616_/B                                1.500000    1.622585   -0.122585 (VIOLATED)
_3629_/D                                1.500000    1.622585   -0.122585 (VIOLATED)
_3631_/B                                1.500000    1.622585   -0.122585 (VIOLATED)
_3639_/B                                1.500000    1.622585   -0.122585 (VIOLATED)
_3647_/B                                1.500000    1.622585   -0.122585 (VIOLATED)
_3652_/D                                1.500000    1.622585   -0.122585 (VIOLATED)
_3654_/B                                1.500000    1.622585   -0.122585 (VIOLATED)
_3659_/D                                1.500000    1.622585   -0.122585 (VIOLATED)
_3661_/B                                1.500000    1.622585   -0.122585 (VIOLATED)
_3669_/B                                1.500000    1.622585   -0.122585 (VIOLATED)
_3675_/C                                1.500000    1.622585   -0.122585 (VIOLATED)
_3676_/B                                1.500000    1.622585   -0.122585 (VIOLATED)
_3684_/B                                1.500000    1.622585   -0.122585 (VIOLATED)
_3692_/B                                1.500000    1.622585   -0.122585 (VIOLATED)
_3697_/D                                1.500000    1.622585   -0.122585 (VIOLATED)
_3699_/B                                1.500000    1.622585   -0.122585 (VIOLATED)
_3707_/B                                1.500000    1.622585   -0.122585 (VIOLATED)
_3715_/B                                1.500000    1.622585   -0.122585 (VIOLATED)
_3723_/B                                1.500000    1.622585   -0.122585 (VIOLATED)
_3731_/B                                1.500000    1.622585   -0.122585 (VIOLATED)
_3739_/B                                1.500000    1.622585   -0.122585 (VIOLATED)
_3744_/D                                1.500000    1.622585   -0.122585 (VIOLATED)
_3746_/B                                1.500000    1.622585   -0.122585 (VIOLATED)
_3752_/C                                1.500000    1.622585   -0.122585 (VIOLATED)
_3753_/B                                1.500000    1.622585   -0.122585 (VIOLATED)
_3758_/D                                1.500000    1.622585   -0.122585 (VIOLATED)
_3760_/B                                1.500000    1.622585   -0.122585 (VIOLATED)
_3774_/C                                1.500000    1.622585   -0.122585 (VIOLATED)
_3775_/B                                1.500000    1.622585   -0.122585 (VIOLATED)
_3802_/C                                1.500000    1.622585   -0.122585 (VIOLATED)
_3803_/B                                1.500000    1.622585   -0.122585 (VIOLATED)

max fanout

Pin                                   Limit Fanout  Slack
---------------------------------------------------------
rst                                       9     94    -85 (VIOLATED)
_5094_/Q                                  9     85    -76 (VIOLATED)
_5095_/Q                                  9     56    -47 (VIOLATED)
_3284_/Y                                  9     44    -35 (VIOLATED)
_3559_/Y                                  9     43    -34 (VIOLATED)
_2945_/Y                                  9     42    -33 (VIOLATED)
_2852_/Y                                  9     38    -29 (VIOLATED)
_2857_/Y                                  9     37    -28 (VIOLATED)
dft_mode                                  9     36    -27 (VIOLATED)
_2903_/Y                                  9     36    -27 (VIOLATED)
_2909_/Y                                  9     35    -26 (VIOLATED)
_2541_/Y                                  9     34    -25 (VIOLATED)
_3921_/Y                                  9     34    -25 (VIOLATED)
_2947_/Y                                  9     33    -24 (VIOLATED)
_3286_/Y                                  9     33    -24 (VIOLATED)
_3874_/Y                                  9     33    -24 (VIOLATED)
_4593_/Y                                  9     33    -24 (VIOLATED)
_2928_/Y                                  9     32    -23 (VIOLATED)
_4594_/Y                                  9     32    -23 (VIOLATED)
_2930_/Y                                  9     31    -22 (VIOLATED)
_2931_/Y                                  9     31    -22 (VIOLATED)
_3542_/Y                                  9     31    -22 (VIOLATED)
_3556_/Y                                  9     31    -22 (VIOLATED)
_2894_/Y                                  9     30    -21 (VIOLATED)
_3250_/Y                                  9     30    -21 (VIOLATED)
_3561_/Y                                  9     30    -21 (VIOLATED)
_3825_/Y                                  9     30    -21 (VIOLATED)
_3912_/Y                                  9     30    -21 (VIOLATED)
_4167_/Y                                  9     30    -21 (VIOLATED)
_4198_/Y                                  9     30    -21 (VIOLATED)
_4338_/Y                                  9     30    -21 (VIOLATED)
_3262_/Y                                  9     29    -20 (VIOLATED)
_3267_/Y                                  9     29    -20 (VIOLATED)
_3268_/Y                                  9     29    -20 (VIOLATED)
_3272_/Y                                  9     29    -20 (VIOLATED)
_3278_/Y                                  9     29    -20 (VIOLATED)
_3562_/Y                                  9     29    -20 (VIOLATED)
_3563_/Y                                  9     29    -20 (VIOLATED)
_3564_/Y                                  9     29    -20 (VIOLATED)
_3913_/Y                                  9     29    -20 (VIOLATED)
_3919_/Y                                  9     29    -20 (VIOLATED)
_3923_/Y                                  9     29    -20 (VIOLATED)
_3924_/Y                                  9     29    -20 (VIOLATED)
_3927_/Y                                  9     29    -20 (VIOLATED)
_3928_/Y                                  9     29    -20 (VIOLATED)
_3931_/Y                                  9     29    -20 (VIOLATED)
_3932_/Y                                  9     29    -20 (VIOLATED)
_4168_/Y                                  9     29    -20 (VIOLATED)
_4199_/Y                                  9     29    -20 (VIOLATED)
_2902_/Y                                  9     28    -19 (VIOLATED)
_2948_/Y                                  9     28    -19 (VIOLATED)
_3270_/Y                                  9     28    -19 (VIOLATED)
_3566_/Y                                  9     28    -19 (VIOLATED)
_3929_/Y                                  9     28    -19 (VIOLATED)
_4347_/Y                                  9     27    -18 (VIOLATED)
_2394_/Y                                  9     26    -17 (VIOLATED)
_4333_/Y                                  9     26    -17 (VIOLATED)
_4334_/Y                                  9     24    -15 (VIOLATED)
_2560_/Y                                  9     22    -13 (VIOLATED)
_5225_/Q                                  9     20    -11 (VIOLATED)
_3569_/Y                                  9     19    -10 (VIOLATED)
_3909_/Y                                  9     19    -10 (VIOLATED)
_2677_/Y                                  9     17     -8 (VIOLATED)
_5098_/Q                                  9     17     -8 (VIOLATED)
_2591_/Y                                  9     16     -7 (VIOLATED)
_2681_/Y                                  9     16     -7 (VIOLATED)
_2564_/Y                                  9     15     -6 (VIOLATED)
_2576_/Y                                  9     15     -6 (VIOLATED)
_3560_/Y                                  9     15     -6 (VIOLATED)
_2858_/Y                                  9     14     -5 (VIOLATED)
_3550_/Y                                  9     14     -5 (VIOLATED)
_5223_/Q                                  9     13     -4 (VIOLATED)
_2567_/Y                                  9     12     -3 (VIOLATED)
_2946_/Y                                  9     12     -3 (VIOLATED)
_3532_/Y                                  9     12     -3 (VIOLATED)
_3910_/Y                                  9     12     -3 (VIOLATED)
_3922_/Y                                  9     12     -3 (VIOLATED)
_4974_/Q                                  9     12     -3 (VIOLATED)
_4975_/Q                                  9     12     -3 (VIOLATED)
_2599_/Y                                  9     11     -2 (VIOLATED)
_5224_/Q                                  9     11     -2 (VIOLATED)
_2402_/Y                                  9     10        (VIOLATED)
_2561_/Y                                  9     10        (VIOLATED)
_4664_/Y                                  9     10        (VIOLATED)
_5221_/Q                                  9     10        (VIOLATED)
_5228_/Q                                  9     10        (VIOLATED)
_5271_/Q                                  9     10        (VIOLATED)

max capacitance

Pin                                        Limit         Cap       Slack
------------------------------------------------------------------------
_5094_/Q                                0.200000    0.646133   -0.446133 (VIOLATED)
rst                                     0.200000    0.571794   -0.371794 (VIOLATED)
_5095_/Q                                0.200000    0.356825   -0.156825 (VIOLATED)
_3284_/Y                                0.200000    0.345943   -0.145943 (VIOLATED)
_2945_/Y                                0.200000    0.337680   -0.137680 (VIOLATED)
_2541_/Y                                0.200000    0.324973   -0.124973 (VIOLATED)
_3825_/Y                                0.200000    0.301042   -0.101042 (VIOLATED)
_2894_/Y                                0.200000    0.295717   -0.095717 (VIOLATED)
_3559_/Y                                0.200000    0.295009   -0.095009 (VIOLATED)
_2857_/Y                                0.200000    0.277996   -0.077996 (VIOLATED)
dft_mode                                0.200000    0.255009   -0.055009 (VIOLATED)
_3267_/Y                                0.200000    0.227529   -0.027529 (VIOLATED)
_3556_/Y                                0.200000    0.225016   -0.025016 (VIOLATED)
_4347_/Y                                0.200000    0.214091   -0.014091 (VIOLATED)
_3921_/Y                                0.200000    0.201661   -0.001661 (VIOLATED)



===========================================================================
report_parasitic_annotation -report_unannotated
============================================================================
Found 3429 unannotated drivers.
 boot_addr[0]
 boot_addr[10]
 boot_addr[1]
 boot_addr[2]
 boot_addr[3]
 boot_addr[4]
 boot_addr[5]
 boot_addr[6]
 boot_addr[7]
 boot_addr[8]
 boot_addr[9]
 boot_data[0]
 boot_data[1]
 boot_data[2]
 boot_data[3]
 boot_data[4]
 boot_data[5]
 boot_data[6]
 boot_data[7]
 boot_mode
 boot_wen
 clk
 dft_addr[0]
 dft_addr[10]
 dft_addr[1]
 dft_addr[2]
 dft_addr[3]
 dft_addr[4]
 dft_addr[5]
 dft_addr[6]
 dft_addr[7]
 dft_addr[8]
 dft_addr[9]
 dft_ce
 dft_mode
 dft_wdata[0]
 dft_wdata[1]
 dft_wdata[2]
 dft_wdata[3]
 dft_wdata[4]
 dft_wdata[5]
 dft_wdata[6]
 dft_wdata[7]
 dft_we
 east_in[0]
 east_in[10]
 east_in[11]
 east_in[12]
 east_in[13]
 east_in[14]
 east_in[15]
 east_in[16]
 east_in[17]
 east_in[18]
 east_in[19]
 east_in[1]
 east_in[20]
 east_in[21]
 east_in[22]
 east_in[23]
 east_in[24]
 east_in[25]
 east_in[26]
 east_in[27]
 east_in[28]
 east_in[29]
 east_in[2]
 east_in[30]
 east_in[31]
 east_in[32]
 east_in[33]
 east_in[3]
 east_in[4]
 east_in[5]
 east_in[6]
 east_in[7]
 east_in[8]
 east_in[9]
 ne_in[0]
 ne_in[10]
 ne_in[11]
 ne_in[12]
 ne_in[13]
 ne_in[14]
 ne_in[15]
 ne_in[16]
 ne_in[17]
 ne_in[18]
 ne_in[19]
 ne_in[1]
 ne_in[20]
 ne_in[21]
 ne_in[22]
 ne_in[23]
 ne_in[24]
 ne_in[25]
 ne_in[26]
 ne_in[27]
 ne_in[28]
 ne_in[29]
 ne_in[2]
 ne_in[30]
 ne_in[31]
 ne_in[32]
 ne_in[33]
 ne_in[3]
 ne_in[4]
 ne_in[5]
 ne_in[6]
 ne_in[7]
 ne_in[8]
 ne_in[9]
 north_in[0]
 north_in[10]
 north_in[11]
 north_in[12]
 north_in[13]
 north_in[14]
 north_in[15]
 north_in[16]
 north_in[17]
 north_in[18]
 north_in[19]
 north_in[1]
 north_in[20]
 north_in[21]
 north_in[22]
 north_in[23]
 north_in[24]
 north_in[25]
 north_in[26]
 north_in[27]
 north_in[28]
 north_in[29]
 north_in[2]
 north_in[30]
 north_in[31]
 north_in[32]
 north_in[33]
 north_in[3]
 north_in[4]
 north_in[5]
 north_in[6]
 north_in[7]
 north_in[8]
 north_in[9]
 nw_in[0]
 nw_in[10]
 nw_in[11]
 nw_in[12]
 nw_in[13]
 nw_in[14]
 nw_in[15]
 nw_in[16]
 nw_in[17]
 nw_in[18]
 nw_in[19]
 nw_in[1]
 nw_in[20]
 nw_in[21]
 nw_in[22]
 nw_in[23]
 nw_in[24]
 nw_in[25]
 nw_in[26]
 nw_in[27]
 nw_in[28]
 nw_in[29]
 nw_in[2]
 nw_in[30]
 nw_in[31]
 nw_in[32]
 nw_in[33]
 nw_in[3]
 nw_in[4]
 nw_in[5]
 nw_in[6]
 nw_in[7]
 nw_in[8]
 nw_in[9]
 rst
 se_in[0]
 se_in[10]
 se_in[11]
 se_in[12]
 se_in[13]
 se_in[14]
 se_in[15]
 se_in[16]
 se_in[17]
 se_in[18]
 se_in[19]
 se_in[1]
 se_in[20]
 se_in[21]
 se_in[22]
 se_in[23]
 se_in[24]
 se_in[25]
 se_in[26]
 se_in[27]
 se_in[28]
 se_in[29]
 se_in[2]
 se_in[30]
 se_in[31]
 se_in[32]
 se_in[33]
 se_in[3]
 se_in[4]
 se_in[5]
 se_in[6]
 se_in[7]
 se_in[8]
 se_in[9]
 south_in[0]
 south_in[10]
 south_in[11]
 south_in[12]
 south_in[13]
 south_in[14]
 south_in[15]
 south_in[16]
 south_in[17]
 south_in[18]
 south_in[19]
 south_in[1]
 south_in[20]
 south_in[21]
 south_in[22]
 south_in[23]
 south_in[24]
 south_in[25]
 south_in[26]
 south_in[27]
 south_in[28]
 south_in[29]
 south_in[2]
 south_in[30]
 south_in[31]
 south_in[32]
 south_in[33]
 south_in[3]
 south_in[4]
 south_in[5]
 south_in[6]
 south_in[7]
 south_in[8]
 south_in[9]
 sw_in[0]
 sw_in[10]
 sw_in[11]
 sw_in[12]
 sw_in[13]
 sw_in[14]
 sw_in[15]
 sw_in[16]
 sw_in[17]
 sw_in[18]
 sw_in[19]
 sw_in[1]
 sw_in[20]
 sw_in[21]
 sw_in[22]
 sw_in[23]
 sw_in[24]
 sw_in[25]
 sw_in[26]
 sw_in[27]
 sw_in[28]
 sw_in[29]
 sw_in[2]
 sw_in[30]
 sw_in[31]
 sw_in[32]
 sw_in[33]
 sw_in[3]
 sw_in[4]
 sw_in[5]
 sw_in[6]
 sw_in[7]
 sw_in[8]
 sw_in[9]
 west_in[0]
 west_in[10]
 west_in[11]
 west_in[12]
 west_in[13]
 west_in[14]
 west_in[15]
 west_in[16]
 west_in[17]
 west_in[18]
 west_in[19]
 west_in[1]
 west_in[20]
 west_in[21]
 west_in[22]
 west_in[23]
 west_in[24]
 west_in[25]
 west_in[26]
 west_in[27]
 west_in[28]
 west_in[29]
 west_in[2]
 west_in[30]
 west_in[31]
 west_in[32]
 west_in[33]
 west_in[3]
 west_in[4]
 west_in[5]
 west_in[6]
 west_in[7]
 west_in[8]
 west_in[9]
 _2390_/Y
 _2391_/Y
 _2392_/Y
 _2393_/Y
 _2394_/Y
 _2395_/Y
 _2396_/Y
 _2397_/Y
 _2398_/Y
 _2399_/Y
 _2400_/Y
 _2401_/Y
 _2402_/Y
 _2403_/Y
 _2404_/Y
 _2405_/Y
 _2406_/Y
 _2407_/Y
 _2408_/Y
 _2409_/Y
 _2410_/Y
 _2411_/Y
 _2412_/Y
 _2413_/Y
 _2414_/Y
 _2415_/Y
 _2416_/Y
 _2417_/Y
 _2418_/Y
 _2419_/Y
 _2420_/Y
 _2421_/Y
 _2422_/Y
 _2423_/Y
 _2424_/Y
 _2425_/Y
 _2426_/Y
 _2427_/Y
 _2428_/Y
 _2429_/Y
 _2430_/Y
 _2431_/Y
 _2432_/Y
 _2433_/Y
 _2434_/Y
 _2435_/Y
 _2436_/Y
 _2437_/Y
 _2438_/Y
 _2439_/Y
 _2440_/Y
 _2441_/Y
 _2442_/Y
 _2443_/Y
 _2444_/Y
 _2445_/Y
 _2446_/Y
 _2447_/Y
 _2448_/Y
 _2449_/Y
 _2450_/Y
 _2451_/Y
 _2452_/Y
 _2453_/Y
 _2454_/Y
 _2455_/Y
 _2456_/Y
 _2457_/Y
 _2458_/Y
 _2459_/Y
 _2460_/Y
 _2461_/Y
 _2462_/Y
 _2463_/Y
 _2464_/Y
 _2465_/Y
 _2466_/Y
 _2467_/Y
 _2468_/Y
 _2469_/Y
 _2470_/Y
 _2471_/Y
 _2472_/Y
 _2473_/Y
 _2474_/Y
 _2475_/Y
 _2476_/Y
 _2477_/Y
 _2478_/Y
 _2479_/Y
 _2480_/Y
 _2481_/Y
 _2482_/Y
 _2483_/Y
 _2484_/Y
 _2485_/Y
 _2486_/Y
 _2487_/Y
 _2488_/Y
 _2489_/Y
 _2490_/Y
 _2491_/Y
 _2492_/Y
 _2493_/Y
 _2494_/Y
 _2495_/Y
 _2496_/Y
 _2497_/Y
 _2498_/Y
 _2499_/Y
 _2500_/Y
 _2501_/Y
 _2502_/Y
 _2503_/Y
 _2504_/Y
 _2505_/Y
 _2506_/Y
 _2507_/Y
 _2508_/Y
 _2509_/Y
 _2510_/Y
 _2511_/Y
 _2512_/Y
 _2513_/Y
 _2514_/Y
 _2515_/Y
 _2516_/Y
 _2517_/Y
 _2518_/Y
 _2519_/Y
 _2520_/Y
 _2521_/Y
 _2522_/Y
 _2523_/Y
 _2524_/Y
 _2525_/Y
 _2526_/Y
 _2527_/Y
 _2528_/Y
 _2529_/Y
 _2530_/Y
 _2531_/Y
 _2532_/Y
 _2533_/Y
 _2534_/Y
 _2535_/Y
 _2536_/Y
 _2537_/Y
 _2538_/Y
 _2539_/Y
 _2540_/Y
 _2541_/Y
 _2542_/Y
 _2543_/Y
 _2544_/Y
 _2545_/Y
 _2546_/Y
 _2547_/Y
 _2548_/Y
 _2549_/Y
 _2550_/Y
 _2551_/Y
 _2552_/Y
 _2553_/Y
 _2554_/Y
 _2555_/Y
 _2556_/Y
 _2557_/Y
 _2558_/Y
 _2559_/Y
 _2560_/Y
 _2561_/Y
 _2562_/Y
 _2563_/Y
 _2564_/Y
 _2565_/Y
 _2566_/Y
 _2567_/Y
 _2568_/Y
 _2569_/Y
 _2570_/Y
 _2571_/Y
 _2572_/Y
 _2573_/Y
 _2574_/Y
 _2575_/Y
 _2576_/Y
 _2577_/Y
 _2578_/Y
 _2579_/Y
 _2580_/Y
 _2581_/Y
 _2582_/Y
 _2583_/Y
 _2584_/Y
 _2585_/Y
 _2586_/Y
 _2587_/Y
 _2588_/Y
 _2589_/Y
 _2590_/Y
 _2591_/Y
 _2592_/Y
 _2593_/Y
 _2594_/Y
 _2595_/Y
 _2596_/Y
 _2597_/Y
 _2598_/Y
 _2599_/Y
 _2600_/Y
 _2601_/Y
 _2602_/Y
 _2603_/Y
 _2604_/Y
 _2605_/Y
 _2606_/Y
 _2607_/Y
 _2608_/Y
 _2609_/Y
 _2610_/Y
 _2611_/Y
 _2612_/Y
 _2613_/Y
 _2614_/Y
 _2615_/Y
 _2616_/Y
 _2617_/Y
 _2618_/Y
 _2619_/Y
 _2620_/Y
 _2621_/Y
 _2622_/Y
 _2623_/Y
 _2624_/Y
 _2625_/Y
 _2626_/Y
 _2627_/Y
 _2628_/Y
 _2629_/Y
 _2630_/Y
 _2631_/Y
 _2632_/Y
 _2633_/Y
 _2634_/Y
 _2635_/Y
 _2636_/Y
 _2637_/Y
 _2638_/Y
 _2639_/Y
 _2640_/Y
 _2641_/Y
 _2642_/Y
 _2643_/Y
 _2644_/Y
 _2645_/Y
 _2646_/Y
 _2647_/Y
 _2648_/Y
 _2649_/Y
 _2650_/Y
 _2651_/Y
 _2652_/Y
 _2653_/Y
 _2654_/Y
 _2655_/Y
 _2656_/Y
 _2657_/Y
 _2658_/Y
 _2659_/Y
 _2660_/Y
 _2661_/Y
 _2662_/Y
 _2663_/Y
 _2664_/Y
 _2665_/Y
 _2666_/Y
 _2667_/Y
 _2668_/Y
 _2669_/Y
 _2670_/Y
 _2671_/Y
 _2672_/Y
 _2673_/Y
 _2674_/Y
 _2675_/Y
 _2676_/Y
 _2677_/Y
 _2678_/Y
 _2679_/Y
 _2680_/Y
 _2681_/Y
 _2682_/Y
 _2683_/Y
 _2684_/Y
 _2685_/Y
 _2686_/Y
 _2687_/Y
 _2688_/Y
 _2689_/Y
 _2690_/Y
 _2691_/Y
 _2692_/Y
 _2693_/Y
 _2694_/Y
 _2695_/Y
 _2696_/Y
 _2697_/Y
 _2698_/Y
 _2699_/Y
 _2700_/Y
 _2701_/Y
 _2702_/Y
 _2703_/Y
 _2704_/Y
 _2705_/Y
 _2706_/Y
 _2707_/Y
 _2708_/Y
 _2709_/Y
 _2710_/Y
 _2711_/Y
 _2712_/Y
 _2713_/Y
 _2714_/Y
 _2715_/Y
 _2716_/Y
 _2717_/Y
 _2718_/Y
 _2719_/Y
 _2720_/Y
 _2721_/Y
 _2722_/Y
 _2723_/Y
 _2724_/Y
 _2725_/Y
 _2726_/Y
 _2727_/Y
 _2728_/Y
 _2729_/Y
 _2730_/Y
 _2731_/Y
 _2732_/Y
 _2733_/Y
 _2734_/Y
 _2735_/Y
 _2736_/Y
 _2737_/Y
 _2738_/Y
 _2739_/Y
 _2740_/Y
 _2741_/Y
 _2742_/Y
 _2743_/Y
 _2744_/Y
 _2745_/Y
 _2746_/Y
 _2747_/Y
 _2748_/Y
 _2749_/Y
 _2750_/Y
 _2751_/Y
 _2752_/Y
 _2753_/Y
 _2754_/Y
 _2755_/Y
 _2756_/Y
 _2757_/Y
 _2758_/Y
 _2759_/Y
 _2760_/Y
 _2761_/Y
 _2762_/Y
 _2763_/Y
 _2764_/Y
 _2765_/Y
 _2766_/Y
 _2767_/Y
 _2768_/Y
 _2769_/Y
 _2770_/Y
 _2771_/Y
 _2772_/Y
 _2773_/Y
 _2774_/Y
 _2775_/Y
 _2776_/Y
 _2777_/Y
 _2778_/Y
 _2779_/Y
 _2780_/Y
 _2781_/Y
 _2782_/Y
 _2783_/Y
 _2784_/Y
 _2785_/Y
 _2786_/Y
 _2787_/Y
 _2788_/Y
 _2789_/Y
 _2790_/Y
 _2791_/Y
 _2792_/Y
 _2793_/Y
 _2794_/Y
 _2795_/Y
 _2796_/Y
 _2797_/Y
 _2798_/Y
 _2799_/Y
 _2800_/Y
 _2801_/Y
 _2802_/Y
 _2803_/Y
 _2804_/Y
 _2805_/Y
 _2806_/Y
 _2807_/Y
 _2808_/Y
 _2809_/Y
 _2810_/Y
 _2811_/Y
 _2812_/Y
 _2813_/Y
 _2814_/Y
 _2815_/Y
 _2816_/Y
 _2817_/Y
 _2818_/Y
 _2819_/Y
 _2820_/Y
 _2821_/Y
 _2822_/Y
 _2823_/Y
 _2824_/Y
 _2825_/Y
 _2826_/Y
 _2827_/Y
 _2828_/Y
 _2829_/Y
 _2830_/Y
 _2831_/Y
 _2832_/Y
 _2833_/Y
 _2834_/Y
 _2835_/Y
 _2836_/Y
 _2837_/Y
 _2838_/Y
 _2839_/Y
 _2840_/Y
 _2841_/Y
 _2842_/Y
 _2843_/Y
 _2844_/Y
 _2845_/Y
 _2846_/Y
 _2847_/Y
 _2848_/Y
 _2849_/Y
 _2850_/Y
 _2851_/Y
 _2852_/Y
 _2853_/Y
 _2854_/Y
 _2855_/Y
 _2856_/Y
 _2857_/Y
 _2858_/Y
 _2859_/Y
 _2860_/Y
 _2861_/Y
 _2862_/Y
 _2863_/Y
 _2864_/Y
 _2865_/Y
 _2866_/Y
 _2867_/Y
 _2868_/Y
 _2869_/Y
 _2870_/Y
 _2871_/Y
 _2872_/Y
 _2873_/Y
 _2874_/Y
 _2875_/Y
 _2876_/Y
 _2877_/Y
 _2878_/Y
 _2879_/Y
 _2880_/Y
 _2881_/Y
 _2882_/Y
 _2883_/Y
 _2884_/Y
 _2885_/Y
 _2886_/Y
 _2887_/Y
 _2888_/Y
 _2889_/Y
 _2890_/Y
 _2891_/Y
 _2892_/Y
 _2893_/Y
 _2894_/Y
 _2895_/Y
 _2896_/Y
 _2897_/Y
 _2898_/Y
 _2899_/Y
 _2900_/Y
 _2901_/Y
 _2902_/Y
 _2903_/Y
 _2904_/Y
 _2905_/Y
 _2906_/Y
 _2907_/Y
 _2908_/Y
 _2909_/Y
 _2910_/Y
 _2911_/Y
 _2912_/Y
 _2913_/Y
 _2914_/Y
 _2915_/Y
 _2916_/Y
 _2917_/Y
 _2918_/Y
 _2919_/Y
 _2920_/Y
 _2921_/Y
 _2922_/Y
 _2923_/Y
 _2924_/Y
 _2925_/Y
 _2926_/Y
 _2927_/Y
 _2928_/Y
 _2929_/Y
 _2930_/Y
 _2931_/Y
 _2932_/Y
 _2933_/Y
 _2934_/Y
 _2935_/Y
 _2936_/Y
 _2937_/Y
 _2938_/Y
 _2939_/Y
 _2940_/Y
 _2941_/Y
 _2942_/Y
 _2943_/Y
 _2944_/Y
 _2945_/Y
 _2946_/Y
 _2947_/Y
 _2948_/Y
 _2949_/Y
 _2950_/Y
 _2951_/Y
 _2952_/Y
 _2953_/Y
 _2954_/Y
 _2955_/Y
 _2956_/Y
 _2957_/Y
 _2958_/Y
 _2959_/Y
 _2960_/Y
 _2961_/Y
 _2962_/Y
 _2963_/Y
 _2964_/Y
 _2965_/Y
 _2966_/Y
 _2967_/Y
 _2968_/Y
 _2969_/Y
 _2970_/Y
 _2971_/Y
 _2972_/Y
 _2973_/Y
 _2974_/Y
 _2975_/Y
 _2976_/Y
 _2977_/Y
 _2978_/Y
 _2979_/Y
 _2980_/Y
 _2981_/Y
 _2982_/Y
 _2983_/Y
 _2984_/Y
 _2985_/Y
 _2986_/Y
 _2987_/Y
 _2988_/Y
 _2989_/Y
 _2990_/Y
 _2991_/Y
 _2992_/Y
 _2993_/Y
 _2994_/Y
 _2995_/Y
 _2996_/Y
 _2997_/Y
 _2998_/Y
 _2999_/Y
 _3000_/Y
 _3001_/Y
 _3002_/Y
 _3003_/Y
 _3004_/Y
 _3005_/Y
 _3006_/Y
 _3007_/Y
 _3008_/Y
 _3009_/Y
 _3010_/Y
 _3011_/Y
 _3012_/Y
 _3013_/Y
 _3014_/Y
 _3015_/Y
 _3016_/Y
 _3017_/Y
 _3018_/Y
 _3019_/Y
 _3020_/Y
 _3021_/Y
 _3022_/Y
 _3023_/Y
 _3024_/Y
 _3025_/Y
 _3026_/Y
 _3027_/Y
 _3028_/Y
 _3029_/Y
 _3030_/Y
 _3031_/Y
 _3032_/Y
 _3033_/Y
 _3034_/Y
 _3035_/Y
 _3036_/Y
 _3037_/Y
 _3038_/Y
 _3039_/Y
 _3040_/Y
 _3041_/Y
 _3042_/Y
 _3043_/Y
 _3044_/Y
 _3045_/Y
 _3046_/Y
 _3047_/Y
 _3048_/Y
 _3049_/Y
 _3050_/Y
 _3051_/Y
 _3052_/Y
 _3053_/Y
 _3054_/Y
 _3055_/Y
 _3056_/Y
 _3057_/Y
 _3058_/Y
 _3059_/Y
 _3060_/Y
 _3061_/Y
 _3062_/Y
 _3063_/Y
 _3064_/Y
 _3065_/Y
 _3066_/Y
 _3067_/Y
 _3068_/Y
 _3069_/Y
 _3070_/Y
 _3071_/Y
 _3072_/Y
 _3073_/Y
 _3074_/Y
 _3075_/Y
 _3076_/Y
 _3077_/Y
 _3078_/Y
 _3079_/Y
 _3080_/Y
 _3081_/Y
 _3082_/Y
 _3083_/Y
 _3084_/Y
 _3085_/Y
 _3086_/Y
 _3087_/Y
 _3088_/Y
 _3089_/Y
 _3090_/Y
 _3091_/Y
 _3092_/Y
 _3093_/Y
 _3094_/Y
 _3095_/Y
 _3096_/Y
 _3097_/Y
 _3098_/Y
 _3099_/Y
 _3100_/Y
 _3101_/Y
 _3102_/Y
 _3103_/Y
 _3104_/Y
 _3105_/Y
 _3106_/Y
 _3107_/Y
 _3108_/Y
 _3109_/Y
 _3110_/Y
 _3111_/Y
 _3112_/Y
 _3113_/Y
 _3114_/Y
 _3115_/Y
 _3116_/Y
 _3117_/Y
 _3118_/Y
 _3119_/Y
 _3120_/Y
 _3121_/Y
 _3122_/Y
 _3123_/Y
 _3124_/Y
 _3125_/Y
 _3126_/Y
 _3127_/Y
 _3128_/Y
 _3129_/Y
 _3130_/Y
 _3131_/Y
 _3132_/Y
 _3133_/Y
 _3134_/Y
 _3135_/Y
 _3136_/Y
 _3137_/Y
 _3138_/Y
 _3139_/Y
 _3140_/Y
 _3141_/Y
 _3142_/Y
 _3143_/Y
 _3144_/Y
 _3145_/Y
 _3146_/Y
 _3147_/Y
 _3148_/Y
 _3149_/Y
 _3150_/Y
 _3151_/Y
 _3152_/Y
 _3153_/Y
 _3154_/Y
 _3155_/Y
 _3156_/Y
 _3157_/Y
 _3158_/Y
 _3159_/Y
 _3160_/Y
 _3161_/Y
 _3162_/Y
 _3163_/Y
 _3164_/Y
 _3165_/Y
 _3166_/Y
 _3167_/Y
 _3168_/Y
 _3169_/Y
 _3170_/Y
 _3171_/Y
 _3172_/Y
 _3173_/Y
 _3174_/Y
 _3175_/Y
 _3176_/Y
 _3177_/Y
 _3178_/Y
 _3179_/Y
 _3180_/Y
 _3181_/Y
 _3182_/Y
 _3183_/Y
 _3184_/Y
 _3185_/Y
 _3186_/Y
 _3187_/Y
 _3188_/Y
 _3189_/Y
 _3190_/Y
 _3191_/Y
 _3192_/Y
 _3193_/Y
 _3194_/Y
 _3195_/Y
 _3196_/Y
 _3197_/Y
 _3198_/Y
 _3199_/Y
 _3200_/Y
 _3201_/Y
 _3202_/Y
 _3203_/Y
 _3204_/Y
 _3205_/Y
 _3206_/Y
 _3207_/Y
 _3208_/Y
 _3209_/Y
 _3210_/Y
 _3211_/Y
 _3212_/Y
 _3213_/Y
 _3214_/Y
 _3215_/Y
 _3216_/Y
 _3217_/Y
 _3218_/Y
 _3219_/Y
 _3220_/Y
 _3221_/Y
 _3222_/Y
 _3223_/Y
 _3224_/Y
 _3225_/Y
 _3226_/Y
 _3227_/Y
 _3228_/Y
 _3229_/Y
 _3230_/Y
 _3231_/Y
 _3232_/Y
 _3233_/Y
 _3234_/Y
 _3235_/Y
 _3236_/Y
 _3237_/Y
 _3238_/Y
 _3239_/Y
 _3240_/Y
 _3241_/Y
 _3242_/Y
 _3243_/Y
 _3244_/Y
 _3245_/Y
 _3246_/Y
 _3247_/Y
 _3248_/Y
 _3249_/Y
 _3250_/Y
 _3251_/Y
 _3252_/Y
 _3253_/Y
 _3254_/Y
 _3255_/Y
 _3256_/Y
 _3257_/Y
 _3258_/Y
 _3259_/Y
 _3260_/Y
 _3261_/Y
 _3262_/Y
 _3263_/Y
 _3264_/Y
 _3265_/Y
 _3266_/Y
 _3267_/Y
 _3268_/Y
 _3269_/Y
 _3270_/Y
 _3271_/Y
 _3272_/Y
 _3273_/Y
 _3274_/Y
 _3275_/Y
 _3276_/Y
 _3277_/Y
 _3278_/Y
 _3279_/Y
 _3280_/Y
 _3281_/Y
 _3282_/Y
 _3283_/Y
 _3284_/Y
 _3285_/Y
 _3286_/Y
 _3287_/Y
 _3288_/Y
 _3289_/Y
 _3290_/Y
 _3291_/Y
 _3292_/Y
 _3293_/Y
 _3294_/Y
 _3295_/Y
 _3296_/Y
 _3297_/Y
 _3298_/Y
 _3299_/Y
 _3300_/Y
 _3301_/Y
 _3302_/Y
 _3303_/Y
 _3304_/Y
 _3305_/Y
 _3306_/Y
 _3307_/Y
 _3308_/Y
 _3309_/Y
 _3310_/Y
 _3311_/Y
 _3312_/Y
 _3313_/Y
 _3314_/Y
 _3315_/Y
 _3316_/Y
 _3317_/Y
 _3318_/Y
 _3319_/Y
 _3320_/Y
 _3321_/Y
 _3322_/Y
 _3323_/Y
 _3324_/Y
 _3325_/Y
 _3326_/Y
 _3327_/Y
 _3328_/Y
 _3329_/Y
 _3330_/Y
 _3331_/Y
 _3332_/Y
 _3333_/Y
 _3334_/Y
 _3335_/Y
 _3336_/Y
 _3337_/Y
 _3338_/Y
 _3339_/Y
 _3340_/Y
 _3341_/Y
 _3342_/Y
 _3343_/Y
 _3344_/Y
 _3345_/Y
 _3346_/Y
 _3347_/Y
 _3348_/Y
 _3349_/Y
 _3350_/Y
 _3351_/Y
 _3352_/Y
 _3353_/Y
 _3354_/Y
 _3355_/Y
 _3356_/Y
 _3357_/Y
 _3358_/Y
 _3359_/Y
 _3360_/Y
 _3361_/Y
 _3362_/Y
 _3363_/Y
 _3364_/Y
 _3365_/Y
 _3366_/Y
 _3367_/Y
 _3368_/Y
 _3369_/Y
 _3370_/Y
 _3371_/Y
 _3372_/Y
 _3373_/Y
 _3374_/Y
 _3375_/Y
 _3376_/Y
 _3377_/Y
 _3378_/Y
 _3379_/Y
 _3380_/Y
 _3381_/Y
 _3382_/Y
 _3383_/Y
 _3384_/Y
 _3385_/Y
 _3386_/Y
 _3387_/Y
 _3388_/Y
 _3389_/Y
 _3390_/Y
 _3391_/Y
 _3392_/Y
 _3393_/Y
 _3394_/Y
 _3395_/Y
 _3396_/Y
 _3397_/Y
 _3398_/Y
 _3399_/Y
 _3400_/Y
 _3401_/Y
 _3402_/Y
 _3403_/Y
 _3404_/Y
 _3405_/Y
 _3406_/Y
 _3407_/Y
 _3408_/Y
 _3409_/Y
 _3410_/Y
 _3411_/Y
 _3412_/Y
 _3413_/Y
 _3414_/Y
 _3415_/Y
 _3416_/Y
 _3417_/Y
 _3418_/Y
 _3419_/Y
 _3420_/Y
 _3421_/Y
 _3422_/Y
 _3423_/Y
 _3424_/Y
 _3425_/Y
 _3426_/Y
 _3427_/Y
 _3428_/Y
 _3429_/Y
 _3430_/Y
 _3431_/Y
 _3432_/Y
 _3433_/Y
 _3434_/Y
 _3435_/Y
 _3436_/Y
 _3437_/Y
 _3438_/Y
 _3439_/Y
 _3440_/Y
 _3441_/Y
 _3442_/Y
 _3443_/Y
 _3444_/Y
 _3445_/Y
 _3446_/Y
 _3447_/Y
 _3448_/Y
 _3449_/Y
 _3450_/Y
 _3451_/Y
 _3452_/Y
 _3453_/Y
 _3454_/Y
 _3455_/Y
 _3456_/Y
 _3457_/Y
 _3458_/Y
 _3459_/Y
 _3460_/Y
 _3461_/Y
 _3462_/Y
 _3463_/Y
 _3464_/Y
 _3465_/Y
 _3466_/Y
 _3467_/Y
 _3468_/Y
 _3469_/Y
 _3470_/Y
 _3471_/Y
 _3472_/Y
 _3473_/Y
 _3474_/Y
 _3475_/Y
 _3476_/Y
 _3477_/Y
 _3478_/Y
 _3479_/Y
 _3480_/Y
 _3481_/Y
 _3482_/Y
 _3483_/Y
 _3484_/Y
 _3485_/Y
 _3486_/Y
 _3487_/Y
 _3488_/Y
 _3489_/Y
 _3490_/Y
 _3491_/Y
 _3492_/Y
 _3493_/Y
 _3494_/Y
 _3495_/Y
 _3496_/Y
 _3497_/Y
 _3498_/Y
 _3499_/Y
 _3500_/Y
 _3501_/Y
 _3502_/Y
 _3503_/Y
 _3504_/Y
 _3505_/Y
 _3506_/Y
 _3507_/Y
 _3508_/Y
 _3509_/Y
 _3510_/Y
 _3511_/Y
 _3512_/Y
 _3513_/Y
 _3514_/Y
 _3515_/Y
 _3516_/Y
 _3517_/Y
 _3518_/Y
 _3519_/Y
 _3520_/Y
 _3521_/Y
 _3522_/Y
 _3523_/Y
 _3524_/Y
 _3525_/Y
 _3526_/Y
 _3527_/Y
 _3528_/Y
 _3529_/Y
 _3530_/Y
 _3531_/Y
 _3532_/Y
 _3533_/Y
 _3534_/Y
 _3535_/Y
 _3536_/Y
 _3537_/Y
 _3538_/Y
 _3539_/Y
 _3540_/Y
 _3541_/Y
 _3542_/Y
 _3543_/Y
 _3544_/Y
 _3545_/Y
 _3546_/Y
 _3547_/Y
 _3548_/Y
 _3549_/Y
 _3550_/Y
 _3551_/Y
 _3552_/Y
 _3553_/Y
 _3554_/Y
 _3555_/Y
 _3556_/Y
 _3557_/Y
 _3558_/Y
 _3559_/Y
 _3560_/Y
 _3561_/Y
 _3562_/Y
 _3563_/Y
 _3564_/Y
 _3565_/Y
 _3566_/Y
 _3567_/Y
 _3568_/Y
 _3569_/Y
 _3570_/Y
 _3571_/Y
 _3572_/Y
 _3573_/Y
 _3574_/Y
 _3575_/Y
 _3576_/Y
 _3577_/Y
 _3578_/Y
 _3579_/Y
 _3580_/Y
 _3581_/Y
 _3582_/Y
 _3583_/Y
 _3584_/Y
 _3585_/Y
 _3586_/Y
 _3587_/Y
 _3588_/Y
 _3589_/Y
 _3590_/Y
 _3591_/Y
 _3592_/Y
 _3593_/Y
 _3594_/Y
 _3595_/Y
 _3596_/Y
 _3597_/Y
 _3598_/Y
 _3599_/Y
 _3600_/Y
 _3601_/Y
 _3602_/Y
 _3603_/Y
 _3604_/Y
 _3605_/Y
 _3606_/Y
 _3607_/Y
 _3608_/Y
 _3609_/Y
 _3610_/Y
 _3611_/Y
 _3612_/Y
 _3613_/Y
 _3614_/Y
 _3615_/Y
 _3616_/Y
 _3617_/Y
 _3618_/Y
 _3619_/Y
 _3620_/Y
 _3621_/Y
 _3622_/Y
 _3623_/Y
 _3624_/Y
 _3625_/Y
 _3626_/Y
 _3627_/Y
 _3628_/Y
 _3629_/Y
 _3630_/Y
 _3631_/Y
 _3632_/Y
 _3633_/Y
 _3634_/Y
 _3635_/Y
 _3636_/Y
 _3637_/Y
 _3638_/Y
 _3639_/Y
 _3640_/Y
 _3641_/Y
 _3642_/Y
 _3643_/Y
 _3644_/Y
 _3645_/Y
 _3646_/Y
 _3647_/Y
 _3648_/Y
 _3649_/Y
 _3650_/Y
 _3651_/Y
 _3652_/Y
 _3653_/Y
 _3654_/Y
 _3655_/Y
 _3656_/Y
 _3657_/Y
 _3658_/Y
 _3659_/Y
 _3660_/Y
 _3661_/Y
 _3662_/Y
 _3663_/Y
 _3664_/Y
 _3665_/Y
 _3666_/Y
 _3667_/Y
 _3668_/Y
 _3669_/Y
 _3670_/Y
 _3671_/Y
 _3672_/Y
 _3673_/Y
 _3674_/Y
 _3675_/Y
 _3676_/Y
 _3677_/Y
 _3678_/Y
 _3679_/Y
 _3680_/Y
 _3681_/Y
 _3682_/Y
 _3683_/Y
 _3684_/Y
 _3685_/Y
 _3686_/Y
 _3687_/Y
 _3688_/Y
 _3689_/Y
 _3690_/Y
 _3691_/Y
 _3692_/Y
 _3693_/Y
 _3694_/Y
 _3695_/Y
 _3696_/Y
 _3697_/Y
 _3698_/Y
 _3699_/Y
 _3700_/Y
 _3701_/Y
 _3702_/Y
 _3703_/Y
 _3704_/Y
 _3705_/Y
 _3706_/Y
 _3707_/Y
 _3708_/Y
 _3709_/Y
 _3710_/Y
 _3711_/Y
 _3712_/Y
 _3713_/Y
 _3714_/Y
 _3715_/Y
 _3716_/Y
 _3717_/Y
 _3718_/Y
 _3719_/Y
 _3720_/Y
 _3721_/Y
 _3722_/Y
 _3723_/Y
 _3724_/Y
 _3725_/Y
 _3726_/Y
 _3727_/Y
 _3728_/Y
 _3729_/Y
 _3730_/Y
 _3731_/Y
 _3732_/Y
 _3733_/Y
 _3734_/Y
 _3735_/Y
 _3736_/Y
 _3737_/Y
 _3738_/Y
 _3739_/Y
 _3740_/Y
 _3741_/Y
 _3742_/Y
 _3743_/Y
 _3744_/Y
 _3745_/Y
 _3746_/Y
 _3747_/Y
 _3748_/Y
 _3749_/Y
 _3750_/Y
 _3751_/Y
 _3752_/Y
 _3753_/Y
 _3754_/Y
 _3755_/Y
 _3756_/Y
 _3757_/Y
 _3758_/Y
 _3759_/Y
 _3760_/Y
 _3761_/Y
 _3762_/Y
 _3763_/Y
 _3764_/Y
 _3765_/Y
 _3766_/Y
 _3767_/Y
 _3768_/Y
 _3769_/Y
 _3770_/Y
 _3771_/Y
 _3772_/Y
 _3773_/Y
 _3774_/Y
 _3775_/Y
 _3776_/Y
 _3777_/Y
 _3778_/Y
 _3779_/Y
 _3780_/Y
 _3781_/Y
 _3782_/Y
 _3783_/Y
 _3784_/Y
 _3785_/Y
 _3786_/Y
 _3787_/Y
 _3788_/Y
 _3789_/Y
 _3790_/Y
 _3791_/Y
 _3792_/Y
 _3793_/Y
 _3794_/Y
 _3795_/Y
 _3796_/Y
 _3797_/Y
 _3798_/Y
 _3799_/Y
 _3800_/Y
 _3801_/Y
 _3802_/Y
 _3803_/Y
 _3804_/Y
 _3805_/Y
 _3806_/Y
 _3807_/Y
 _3808_/Y
 _3809_/Y
 _3810_/Y
 _3811_/Y
 _3812_/Y
 _3813_/Y
 _3814_/Y
 _3815_/Y
 _3816_/Y
 _3817_/Y
 _3818_/Y
 _3819_/Y
 _3820_/Y
 _3821_/Y
 _3822_/Y
 _3823_/Y
 _3824_/Y
 _3825_/Y
 _3826_/Y
 _3827_/Y
 _3828_/Y
 _3829_/Y
 _3830_/Y
 _3831_/Y
 _3832_/Y
 _3833_/Y
 _3834_/Y
 _3835_/Y
 _3836_/Y
 _3837_/Y
 _3838_/Y
 _3839_/Y
 _3840_/Y
 _3841_/Y
 _3842_/Y
 _3843_/Y
 _3844_/Y
 _3845_/Y
 _3846_/Y
 _3847_/Y
 _3848_/Y
 _3849_/Y
 _3850_/Y
 _3851_/Y
 _3852_/Y
 _3853_/Y
 _3854_/Y
 _3855_/Y
 _3856_/Y
 _3857_/Y
 _3858_/Y
 _3859_/Y
 _3860_/Y
 _3861_/Y
 _3862_/Y
 _3863_/Y
 _3864_/Y
 _3865_/Y
 _3866_/Y
 _3867_/Y
 _3868_/Y
 _3869_/Y
 _3870_/Y
 _3871_/Y
 _3872_/Y
 _3873_/Y
 _3874_/Y
 _3875_/Y
 _3876_/Y
 _3877_/Y
 _3878_/Y
 _3879_/Y
 _3880_/Y
 _3881_/Y
 _3882_/Y
 _3883_/Y
 _3884_/Y
 _3885_/Y
 _3886_/Y
 _3887_/Y
 _3888_/Y
 _3889_/Y
 _3890_/Y
 _3891_/Y
 _3892_/Y
 _3893_/Y
 _3894_/Y
 _3895_/Y
 _3896_/Y
 _3897_/Y
 _3898_/Y
 _3899_/Y
 _3900_/Y
 _3901_/Y
 _3902_/Y
 _3903_/Y
 _3904_/Y
 _3905_/Y
 _3906_/Y
 _3907_/Y
 _3908_/Y
 _3909_/Y
 _3910_/Y
 _3911_/Y
 _3912_/Y
 _3913_/Y
 _3914_/Y
 _3915_/Y
 _3916_/Y
 _3917_/Y
 _3918_/Y
 _3919_/Y
 _3920_/Y
 _3921_/Y
 _3922_/Y
 _3923_/Y
 _3924_/Y
 _3925_/Y
 _3926_/Y
 _3927_/Y
 _3928_/Y
 _3929_/Y
 _3930_/Y
 _3931_/Y
 _3932_/Y
 _3933_/Y
 _3934_/Y
 _3935_/Y
 _3936_/Y
 _3937_/Y
 _3938_/Y
 _3939_/Y
 _3940_/Y
 _3941_/Y
 _3942_/Y
 _3943_/Y
 _3944_/Y
 _3945_/Y
 _3946_/Y
 _3947_/Y
 _3948_/Y
 _3949_/Y
 _3950_/Y
 _3951_/Y
 _3952_/Y
 _3953_/Y
 _3954_/Y
 _3955_/Y
 _3956_/Y
 _3957_/Y
 _3958_/Y
 _3959_/Y
 _3960_/Y
 _3961_/Y
 _3962_/Y
 _3963_/Y
 _3964_/Y
 _3965_/Y
 _3966_/Y
 _3967_/Y
 _3968_/Y
 _3969_/Y
 _3970_/Y
 _3971_/Y
 _3972_/Y
 _3973_/Y
 _3974_/Y
 _3975_/Y
 _3976_/Y
 _3977_/Y
 _3978_/Y
 _3979_/Y
 _3980_/Y
 _3981_/Y
 _3982_/Y
 _3983_/Y
 _3984_/Y
 _3985_/Y
 _3986_/Y
 _3987_/Y
 _3988_/Y
 _3989_/Y
 _3990_/Y
 _3991_/Y
 _3992_/Y
 _3993_/Y
 _3994_/Y
 _3995_/Y
 _3996_/Y
 _3997_/Y
 _3998_/Y
 _3999_/Y
 _4000_/Y
 _4001_/Y
 _4002_/Y
 _4003_/Y
 _4004_/Y
 _4005_/Y
 _4006_/Y
 _4007_/Y
 _4008_/Y
 _4009_/Y
 _4010_/Y
 _4011_/Y
 _4012_/Y
 _4013_/Y
 _4014_/Y
 _4015_/Y
 _4016_/Y
 _4017_/Y
 _4018_/Y
 _4019_/Y
 _4020_/Y
 _4021_/Y
 _4022_/Y
 _4023_/Y
 _4024_/Y
 _4025_/Y
 _4026_/Y
 _4027_/Y
 _4028_/Y
 _4029_/Y
 _4030_/Y
 _4031_/Y
 _4032_/Y
 _4033_/Y
 _4034_/Y
 _4035_/Y
 _4036_/Y
 _4037_/Y
 _4038_/Y
 _4039_/Y
 _4040_/Y
 _4041_/Y
 _4042_/Y
 _4043_/Y
 _4044_/Y
 _4045_/Y
 _4046_/Y
 _4047_/Y
 _4048_/Y
 _4049_/Y
 _4050_/Y
 _4051_/Y
 _4052_/Y
 _4053_/Y
 _4054_/Y
 _4055_/Y
 _4056_/Y
 _4057_/Y
 _4058_/Y
 _4059_/Y
 _4060_/Y
 _4061_/Y
 _4062_/Y
 _4063_/Y
 _4064_/Y
 _4065_/Y
 _4066_/Y
 _4067_/Y
 _4068_/Y
 _4069_/Y
 _4070_/Y
 _4071_/Y
 _4072_/Y
 _4073_/Y
 _4074_/Y
 _4075_/Y
 _4076_/Y
 _4077_/Y
 _4078_/Y
 _4079_/Y
 _4080_/Y
 _4081_/Y
 _4082_/Y
 _4083_/Y
 _4084_/Y
 _4085_/Y
 _4086_/Y
 _4087_/Y
 _4088_/Y
 _4089_/Y
 _4090_/Y
 _4091_/Y
 _4092_/Y
 _4093_/Y
 _4094_/Y
 _4095_/Y
 _4096_/Y
 _4097_/Y
 _4098_/Y
 _4099_/Y
 _4100_/Y
 _4101_/Y
 _4102_/Y
 _4103_/Y
 _4104_/Y
 _4105_/Y
 _4106_/Y
 _4107_/Y
 _4108_/Y
 _4109_/Y
 _4110_/Y
 _4111_/Y
 _4112_/Y
 _4113_/Y
 _4114_/Y
 _4115_/Y
 _4116_/Y
 _4117_/Y
 _4118_/Y
 _4119_/Y
 _4120_/Y
 _4121_/Y
 _4122_/Y
 _4123_/Y
 _4124_/Y
 _4125_/Y
 _4126_/Y
 _4127_/Y
 _4128_/Y
 _4129_/Y
 _4130_/Y
 _4131_/Y
 _4132_/Y
 _4133_/Y
 _4134_/Y
 _4135_/Y
 _4136_/Y
 _4137_/Y
 _4138_/Y
 _4139_/Y
 _4140_/Y
 _4141_/Y
 _4142_/Y
 _4143_/Y
 _4144_/Y
 _4145_/Y
 _4146_/Y
 _4147_/Y
 _4148_/Y
 _4149_/Y
 _4150_/Y
 _4151_/Y
 _4152_/Y
 _4153_/Y
 _4154_/Y
 _4155_/Y
 _4156_/Y
 _4157_/Y
 _4158_/Y
 _4159_/Y
 _4160_/Y
 _4161_/Y
 _4162_/Y
 _4163_/Y
 _4164_/Y
 _4165_/Y
 _4166_/Y
 _4167_/Y
 _4168_/Y
 _4169_/Y
 _4170_/Y
 _4171_/Y
 _4172_/Y
 _4173_/Y
 _4174_/Y
 _4175_/Y
 _4176_/Y
 _4177_/Y
 _4178_/Y
 _4179_/Y
 _4180_/Y
 _4181_/Y
 _4182_/Y
 _4183_/Y
 _4184_/Y
 _4185_/Y
 _4186_/Y
 _4187_/Y
 _4188_/Y
 _4189_/Y
 _4190_/Y
 _4191_/Y
 _4192_/Y
 _4193_/Y
 _4194_/Y
 _4195_/Y
 _4196_/Y
 _4197_/Y
 _4198_/Y
 _4199_/Y
 _4200_/Y
 _4201_/Y
 _4202_/Y
 _4203_/Y
 _4204_/Y
 _4205_/Y
 _4206_/Y
 _4207_/Y
 _4208_/Y
 _4209_/Y
 _4210_/Y
 _4211_/Y
 _4212_/Y
 _4213_/Y
 _4214_/Y
 _4215_/Y
 _4216_/Y
 _4217_/Y
 _4218_/Y
 _4219_/Y
 _4220_/Y
 _4221_/Y
 _4222_/Y
 _4223_/Y
 _4224_/Y
 _4225_/Y
 _4226_/Y
 _4227_/Y
 _4228_/Y
 _4229_/Y
 _4230_/Y
 _4231_/Y
 _4232_/Y
 _4233_/Y
 _4234_/Y
 _4235_/Y
 _4236_/Y
 _4237_/Y
 _4238_/Y
 _4239_/Y
 _4240_/Y
 _4241_/Y
 _4242_/Y
 _4243_/Y
 _4244_/Y
 _4245_/Y
 _4246_/Y
 _4247_/Y
 _4248_/Y
 _4249_/Y
 _4250_/Y
 _4251_/Y
 _4252_/Y
 _4253_/Y
 _4254_/Y
 _4255_/Y
 _4256_/Y
 _4257_/Y
 _4258_/Y
 _4259_/Y
 _4260_/Y
 _4261_/Y
 _4262_/Y
 _4263_/Y
 _4264_/Y
 _4265_/Y
 _4266_/Y
 _4267_/Y
 _4268_/Y
 _4269_/Y
 _4270_/Y
 _4271_/Y
 _4272_/Y
 _4273_/Y
 _4274_/Y
 _4275_/Y
 _4276_/Y
 _4277_/Y
 _4278_/Y
 _4279_/Y
 _4280_/Y
 _4281_/Y
 _4282_/Y
 _4283_/Y
 _4284_/Y
 _4285_/Y
 _4286_/Y
 _4287_/Y
 _4288_/Y
 _4289_/Y
 _4290_/Y
 _4291_/Y
 _4292_/Y
 _4293_/Y
 _4294_/Y
 _4295_/Y
 _4296_/Y
 _4297_/Y
 _4298_/Y
 _4299_/Y
 _4300_/Y
 _4301_/Y
 _4302_/Y
 _4303_/Y
 _4304_/Y
 _4305_/Y
 _4306_/Y
 _4307_/Y
 _4308_/Y
 _4309_/Y
 _4310_/Y
 _4311_/Y
 _4312_/Y
 _4313_/Y
 _4314_/Y
 _4315_/Y
 _4316_/Y
 _4317_/Y
 _4318_/Y
 _4319_/Y
 _4320_/Y
 _4321_/Y
 _4322_/Y
 _4323_/Y
 _4324_/Y
 _4325_/Y
 _4326_/Y
 _4327_/Y
 _4328_/Y
 _4329_/Y
 _4330_/Y
 _4331_/Y
 _4332_/Y
 _4333_/Y
 _4334_/Y
 _4335_/Y
 _4336_/Y
 _4337_/Y
 _4338_/Y
 _4339_/Y
 _4340_/Y
 _4341_/Y
 _4342_/Y
 _4343_/Y
 _4344_/Y
 _4345_/Y
 _4346_/Y
 _4347_/Y
 _4348_/Y
 _4349_/Y
 _4350_/Y
 _4351_/Y
 _4352_/Y
 _4353_/Y
 _4354_/Y
 _4355_/Y
 _4356_/Y
 _4357_/Y
 _4358_/Y
 _4359_/Y
 _4360_/Y
 _4361_/Y
 _4362_/Y
 _4363_/Y
 _4364_/Y
 _4365_/Y
 _4366_/Y
 _4367_/Y
 _4368_/Y
 _4369_/Y
 _4370_/Y
 _4371_/Y
 _4372_/Y
 _4373_/Y
 _4374_/Y
 _4375_/Y
 _4376_/Y
 _4377_/Y
 _4378_/Y
 _4379_/Y
 _4380_/Y
 _4381_/Y
 _4382_/Y
 _4383_/Y
 _4384_/Y
 _4385_/Y
 _4386_/Y
 _4387_/Y
 _4388_/Y
 _4389_/Y
 _4390_/Y
 _4391_/Y
 _4392_/Y
 _4393_/Y
 _4394_/Y
 _4395_/Y
 _4396_/Y
 _4397_/Y
 _4398_/Y
 _4399_/Y
 _4400_/Y
 _4401_/Y
 _4402_/Y
 _4403_/Y
 _4404_/Y
 _4405_/Y
 _4406_/Y
 _4407_/Y
 _4408_/Y
 _4409_/Y
 _4410_/Y
 _4411_/Y
 _4412_/Y
 _4413_/Y
 _4414_/Y
 _4415_/Y
 _4416_/Y
 _4417_/Y
 _4418_/Y
 _4419_/Y
 _4420_/Y
 _4421_/Y
 _4422_/Y
 _4423_/Y
 _4424_/Y
 _4425_/Y
 _4426_/Y
 _4427_/Y
 _4428_/Y
 _4429_/Y
 _4430_/Y
 _4431_/Y
 _4432_/Y
 _4433_/Y
 _4434_/Y
 _4435_/Y
 _4436_/Y
 _4437_/Y
 _4438_/Y
 _4439_/Y
 _4440_/Y
 _4441_/Y
 _4442_/Y
 _4443_/Y
 _4444_/Y
 _4445_/Y
 _4446_/Y
 _4447_/Y
 _4448_/Y
 _4449_/Y
 _4450_/Y
 _4451_/Y
 _4452_/Y
 _4453_/Y
 _4454_/Y
 _4455_/Y
 _4456_/Y
 _4457_/Y
 _4458_/Y
 _4459_/Y
 _4460_/Y
 _4461_/Y
 _4462_/Y
 _4463_/Y
 _4464_/Y
 _4465_/Y
 _4466_/Y
 _4467_/Y
 _4468_/Y
 _4469_/Y
 _4470_/Y
 _4471_/Y
 _4472_/Y
 _4473_/Y
 _4474_/Y
 _4475_/Y
 _4476_/Y
 _4477_/Y
 _4478_/Y
 _4479_/Y
 _4480_/Y
 _4481_/Y
 _4482_/Y
 _4483_/Y
 _4484_/Y
 _4485_/Y
 _4486_/Y
 _4487_/Y
 _4488_/Y
 _4489_/Y
 _4490_/Y
 _4491_/Y
 _4492_/Y
 _4493_/Y
 _4494_/Y
 _4495_/Y
 _4496_/Y
 _4497_/Y
 _4498_/Y
 _4499_/Y
 _4500_/Y
 _4501_/Y
 _4502_/Y
 _4503_/Y
 _4504_/Y
 _4505_/Y
 _4506_/Y
 _4507_/Y
 _4508_/Y
 _4509_/Y
 _4510_/Y
 _4511_/Y
 _4512_/Y
 _4513_/Y
 _4514_/Y
 _4515_/Y
 _4516_/Y
 _4517_/Y
 _4518_/Y
 _4519_/Y
 _4520_/Y
 _4521_/Y
 _4522_/Y
 _4523_/Y
 _4524_/Y
 _4525_/Y
 _4526_/Y
 _4527_/Y
 _4528_/Y
 _4529_/Y
 _4530_/Y
 _4531_/Y
 _4532_/Y
 _4533_/Y
 _4534_/Y
 _4535_/Y
 _4536_/Y
 _4537_/Y
 _4538_/Y
 _4539_/Y
 _4540_/Y
 _4541_/Y
 _4542_/Y
 _4543_/Y
 _4544_/Y
 _4545_/Y
 _4546_/Y
 _4547_/Y
 _4548_/Y
 _4549_/Y
 _4550_/Y
 _4551_/Y
 _4552_/Y
 _4553_/Y
 _4554_/Y
 _4555_/Y
 _4556_/Y
 _4557_/Y
 _4558_/Y
 _4559_/Y
 _4560_/Y
 _4561_/Y
 _4562_/Y
 _4563_/Y
 _4564_/Y
 _4565_/Y
 _4566_/Y
 _4567_/Y
 _4568_/Y
 _4569_/Y
 _4570_/Y
 _4571_/Y
 _4572_/Y
 _4573_/Y
 _4574_/Y
 _4575_/Y
 _4576_/Y
 _4577_/Y
 _4578_/Y
 _4579_/Y
 _4580_/Y
 _4581_/Y
 _4582_/Y
 _4583_/Y
 _4584_/Y
 _4585_/Y
 _4586_/Y
 _4587_/Y
 _4588_/Y
 _4589_/Y
 _4590_/Y
 _4591_/Y
 _4592_/Y
 _4593_/Y
 _4594_/Y
 _4595_/Y
 _4596_/Y
 _4597_/Y
 _4598_/Y
 _4599_/Y
 _4600_/Y
 _4601_/Y
 _4602_/Y
 _4603_/Y
 _4604_/Y
 _4605_/Y
 _4606_/Y
 _4607_/Y
 _4608_/Y
 _4609_/Y
 _4610_/Y
 _4611_/Y
 _4612_/Y
 _4613_/Y
 _4614_/Y
 _4615_/Y
 _4616_/Y
 _4617_/Y
 _4618_/Y
 _4619_/Y
 _4620_/Y
 _4621_/Y
 _4622_/Y
 _4623_/Y
 _4624_/Y
 _4625_/Y
 _4626_/Y
 _4627_/Y
 _4628_/Y
 _4629_/Y
 _4630_/Y
 _4631_/Y
 _4632_/Y
 _4633_/Y
 _4634_/Y
 _4635_/Y
 _4636_/Y
 _4637_/Y
 _4638_/Y
 _4639_/Y
 _4640_/Y
 _4641_/Y
 _4642_/Y
 _4643_/Y
 _4644_/Y
 _4645_/Y
 _4646_/Y
 _4647_/Y
 _4648_/Y
 _4649_/Y
 _4650_/Y
 _4651_/Y
 _4652_/Y
 _4653_/Y
 _4654_/Y
 _4655_/Y
 _4656_/Y
 _4657_/Y
 _4658_/Y
 _4659_/Y
 _4660_/Y
 _4661_/Y
 _4662_/Y
 _4663_/Y
 _4664_/Y
 _4665_/Y
 _4666_/Y
 _4667_/Y
 _4668_/Y
 _4669_/Y
 _4670_/Y
 _4671_/Y
 _4672_/Y
 _4673_/Y
 _4674_/Y
 _4675_/Y
 _4676_/Y
 _4677_/Y
 _4678_/Y
 _4679_/Y
 _4680_/Y
 _4681_/Y
 _4682_/Y
 _4683_/Y
 _4684_/Y
 _4685_/Y
 _4686_/Y
 _4687_/Y
 _4688_/Y
 _4689_/Y
 _4690_/Y
 _4691_/Y
 _4692_/Y
 _4693_/Y
 _4694_/Y
 _4695_/Y
 _4696_/Y
 _4697_/Y
 _4698_/Y
 _4699_/Y
 _4700_/Y
 _4701_/Y
 _4702_/Y
 _4703_/Y
 _4704_/Y
 _4705_/Y
 _4706_/Y
 _4707_/Y
 _4708_/Y
 _4709_/Y
 _4710_/Y
 _4711_/Y
 _4712_/Y
 _4713_/Y
 _4714_/Y
 _4715_/Y
 _4716_/Y
 _4717_/Y
 _4718_/Y
 _4719_/Y
 _4720_/Y
 _4721_/Y
 _4722_/Y
 _4723_/Y
 _4724_/Y
 _4725_/Y
 _4726_/Y
 _4727_/Y
 _4728_/Y
 _4729_/Y
 _4730_/Y
 _4731_/Y
 _4732_/Y
 _4733_/Y
 _4734_/Y
 _4735_/Y
 _4736_/Y
 _4737_/Y
 _4738_/Y
 _4739_/Y
 _4740_/Y
 _4741_/Y
 _4742_/Y
 _4743_/Y
 _4744_/Y
 _4745_/Y
 _4746_/Y
 _4747_/Y
 _4748_/Y
 _4749_/Y
 _4750_/Y
 _4751_/Y
 _4752_/Y
 _4753_/Y
 _4754_/Q
 _4755_/Q
 _4756_/Q
 _4757_/Q
 _4758_/Q
 _4759_/Q
 _4760_/Q
 _4761_/Q
 _4762_/Q
 _4763_/Q
 _4764_/Q
 _4765_/Q
 _4766_/Q
 _4767_/Q
 _4768_/Q
 _4769_/Q
 _4770_/Q
 _4771_/Q
 _4772_/Q
 _4773_/Q
 _4774_/Q
 _4775_/Q
 _4776_/Q
 _4777_/Q
 _4778_/Q
 _4779_/Q
 _4780_/Q
 _4781_/Q
 _4782_/Q
 _4783_/Q
 _4784_/Q
 _4785_/Q
 _4786_/Q
 _4787_/Q
 _4788_/Q
 _4789_/Q
 _4790_/Q
 _4791_/Q
 _4792_/Q
 _4793_/Q
 _4794_/Q
 _4795_/Q
 _4796_/Q
 _4797_/Q
 _4798_/Q
 _4799_/Q
 _4800_/Q
 _4801_/Q
 _4802_/Q
 _4803_/Q
 _4804_/Q
 _4805_/Q
 _4806_/Q
 _4807_/Q
 _4808_/Q
 _4809_/Q
 _4810_/Q
 _4811_/Q
 _4812_/Q
 _4813_/Q
 _4814_/Q
 _4815_/Q
 _4816_/Q
 _4817_/Q
 _4818_/Q
 _4819_/Q
 _4820_/Q
 _4821_/Q
 _4822_/Q
 _4823_/Q
 _4824_/Q
 _4825_/Q
 _4826_/Q
 _4827_/Q
 _4828_/Q
 _4829_/Q
 _4830_/Q
 _4831_/Q
 _4832_/Q
 _4833_/Q
 _4834_/Q
 _4835_/Q
 _4836_/Q
 _4837_/Q
 _4838_/Q
 _4839_/Q
 _4840_/Q
 _4841_/Q
 _4842_/Q
 _4843_/Q
 _4844_/Q
 _4845_/Q
 _4846_/Q
 _4847_/Q
 _4848_/Q
 _4849_/Q
 _4850_/Q
 _4851_/Q
 _4852_/Q
 _4853_/Q
 _4854_/Q
 _4855_/Q
 _4856_/Q
 _4857_/Q
 _4858_/Q
 _4859_/Q
 _4860_/Q
 _4861_/Q
 _4862_/Q
 _4863_/Q
 _4864_/Q
 _4865_/Q
 _4866_/Q
 _4867_/Q
 _4868_/Q
 _4869_/Q
 _4870_/Q
 _4871_/Q
 _4872_/Q
 _4873_/Q
 _4874_/Q
 _4875_/Q
 _4876_/Q
 _4877_/Q
 _4878_/Q
 _4879_/Q
 _4880_/Q
 _4881_/Q
 _4882_/Q
 _4883_/Q
 _4884_/Q
 _4885_/Q
 _4886_/Q
 _4887_/Q
 _4888_/Q
 _4889_/Q
 _4890_/Q
 _4891_/Q
 _4892_/Q
 _4893_/Q
 _4894_/Q
 _4895_/Q
 _4896_/Q
 _4897_/Q
 _4898_/Q
 _4899_/Q
 _4900_/Q
 _4901_/Q
 _4902_/Q
 _4903_/Q
 _4904_/Q
 _4905_/Q
 _4906_/Q
 _4907_/Q
 _4908_/Q
 _4909_/Q
 _4910_/Q
 _4911_/Q
 _4912_/Q
 _4913_/Q
 _4914_/Q
 _4915_/Q
 _4916_/Q
 _4917_/Q
 _4918_/Q
 _4919_/Q
 _4920_/Q
 _4921_/Q
 _4922_/Q
 _4923_/Q
 _4924_/Q
 _4925_/Q
 _4926_/Q
 _4927_/Q
 _4928_/Q
 _4929_/Q
 _4930_/Q
 _4931_/Q
 _4932_/Q
 _4933_/Q
 _4934_/Q
 _4935_/Q
 _4936_/Q
 _4937_/Q
 _4938_/Q
 _4939_/Q
 _4940_/Q
 _4941_/Q
 _4942_/Q
 _4943_/Q
 _4944_/Q
 _4945_/Q
 _4946_/Q
 _4947_/Q
 _4948_/Q
 _4949_/Q
 _4950_/Q
 _4951_/Q
 _4952_/Q
 _4953_/Q
 _4954_/Q
 _4955_/Q
 _4956_/Q
 _4957_/Q
 _4958_/Q
 _4959_/Q
 _4960_/Q
 _4961_/Q
 _4962_/Q
 _4963_/Q
 _4964_/Q
 _4965_/Q
 _4966_/Q
 _4967_/Q
 _4968_/Q
 _4969_/Q
 _4970_/Q
 _4971_/Q
 _4972_/Q
 _4973_/Q
 _4974_/Q
 _4975_/Q
 _4976_/Q
 _4977_/Q
 _4978_/Q
 _4979_/Q
 _4980_/Q
 _4981_/Q
 _4982_/Q
 _4983_/Q
 _4984_/Q
 _4985_/Q
 _4986_/Q
 _4987_/Q
 _4988_/Q
 _4989_/Q
 _4990_/Q
 _4991_/Q
 _4992_/Q
 _4993_/Q
 _4994_/Q
 _4995_/Q
 _4996_/Q
 _4997_/Q
 _4998_/Q
 _4999_/Q
 _5000_/Q
 _5001_/Q
 _5002_/Q
 _5003_/Q
 _5004_/Q
 _5005_/Q
 _5006_/Q
 _5007_/Q
 _5008_/Q
 _5009_/Q
 _5010_/Q
 _5011_/Q
 _5012_/Q
 _5013_/Q
 _5014_/Q
 _5015_/Q
 _5016_/Q
 _5017_/Q
 _5018_/Q
 _5019_/Q
 _5020_/Q
 _5021_/Q
 _5022_/Q
 _5023_/Q
 _5024_/Q
 _5025_/Q
 _5026_/Q
 _5027_/Q
 _5028_/Q
 _5029_/Q
 _5030_/Q
 _5031_/Q
 _5032_/Q
 _5033_/Q
 _5034_/Q
 _5035_/Q
 _5036_/Q
 _5037_/Q
 _5038_/Q
 _5039_/Q
 _5040_/Q
 _5041_/Q
 _5042_/Q
 _5043_/Q
 _5044_/Q
 _5045_/Q
 _5046_/Q
 _5047_/Q
 _5048_/Q
 _5049_/Q
 _5050_/Q
 _5051_/Q
 _5052_/Q
 _5053_/Q
 _5054_/Q
 _5055_/Q
 _5056_/Q
 _5057_/Q
 _5058_/Q
 _5059_/Q
 _5060_/Q
 _5061_/Q
 _5062_/Q
 _5063_/Q
 _5064_/Q
 _5065_/Q
 _5066_/Q
 _5067_/Q
 _5068_/Q
 _5069_/Q
 _5070_/Q
 _5071_/Q
 _5072_/Q
 _5073_/Q
 _5074_/Q
 _5075_/Q
 _5076_/Q
 _5077_/Q
 _5078_/Q
 _5079_/Q
 _5080_/Q
 _5081_/Q
 _5082_/Q
 _5083_/Q
 _5084_/Q
 _5085_/Q
 _5086_/Q
 _5087_/Q
 _5088_/Q
 _5089_/Q
 _5090_/Q
 _5091_/Q
 _5092_/Q
 _5093_/Q
 _5094_/Q
 _5095_/Q
 _5096_/Q
 _5097_/Q
 _5098_/Q
 _5099_/Q
 _5100_/Q
 _5101_/Q
 _5102_/Q
 _5103_/Q
 _5104_/Q
 _5105_/Q
 _5106_/Q
 _5107_/Q
 _5108_/Q
 _5109_/Q
 _5110_/Q
 _5111_/Q
 _5112_/Q
 _5113_/Q
 _5114_/Q
 _5115_/Q
 _5116_/Q
 _5117_/Q
 _5118_/Q
 _5119_/Q
 _5120_/Q
 _5121_/Q
 _5122_/Q
 _5123_/Q
 _5124_/Q
 _5125_/Q
 _5126_/Q
 _5127_/Q
 _5128_/Q
 _5129_/Q
 _5130_/Q
 _5131_/Q
 _5132_/Q
 _5133_/Q
 _5134_/Q
 _5135_/Q
 _5136_/Q
 _5137_/Q
 _5138_/Q
 _5139_/Q
 _5140_/Q
 _5141_/Q
 _5142_/Q
 _5143_/Q
 _5144_/Q
 _5145_/Q
 _5146_/Q
 _5147_/Q
 _5148_/Q
 _5149_/Q
 _5150_/Q
 _5151_/Q
 _5152_/Q
 _5153_/Q
 _5154_/Q
 _5155_/Q
 _5156_/Q
 _5157_/Q
 _5158_/Q
 _5159_/Q
 _5160_/Q
 _5161_/Q
 _5162_/Q
 _5163_/Q
 _5164_/Q
 _5165_/Q
 _5166_/Q
 _5167_/Q
 _5168_/Q
 _5169_/Q
 _5170_/Q
 _5171_/Q
 _5172_/Q
 _5173_/Q
 _5174_/Q
 _5175_/Q
 _5176_/Q
 _5177_/Q
 _5178_/Q
 _5179_/Q
 _5180_/Q
 _5181_/Q
 _5182_/Q
 _5183_/Q
 _5184_/Q
 _5185_/Q
 _5186_/Q
 _5187_/Q
 _5188_/Q
 _5189_/Q
 _5190_/Q
 _5191_/Q
 _5192_/Q
 _5193_/Q
 _5194_/Q
 _5195_/Q
 _5196_/Q
 _5197_/Q
 _5198_/Q
 _5199_/Q
 _5200_/Q
 _5201_/Q
 _5202_/Q
 _5203_/Q
 _5204_/Q
 _5205_/Q
 _5206_/Q
 _5207_/Q
 _5208_/Q
 _5209_/Q
 _5210_/Q
 _5211_/Q
 _5212_/Q
 _5213_/Q
 _5214_/Q
 _5215_/Q
 _5216_/Q
 _5217_/Q
 _5218_/Q
 _5219_/Q
 _5220_/Q
 _5221_/Q
 _5222_/Q
 _5223_/Q
 _5224_/Q
 _5225_/Q
 _5226_/Q
 _5227_/Q
 _5228_/Q
 _5229_/Q
 _5230_/Q
 _5231_/Q
 _5232_/Q
 _5233_/Q
 _5234_/Q
 _5235_/Q
 _5236_/Q
 _5237_/Q
 _5238_/Q
 _5239_/Q
 _5240_/Q
 _5241_/Q
 _5242_/Q
 _5243_/Q
 _5244_/Q
 _5245_/Q
 _5246_/Q
 _5247_/Q
 _5248_/Q
 _5249_/Q
 _5250_/Q
 _5251_/Q
 _5252_/Q
 _5253_/Q
 _5254_/Q
 _5255_/Q
 _5256_/Q
 _5257_/Q
 _5258_/Q
 _5259_/Q
 _5260_/Q
 _5261_/Q
 _5262_/Q
 _5263_/Q
 _5264_/Q
 _5265_/Q
 _5266_/Q
 _5267_/Q
 _5268_/Q
 _5269_/Q
 _5270_/Q
 _5271_/Q
 _5272_/Q
 _5273_/Q
 _5274_/Q
 _5275_/Q
 _5276_/Q
 _5277_/Q
 _5278_/Q
 _5279_/Q
 _5280_/Q
 _5281_/Q
 _5282_/Q
 _5283_/Q
 _5284_/Q
 _5285_/Q
 _5286_/ONE
 _5287_/ZERO
 _5288_/ZERO
 _5289_/ZERO
 _5290_/ZERO
 _5291_/ZERO
 _5292_/ZERO
 _5293_/ZERO
 _5294_/ZERO
 _5295_/ZERO
 _5296_/ZERO
 _5297_/ZERO
 _5298_/ZERO
 _5299_/ZERO
 _5300_/ZERO
 _5301_/ZERO
 _5302_/ZERO
 _5303_/ZERO
 _5304_/ZERO
 _5305_/ZERO
 _5306_/ZERO
 _5307_/ZERO
 _5308_/ZERO
 _5309_/ZERO
 _5310_/ZERO
 _5311_/ZERO
 _5312_/ZERO
 _5313_/ZERO
 _5314_/ZERO
 _5315_/ZERO
 _5316_/ZERO
 _5317_/ZERO
 _5318_/ZERO
 _5319_/ZERO
 _5320_/ZERO
 _5321_/ZERO
 _5322_/ZERO
 _5323_/ZERO
 _5324_/ZERO
 _5325_/ZERO
 _5326_/ZERO
 _5327_/ZERO
 _5328_/ZERO
 _5329_/ZERO
 _5330_/ZERO
 _5331_/ZERO
 _5332_/ZERO
 _5333_/ZERO
 _5334_/ZERO
 _5335_/ZERO
 _5336_/ZERO
 _5337_/ZERO
 _5338_/ZERO
 _5339_/ZERO
 _5340_/ZERO
 _5341_/ZERO
 _5342_/ZERO
 _5343_/ZERO
 _5344_/ZERO
 _5345_/ZERO
 _5346_/ZERO
 _5347_/ZERO
 _5348_/ZERO
 _5349_/ZERO
 _5350_/ZERO
 _5351_/ZERO
 _5352_/ZERO
 _5353_/ZERO
 _5354_/ZERO
 _5355_/ZERO
 _5356_/ZERO
 _5357_/ZERO
 _5358_/ZERO
 _5359_/ZERO
 _5360_/ZERO
 _5361_/ZERO
 _5362_/ZERO
 _5363_/ZERO
 _5364_/ZERO
 _5365_/ZERO
 _5366_/ZERO
 _5367_/ZERO
 _5368_/ZERO
 _5369_/ZERO
 _5370_/ZERO
 _5371_/ZERO
 _5372_/ZERO
 _5373_/ZERO
 _5374_/ZERO
 _5375_/ZERO
 _5376_/ZERO
 _5377_/ZERO
 _5378_/ZERO
 _5379_/ZERO
 _5380_/ZERO
 _5381_/ZERO
 _5382_/ZERO
 _5383_/ZERO
 _5384_/ZERO
 _5385_/ZERO
 _5386_/ZERO
 _5387_/ZERO
 _5388_/ZERO
 _5389_/ZERO
 _5390_/ZERO
 _5391_/ZERO
 _5392_/ZERO
 _5393_/ZERO
 _5394_/ZERO
 _5395_/ZERO
 _5396_/ZERO
 _5397_/ZERO
 _5398_/ZERO
 _5399_/ZERO
 _5400_/ZERO
 _5401_/ZERO
 _5402_/ZERO
 _5403_/ZERO
 _5404_/ZERO
 _5405_/ZERO
 _5406_/ZERO
 _5407_/ZERO
 _5408_/ZERO
 _5409_/ZERO
 _5410_/ZERO
 _5411_/ZERO
 _5412_/ZERO
 _5413_/ZERO
 _5414_/ZERO
 _5415_/ZERO
 _5416_/ZERO
 _5417_/ZERO
 _5418_/ZERO
 _5419_/ZERO
 _5420_/ZERO
 _5421_/ZERO
 _5422_/ZERO
 _5423_/ZERO
 _5424_/ZERO
 _5425_/ZERO
 _5426_/ZERO
 _5427_/ZERO
 _5428_/ZERO
 _5429_/ZERO
 _5430_/ZERO
 _5431_/ZERO
 _5432_/ZERO
 _5433_/ZERO
 _5434_/ZERO
 _5435_/ZERO
 _5436_/ZERO
 _5437_/ZERO
 _5438_/ZERO
 _5439_/ZERO
 _5440_/ZERO
 _5441_/ZERO
 _5442_/ZERO
 _5443_/ZERO
 _5444_/ZERO
 _5445_/ZERO
 _5446_/ZERO
 _5447_/ZERO
 _5448_/ZERO
 _5449_/ZERO
 _5450_/ZERO
 _5451_/ZERO
 _5452_/ZERO
 _5453_/ZERO
 _5454_/ZERO
 _5455_/ZERO
 _5456_/ZERO
 _5457_/ZERO
 _5458_/ZERO
 _5459_/ZERO
 _5460_/ZERO
 _5461_/ZERO
 _5462_/ZERO
 _5463_/ZERO
 _5464_/ZERO
 _5465_/ZERO
 _5466_/ZERO
 _5467_/ZERO
 _5468_/ZERO
 _5469_/ZERO
 _5470_/ZERO
 _5471_/ZERO
 _5472_/ZERO
 _5473_/ZERO
 _5474_/ZERO
 _5475_/ZERO
 _5476_/ZERO
 _5477_/ZERO
 _5478_/Y
 _5479_/Y
 _5480_/Y
 _5481_/Y
 _5482_/Y
 _5483_/Y
 _5484_/Y
 _5485_/Y
 sram2048.u_bank0/Q[0]
 sram2048.u_bank0/Q[1]
 sram2048.u_bank0/Q[2]
 sram2048.u_bank0/Q[3]
 sram2048.u_bank0/Q[4]
 sram2048.u_bank0/Q[5]
 sram2048.u_bank0/Q[6]
 sram2048.u_bank0/Q[7]
 sram2048.u_bank1/Q[0]
 sram2048.u_bank1/Q[1]
 sram2048.u_bank1/Q[2]
 sram2048.u_bank1/Q[3]
 sram2048.u_bank1/Q[4]
 sram2048.u_bank1/Q[5]
 sram2048.u_bank1/Q[6]
 sram2048.u_bank1/Q[7]
Found 0 partially unannotated drivers.

===========================================================================
max slew violation count 44
max fanout violation count 87
max cap violation count 15
============================================================================

===========================================================================
check_setup -verbose -unconstrained_endpoints -multiple_clock -no_clock -no_input_delay -loops -generated_clocks
===========================================================================
