
===========================================================================
 report_power
============================================================================
======================= nom_ff_n40C_3v60 Corner ===================================

Group                    Internal    Switching      Leakage        Total
                            Power        Power        Power        Power (Watts)
------------------------------------------------------------------------
Sequential           0.000000e+00 2.194819e-04 0.000000e+00 2.194819e-04   1.8%
Combinational        8.826124e-04 3.106242e-04 0.000000e+00 1.193237e-03   9.9%
Clock                0.000000e+00 0.000000e+00 0.000000e+00 0.000000e+00   0.0%
Macro                1.069630e-02 0.000000e+00 6.450625e-07 1.069694e-02  88.3%
Pad                  0.000000e+00 0.000000e+00 0.000000e+00 0.000000e+00   0.0%
------------------------------------------------------------------------
Total                1.157891e-02 5.301051e-04 6.450625e-07 1.210966e-02 100.0%
                            95.6%         4.4%         0.0%

