
===========================================================================
Violator List
============================================================================
[hold reg-reg] _5199_/Q -> sram2048.u_bank1/CEN : -0.581330
[hold reg-reg] _5199_/Q -> sram2048.u_bank0/CEN : -0.523446
[hold reg-reg] _4965_/Q -> _4964_/D : -0.048675
[hold reg-reg] _4968_/Q -> _4967_/D : -0.038056
[hold reg-reg] _4958_/Q -> _4957_/D : -0.037763
[hold reg-reg] _4960_/Q -> _4959_/D : -0.037763
[hold reg-reg] _4961_/Q -> _4960_/D : -0.037763
[hold reg-reg] _4962_/Q -> _4961_/D : -0.037763
[hold reg-reg] _4963_/Q -> _4962_/D : -0.037763
[hold reg-reg] _4964_/Q -> _4963_/D : -0.037763
[hold reg-reg] _4967_/Q -> _4966_/D : -0.036993
[hold reg-reg] _4969_/Q -> _4968_/D : -0.036993
[hold reg-reg] _4970_/Q -> _4969_/D : -0.036993
[hold reg-reg] _4971_/Q -> _4970_/D : -0.036993
[hold reg-reg] _4972_/Q -> _4971_/D : -0.036993
[hold reg-reg] _4973_/Q -> _4972_/D : -0.036993
[hold reg-reg] _4959_/Q -> _4958_/D : -0.036238
