Reading timing models for corner nom_tt_025C_3v30…
Reading timing library for the 'nom_tt_025C_3v30' corner at '/home/etcfranc/NoCNoC/gf180mcu/gf180mcuD/libs.ref/gf180mcu_as_sc_mcu7t3v3/lib/gf180mcu_as_sc_mcu7t3v3__tt_025C_3v30.lib'…
Reading timing library for the 'nom_tt_025C_3v30' corner at '/home/etcfranc/NoCNoC/gf180mcu/gf180mcuD/libs.ref/gf180mcu_fd_io/lib/gf180mcu_fd_io__tt_025C_3v30.lib'…
Reading timing library for the 'nom_tt_025C_3v30' corner at '/home/etcfranc/NoCNoC/gf180mcu/gf180mcuD/libs.ref/gf180mcu_fd_io/lib/gf180mcu_ws_io__tt_025C_5v00.lib'…
Reading timing library for the 'nom_tt_025C_3v30' corner at '/home/etcfranc/NoCNoC/libs/gf180mcu_ocd_ip_sram/cells/gf180mcu_ocd_ip_sram__sram1024x8m8wm1/gf180mcu_ocd_ip_sram__sram1024x8m8wm1__tt_025C_3v30.lib'…
Reading OpenROAD database at '/home/etcfranc/NoCNoC/librelane/noc_tile/runs/RUN_2026-05-08_18-38-35/25-openroad-ioplacement/mesh_tile.odb'…
[WARNING ORD-2001] LEF macro gf180mcu_ef_io__bi_t pin ANA missing from liberty cell.
Reading design constraints file at '/nix/store/xjkk69lna4pw6jkb6bhsvqkgmfkjqxg5-python3-3.13.9-env/lib/python3.13/site-packages/librelane/scripts/base.sdc'…
[INFO] Using clock clk…
[INFO] Setting output delay to: 8
[INFO] Setting input delay to: 8
[INFO] Setting load to: 0.07291
[INFO] Setting clock uncertainty to: 0.25
[INFO] Setting clock transition to: 0.15
[INFO] Setting timing derate to: 5%
[INFO] Setting signal min routing layer to: Metal2 and clock min routing layer to Metal2. 
[INFO] Setting signal max routing layer to: Metal5 and clock max routing layer to Metal5. 
+ global_placement -density 0.5 -routability_driven -pad_right 0 -pad_left 0 -init_wirelength_coef 0.25
[INFO GPL-0001] ---- Initialize GPL Main Data Structures
[INFO GPL-0002] DBU: 2000
[INFO GPL-0003] SiteSize: (  0.560  3.920 ) um
[INFO GPL-0004] CoreBBox: ( 10.080 11.760 ) ( 889.840 736.960 ) um
[INFO GPL-0036] Movable instances area:      84883.994 um^2
[INFO GPL-0037] Total instances area:       408447.693 um^2
[INFO GPL-0035] Pin density area adjust:     13588.616 um^2
[INFO GPL-0032] ---- Initialize Region: Top-level
[INFO GPL-0006] Number of instances:              6046
[INFO GPL-0007] Movable instances:                3096
[INFO GPL-0008] Fixed instances:                  2552
[INFO GPL-0009] Dummy instances:                   398
[INFO GPL-0010] Number of nets:                   3429
[INFO GPL-0011] Number of pins:                  11992
[INFO GPL-0012] Die BBox:  (  0.000  0.000 ) ( 900.000 750.000 ) um
[INFO GPL-0013] Core BBox: ( 10.080 11.760 ) ( 889.840 736.960 ) um
[INFO GPL-0016] Core area:                  638001.952 um^2
[INFO GPL-0014] Region name: top-level.
[INFO GPL-0015] Region area:                638001.952 um^2
[INFO GPL-0017] Fixed instances area:       348299.213 um^2
[INFO GPL-0018] Movable instances area:      98472.610 um^2
[INFO GPL-0019] Utilization:                    33.991 %
[INFO GPL-0020] Standard cells area:         98472.610 um^2
[INFO GPL-0021] Large instances area:            0.000 um^2
[INFO GPL-0005] ---- Execute Conjugate Gradient Initial Placement.
[INFO GPL-0051] Source of initial instance position counters:
	Odb location = 3096	Core center = 0	Region center = 0
[InitialPlace]  Iter: 1 conjugate gradient residual: 0.00009428 HPWL: 546102524
[InitialPlace]  Iter: 2 conjugate gradient residual: 0.00008985 HPWL: 457880905
[InitialPlace]  Iter: 3 conjugate gradient residual: 0.00009680 HPWL: 427862719
[InitialPlace]  Iter: 4 conjugate gradient residual: 0.00006497 HPWL: 412324445
[InitialPlace]  Iter: 5 conjugate gradient residual: 0.00004816 HPWL: 401278790
[InitialPlace]  Iter: 6 conjugate gradient residual: 0.00002881 HPWL: 394551662
[InitialPlace]  Iter: 7 conjugate gradient residual: 0.00003504 HPWL: 388124533
[InitialPlace]  Iter: 8 conjugate gradient residual: 0.00001341 HPWL: 384977088
[InitialPlace]  Iter: 9 conjugate gradient residual: 0.00001388 HPWL: 381748528
[InitialPlace]  Iter: 10 conjugate gradient residual: 0.00000721 HPWL: 380503272
[INFO GPL-0033] ---- Initialize Nesterov Region: Top-level
[INFO GPL-0023] Placement target density:       0.5000
[INFO GPL-0024] Movable insts average area:     31.806 um^2
[INFO GPL-0025] Ideal bin area:                 63.613 um^2
[INFO GPL-0026] Ideal bin count:                 10029
[INFO GPL-0027] Total bin area:             638001.952 um^2
[INFO GPL-0028] Bin count (X, Y):          64 ,     64
[INFO GPL-0029] Bin size (W * H):      13.746 * 11.331 um
[INFO GPL-0030] Number of bins:                   4096
[INFO GPL-0007] ---- Execute Nesterov Global Placement.
[INFO GPL-0031] HPWL: Half-Perimeter Wirelength
Iteration | Overflow |     HPWL (um) |  HPWL(%) |   Penalty | Group
---------------------------------------------------------------
        0 |   0.8823 |  1.323120e+05 |   +0.00% |  5.14e-16 |      
       10 |   0.8104 |  1.586766e+05 |  +19.93% |  8.30e-16 |      
       20 |   0.7790 |  1.621847e+05 |   +2.21% |  1.35e-15 |      
       30 |   0.7831 |  1.625597e+05 |   +0.23% |  2.20e-15 |      
       40 |   0.8000 |  1.648482e+05 |   +1.41% |  3.58e-15 |      
       50 |   0.7959 |  1.669893e+05 |   +1.30% |  5.83e-15 |      
       60 |   0.7933 |  1.682537e+05 |   +0.76% |  9.50e-15 |      
       70 |   0.7955 |  1.687050e+05 |   +0.27% |  1.55e-14 |      
       80 |   0.7958 |  1.686580e+05 |   -0.03% |  2.52e-14 |      
       90 |   0.7942 |  1.682912e+05 |   -0.22% |  4.11e-14 |      
      100 |   0.7937 |  1.674102e+05 |   -0.52% |  6.69e-14 |      
      110 |   0.7939 |  1.665587e+05 |   -0.51% |  1.09e-13 |      
      120 |   0.7938 |  1.660061e+05 |   -0.33% |  1.77e-13 |      
      130 |   0.7932 |  1.659296e+05 |   -0.05% |  2.89e-13 |      
      140 |   0.7918 |  1.663316e+05 |   +0.24% |  4.71e-13 |      
      150 |   0.7908 |  1.670256e+05 |   +0.42% |  7.67e-13 |      
      160 |   0.7892 |  1.678773e+05 |   +0.51% |  1.25e-12 |      
      170 |   0.7854 |  1.687668e+05 |   +0.53% |  2.03e-12 |      
      180 |   0.7808 |  1.696562e+05 |   +0.53% |  3.31e-12 |      
      190 |   0.7744 |  1.705216e+05 |   +0.51% |  5.39e-12 |      
      200 |   0.7636 |  1.717048e+05 |   +0.69% |  8.78e-12 |      
      210 |   0.7391 |  1.739157e+05 |   +1.29% |  1.43e-11 |      
      220 |   0.6989 |  1.758292e+05 |   +1.10% |  2.33e-11 |      
      230 |   0.6616 |  1.780148e+05 |   +1.24% |  3.79e-11 |      
      240 |   0.6191 |  1.792688e+05 |   +0.70% |  6.17e-11 |      
[INFO GPL-0038] Routability snapshot saved at iter = 245
      244 |   0.5999 |  1.792743e+05 |          |           |      
      250 |   0.5754 |  1.789424e+05 |   -0.18% |  1.01e-10 |      
      260 |   0.5320 |  1.791852e+05 |   +0.14% |  1.64e-10 |      
      270 |   0.4944 |  1.808851e+05 |   +0.95% |  2.67e-10 |      
      280 |   0.4473 |  1.849198e+05 |   +2.23% |  4.34e-10 |      
      290 |   0.3970 |  1.875971e+05 |   +1.45% |  7.06e-10 |      
      300 |   0.3477 |  1.888615e+05 |   +0.67% |  1.15e-09 |      
      310 |   0.3244 |  1.890753e+05 |   +0.11% |  1.71e-09 |      
[INFO GPL-0040] Routability iteration: 1
[INFO GPL-0041] Total routing overflow: 0.0119
[INFO GPL-0042] Number of overflowed tiles: 1 (0.01%)
[INFO GPL-0043] Average top 0.5% routing congestion: 0.9134
[INFO GPL-0044] Average top 1.0% routing congestion: 0.8968
[INFO GPL-0045] Average top 2.0% routing congestion: 0.8840
[INFO GPL-0046] Average top 5.0% routing congestion: 0.8599
[INFO GPL-0047] Routability iteration weighted routing congestion: 0.9051
[INFO GPL-0050] Weighted routing congestion is lower than target routing congestion(1.0100), end routability optimization.
[INFO GPL-0090] Routability finished. Target routing congestion achieved succesfully.
Iteration | Overflow |     HPWL (um) |  HPWL(%) |   Penalty | Group
---------------------------------------------------------------
      320 |   0.2935 |  1.905291e+05 |   +0.77% |  2.52e-09 |      
      330 |   0.2629 |  1.917836e+05 |   +0.66% |  3.71e-09 |      
      340 |   0.2351 |  1.929169e+05 |   +0.59% |  5.47e-09 |      
      350 |   0.2107 |  1.937990e+05 |   +0.46% |  8.05e-09 |      
      360 |   0.1879 |  1.945871e+05 |   +0.41% |  1.19e-08 |      
      370 |   0.1640 |  1.953379e+05 |   +0.39% |  1.75e-08 |      
      380 |   0.1418 |  1.959547e+05 |   +0.32% |  2.57e-08 |      
      390 |   0.1213 |  1.965587e+05 |   +0.31% |  3.79e-08 |      
      400 |   0.1013 |  1.969995e+05 |   +0.22% |  5.59e-08 |      
      401 |   0.0998 |  1.970341e+05 |          |  6.03e-08 |      
---------------------------------------------------------------
[INFO GPL-1001] Global placement finished at iteration 401
[INFO GPL-1003] Routability mode iteration count: 73
[INFO GPL-1005] Routability final weighted congestion: 0.8971
[INFO GPL-1002] Placed Cell Area            98472.6101
[INFO GPL-1003] Available Free Area         289702.7392
[INFO GPL-1004] Minimum Feasible Density        0.3400 (cell_area / free_area)
[INFO GPL-1006]   Suggested Target Densities:
[INFO GPL-1007]     - For 90% usage of free space: 0.3777
[INFO GPL-1008]     - For 80% usage of free space: 0.4249
[INFO GPL-1009]     - For 50% usage of free space: 0.6798
[INFO GPL-1011] Original area (um^2): 98472.61
[INFO GPL-1012] Total routability artificial inflation: 0.00 (+0.00%)
[INFO GPL-1014] Final placement area: 98472.61 (+0.00%)
Setting global connections for newly added cells…
[INFO] Setting global connections...
sram2048.u_bank0 matched with sram2048.u_bank0
sram2048.u_bank1 matched with sram2048.u_bank1
[INFO ODB-0403] 0 connections made, 0 conflicts skipped.
Updating metrics…
Cell type report:                       Count       Area
  Macro                                     2  310827.11
  Tap cell                               2550   11195.52
  Tie cell                                192    1685.91
  Buffer                                    8     105.37
  Inverter                                 89     781.49
  Sequential cell                         532   31553.80
  Multi-Input combinational cell         2275   50757.41
  Total                                  5648  406906.62
Writing OpenROAD database to '/home/etcfranc/NoCNoC/librelane/noc_tile/runs/RUN_2026-05-08_18-38-35/28-openroad-globalplacement/mesh_tile.odb'…
Writing netlist to '/home/etcfranc/NoCNoC/librelane/noc_tile/runs/RUN_2026-05-08_18-38-35/28-openroad-globalplacement/mesh_tile.nl.v'…
Writing powered netlist to '/home/etcfranc/NoCNoC/librelane/noc_tile/runs/RUN_2026-05-08_18-38-35/28-openroad-globalplacement/mesh_tile.pnl.v'…
Writing layout to '/home/etcfranc/NoCNoC/librelane/noc_tile/runs/RUN_2026-05-08_18-38-35/28-openroad-globalplacement/mesh_tile.def'…
Writing timing constraints to '/home/etcfranc/NoCNoC/librelane/noc_tile/runs/RUN_2026-05-08_18-38-35/28-openroad-globalplacement/mesh_tile.sdc'…
