
===========================================================================
report_checks -unconstrained
===========================================================================
======================= min_ff_n40C_3v60 Corner ===================================

Startpoint: sram2048.u_bank0 (rising edge-triggered flip-flop clocked by clk)
Endpoint: dft_rdata[1] (output port clocked by clk)
Path Group: clk
Path Type: max

Fanout         Cap        Slew       Delay        Time   Description
---------------------------------------------------------------------------------------------
                                  0.000000    0.000000   clock clk (rise edge)
                                  0.000000    0.000000   clock source latency
     2    0.136679    0.184802    0.125889    0.125889 ^ clk (in)
                                                         clk (net)
                      0.185539    0.000000    0.125889 ^ delaybuf_0_clk/A (gf180mcu_as_sc_mcu7t3v3__clkbuff_12)
     1    0.021695    0.023336    0.114322    0.240211 ^ delaybuf_0_clk/Y (gf180mcu_as_sc_mcu7t3v3__clkbuff_12)
                                                         delaynet_0_clk (net)
                      0.023337    0.000253    0.240464 ^ delaybuf_1_clk/A (gf180mcu_as_sc_mcu7t3v3__clkbuff_12)
     1    0.021535    0.022878    0.092857    0.333321 ^ delaybuf_1_clk/Y (gf180mcu_as_sc_mcu7t3v3__clkbuff_12)
                                                         delaynet_1_clk (net)
                      0.022881    0.000449    0.333770 ^ clkbuf_0_clk/A (gf180mcu_as_sc_mcu7t3v3__clkbuff_12)
     2    0.120184    0.060291    0.114861    0.448630 ^ clkbuf_0_clk/Y (gf180mcu_as_sc_mcu7t3v3__clkbuff_12)
                                                         clknet_0_clk (net)
                      0.076796    0.018466    0.467096 ^ clkbuf_1_1__f_clk/A (gf180mcu_as_sc_mcu7t3v3__clkbuff_12)
     1    0.310812    0.149481    0.172663    0.639760 ^ clkbuf_1_1__f_clk/Y (gf180mcu_as_sc_mcu7t3v3__clkbuff_12)
                                                         clknet_1_1__leaf_clk (net)
                      0.156919    0.020163    0.659923 ^ sram2048.u_bank0/CLK (gf180mcu_ocd_ip_sram__sram1024x8m8wm1)
     1    0.074393    0.189040    4.286687    4.946611 v sram2048.u_bank0/Q[1] (gf180mcu_ocd_ip_sram__sram1024x8m8wm1)
                                                         sram2048.q_bank0[1] (net)
                      0.190400    0.004963    4.951573 v _2738_/A (gf180mcu_as_sc_mcu7t3v3__mux2_2)
     7    0.153724    0.274420    0.406008    5.357581 v _2738_/Y (gf180mcu_as_sc_mcu7t3v3__mux2_2)
                                                         core_inst.rf_mem_if.o_wb_rdt[25] (net)
                      0.274540    0.003526    5.361107 v _5479_/A (gf180mcu_as_sc_mcu7t3v3__buff_2)
     1    0.008173    0.025675    0.138478    5.499585 v _5479_/Y (gf180mcu_as_sc_mcu7t3v3__buff_2)
                                                         net318 (net)
                      0.025677    0.000176    5.499761 v output318/A (gf180mcu_as_sc_mcu7t3v3__buff_2)
     1    0.074335    0.122108    0.187535    5.687296 v output318/Y (gf180mcu_as_sc_mcu7t3v3__buff_2)
                                                         dft_rdata[1] (net)
                      0.122118    0.000631    5.687927 v dft_rdata[1] (out)
                                              5.687927   data arrival time

                                 40.000000   40.000000   clock clk (rise edge)
                                  0.000000   40.000000   clock network delay (propagated)
                                 -0.250000   39.750000   clock uncertainty
                                  0.000000   39.750000   clock reconvergence pessimism
                                 -8.000000   31.750000   output external delay
                                             31.750000   data required time
---------------------------------------------------------------------------------------------
                                             31.750000   data required time
                                             -5.687927   data arrival time
---------------------------------------------------------------------------------------------
                                             26.062073   slack (MET)




===========================================================================
report_checks --slack_max -0.01
============================================================================
======================= min_ff_n40C_3v60 Corner ===================================

No paths found.


===========================================================================
 report_check_types -max_slew -max_cap -max_fanout -violators
============================================================================
======================= min_ff_n40C_3v60 Corner ===================================

max fanout

Pin                                   Limit Fanout  Slack
---------------------------------------------------------
clkbuf_leaf_11_clk_regs/Y                 9     18     -9 (VIOLATED)
clkbuf_leaf_10_clk_regs/Y                 9     17     -8 (VIOLATED)
clkbuf_leaf_19_clk_regs/Y                 9     17     -8 (VIOLATED)
clkbuf_leaf_23_clk_regs/Y                 9     17     -8 (VIOLATED)
clkbuf_leaf_3_clk_regs/Y                  9     17     -8 (VIOLATED)
clkbuf_leaf_14_clk_regs/Y                 9     16     -7 (VIOLATED)
clkbuf_leaf_18_clk_regs/Y                 9     16     -7 (VIOLATED)
clkbuf_leaf_22_clk_regs/Y                 9     16     -7 (VIOLATED)
clkbuf_leaf_2_clk_regs/Y                  9     16     -7 (VIOLATED)
clkbuf_leaf_6_clk_regs/Y                  9     16     -7 (VIOLATED)
clkbuf_leaf_8_clk_regs/Y                  9     16     -7 (VIOLATED)
clkbuf_leaf_9_clk_regs/Y                  9     16     -7 (VIOLATED)
clkbuf_leaf_15_clk_regs/Y                 9     15     -6 (VIOLATED)
clkbuf_leaf_20_clk_regs/Y                 9     15     -6 (VIOLATED)
clkbuf_leaf_26_clk_regs/Y                 9     15     -6 (VIOLATED)
clkbuf_leaf_35_clk_regs/Y                 9     15     -6 (VIOLATED)
clkbuf_leaf_36_clk_regs/Y                 9     15     -6 (VIOLATED)
clkbuf_leaf_4_clk_regs/Y                  9     15     -6 (VIOLATED)
clkbuf_leaf_0_clk_regs/Y                  9     14     -5 (VIOLATED)
clkbuf_leaf_12_clk_regs/Y                 9     14     -5 (VIOLATED)
clkbuf_leaf_13_clk_regs/Y                 9     14     -5 (VIOLATED)
clkbuf_leaf_1_clk_regs/Y                  9     14     -5 (VIOLATED)
clkbuf_leaf_25_clk_regs/Y                 9     14     -5 (VIOLATED)
clkbuf_leaf_27_clk_regs/Y                 9     14     -5 (VIOLATED)
clkbuf_leaf_29_clk_regs/Y                 9     14     -5 (VIOLATED)
clkbuf_leaf_30_clk_regs/Y                 9     14     -5 (VIOLATED)
clkbuf_leaf_32_clk_regs/Y                 9     14     -5 (VIOLATED)
clkbuf_leaf_5_clk_regs/Y                  9     14     -5 (VIOLATED)
clkbuf_leaf_21_clk_regs/Y                 9     13     -4 (VIOLATED)
clkbuf_leaf_24_clk_regs/Y                 9     13     -4 (VIOLATED)
clkbuf_leaf_28_clk_regs/Y                 9     13     -4 (VIOLATED)
clkbuf_leaf_34_clk_regs/Y                 9     13     -4 (VIOLATED)
clkbuf_leaf_37_clk_regs/Y                 9     13     -4 (VIOLATED)
clkbuf_leaf_16_clk_regs/Y                 9     12     -3 (VIOLATED)
clkbuf_leaf_17_clk_regs/Y                 9     12     -3 (VIOLATED)
clkbuf_leaf_33_clk_regs/Y                 9     12     -3 (VIOLATED)
clkbuf_leaf_7_clk_regs/Y                  9     12     -3 (VIOLATED)
clkbuf_leaf_31_clk_regs/Y                 9     11     -2 (VIOLATED)

max capacitance

Pin                                        Limit         Cap       Slack
------------------------------------------------------------------------
clkbuf_1_1__f_clk/Y                     0.200000    0.310812   -0.110812 (VIOLATED)
clkbuf_1_0__f_clk/Y                     0.200000    0.300578   -0.100578 (VIOLATED)
clkbuf_0_clk_regs/Y                     0.200000    0.246048   -0.046048 (VIOLATED)



===========================================================================
report_parasitic_annotation -report_unannotated
============================================================================
Found 31 unannotated drivers.
 clkload0/Y
 clkload1/Y
 clkload10/Y
 clkload11/Y
 clkload12/Y
 clkload13/Y
 clkload14/Y
 clkload15/Y
 clkload16/Y
 clkload17/Y
 clkload18/Y
 clkload19/Y
 clkload2/Y
 clkload20/Y
 clkload21/Y
 clkload22/Y
 clkload23/Y
 clkload24/Y
 clkload25/Y
 clkload26/Y
 clkload27/Y
 clkload28/Y
 clkload29/Y
 clkload3/Y
 clkload30/Y
 clkload4/Y
 clkload5/Y
 clkload6/Y
 clkload7/Y
 clkload8/Y
 clkload9/Y
Found 0 partially unannotated drivers.

===========================================================================
max slew violation count 0
max fanout violation count 38
max cap violation count 3
============================================================================

===========================================================================
check_setup -verbose -unconstrained_endpoints -multiple_clock -no_clock -no_input_delay -loops -generated_clocks
===========================================================================
