Clock: clk
Sources: clk 
Generated: no
Virtual: yes
Propagated: no
Period: 40.000000

===========================================================================
report_clock_properties
============================================================================
Clock                   Period          Waveform
----------------------------------------------------
clk                  40.000000    0.000000 20.000000

===========================================================================
report_clock_latency
============================================================================
Clock clk
rise -> rise
    min     max
0.000000 0.000000 source latency
0.636473         network latency sram2048.u_bank1/CLK
        0.742911 network latency _5273_/CLK
---------------
0.636473 0.742911 latency
        0.106438 skew

fall -> fall
    min     max
0.000000 0.000000 source latency
0.590656         network latency sram2048.u_bank1/CLK
        0.703491 network latency _5273_/CLK
---------------
0.590656 0.703491 latency
        0.112834 skew



===========================================================================
report_clock_min_period
============================================================================
clk period_min = 7.34 fmax = 136.27
