
===========================================================================
 report_power
============================================================================
======================= min_ff_n40C_3v60 Corner ===================================

Group                    Internal    Switching      Leakage        Total
                            Power        Power        Power        Power (Watts)
------------------------------------------------------------------------
Sequential           0.000000e+00 6.347465e-05 0.000000e+00 6.347465e-05   0.3%
Combinational        1.842455e-03 1.130780e-03 0.000000e+00 2.973235e-03  15.1%
Clock                3.647543e-03 2.252384e-03 0.000000e+00 5.899927e-03  30.1%
Macro                1.069630e-02 0.000000e+00 6.450625e-07 1.069694e-02  54.5%
Pad                  0.000000e+00 0.000000e+00 0.000000e+00 0.000000e+00   0.0%
------------------------------------------------------------------------
Total                1.618629e-02 3.446641e-03 6.450625e-07 1.963358e-02 100.0%
                            82.4%        17.6%         0.0%

