Clock: clk
Sources: clk 
Generated: no
Virtual: yes
Propagated: no
Period: 40.000000

===========================================================================
report_clock_properties
============================================================================
Clock                   Period          Waveform
----------------------------------------------------
clk                  40.000000    0.000000 20.000000

===========================================================================
report_clock_latency
============================================================================
Clock clk
rise -> rise
    min     max
0.000000 0.000000 source latency
5.968802         network latency sram2048.u_bank1/CLK
        5.969534 network latency _4776_/CLK
---------------
5.968802 5.969534 latency
        0.000731 skew

fall -> fall
    min     max
0.000000 0.000000 source latency
3.819894         network latency sram2048.u_bank1/CLK
        3.820626 network latency _4776_/CLK
---------------
3.819894 3.820626 latency
        0.000732 skew



===========================================================================
report_clock_min_period
============================================================================
clk period_min = 11.13 fmax = 89.81
