
===========================================================================
 report_power
============================================================================
======================= nom_tt_025C_3v30 Corner ===================================

Group                    Internal    Switching      Leakage        Total
                            Power        Power        Power        Power (Watts)
------------------------------------------------------------------------
Sequential           0.000000e+00 1.907897e-04 0.000000e+00 1.907897e-04   1.8%
Combinational        9.644835e-04 4.705463e-04 0.000000e+00 1.435030e-03  13.5%
Clock                0.000000e+00 0.000000e+00 0.000000e+00 0.000000e+00   0.0%
Macro                9.005347e-03 0.000000e+00 5.433186e-07 9.005890e-03  84.7%
Pad                  0.000000e+00 0.000000e+00 0.000000e+00 0.000000e+00   0.0%
------------------------------------------------------------------------
Total                9.969831e-03 6.613364e-04 5.433186e-07 1.063171e-02 100.0%
                            93.8%         6.2%         0.0%
Writing metric power__internal__total: 0.009969830513000488
Writing metric power__switching__total: 0.000661336409393698
Writing metric power__leakage__total: 5.433186061054585e-7
Writing metric power__total: 0.010631710290908813

