Clock: clk
Sources: clk 
Generated: no
Virtual: yes
Propagated: no
Period: 40.000000

===========================================================================
report_clock_properties
============================================================================
Clock                   Period          Waveform
----------------------------------------------------
clk                  40.000000    0.000000 20.000000

===========================================================================
report_clock_latency
============================================================================
Clock clk
rise -> rise
    min     max
0.000000 0.000000 source latency
0.647292         network latency sram2048.u_bank1/CLK
        0.787327 network latency _5273_/CLK
---------------
0.647292 0.787327 latency
        0.140034 skew

fall -> fall
    min     max
0.000000 0.000000 source latency
0.597101         network latency sram2048.u_bank1/CLK
        0.744576 network latency _5273_/CLK
---------------
0.597101 0.744576 latency
        0.147475 skew



===========================================================================
report_clock_min_period
============================================================================
clk period_min = 7.42 fmax = 134.76
