
===========================================================================
 report_power
============================================================================
======================= max_ff_n40C_3v60 Corner ===================================

Group                    Internal    Switching      Leakage        Total
                            Power        Power        Power        Power (Watts)
------------------------------------------------------------------------
Sequential           0.000000e+00 7.393981e-05 0.000000e+00 7.393981e-05   0.4%
Combinational        2.006820e-03 1.276041e-03 0.000000e+00 3.282862e-03  16.1%
Clock                3.873696e-03 2.428951e-03 0.000000e+00 6.302647e-03  31.0%
Macro                1.069630e-02 0.000000e+00 6.450625e-07 1.069694e-02  52.5%
Pad                  0.000000e+00 0.000000e+00 0.000000e+00 0.000000e+00   0.0%
------------------------------------------------------------------------
Total                1.657681e-02 3.778932e-03 6.450625e-07 2.035638e-02 100.0%
                            81.4%        18.6%         0.0%

