Clock: clk
Sources: clk 
Generated: no
Virtual: yes
Propagated: no
Period: 40.000000

===========================================================================
report_clock_properties
============================================================================
Clock                   Period          Waveform
----------------------------------------------------
clk                  40.000000    0.000000 20.000000

===========================================================================
report_clock_latency
============================================================================
Clock clk
rise -> rise
    min     max
0.000000 0.000000 source latency
0.806855         network latency sram2048.u_bank1/CLK
        0.932616 network latency _5273_/CLK
---------------
0.806855 0.932616 latency
        0.125761 skew

fall -> fall
    min     max
0.000000 0.000000 source latency
0.745594         network latency sram2048.u_bank1/CLK
        0.876637 network latency _5273_/CLK
---------------
0.745594 0.876637 latency
        0.131044 skew



===========================================================================
report_clock_min_period
============================================================================
clk period_min = 11.12 fmax = 89.89
