
===========================================================================
 report_power
============================================================================
======================= min_tt_025C_3v30 Corner ===================================

Group                    Internal    Switching      Leakage        Total
                            Power        Power        Power        Power (Watts)
------------------------------------------------------------------------
Sequential           0.000000e+00 5.376787e-05 0.000000e+00 5.376787e-05   0.3%
Combinational        1.528118e-03 9.619856e-04 0.000000e+00 2.490103e-03  15.0%
Clock                3.075659e-03 1.934567e-03 0.000000e+00 5.010225e-03  30.3%
Macro                9.005347e-03 0.000000e+00 5.433186e-07 9.005890e-03  54.4%
Pad                  0.000000e+00 0.000000e+00 0.000000e+00 0.000000e+00   0.0%
------------------------------------------------------------------------
Total                1.360912e-02 2.950319e-03 5.433186e-07 1.655999e-02 100.0%
                            82.2%        17.8%         0.0%

