
43. Executing PROC_DLATCH pass (convert process syncs to latches).
No latch inferred for signal `$paramod\servile_mux\sim=1'0.\sim_ack' from process `$paramod\servile_mux\sim=1'0.$proc$/home/etcfranc/NoCNoC/src/serv/servile/servile_mux.v:96$501'.
No latch inferred for signal `$paramod\mesh_router\MY_ID=4'0000.\next_n' from process `$paramod\mesh_router\MY_ID=4'0000.$proc$/home/etcfranc/NoCNoC/src/mesh$20-$20Psi&Aan/mesh_router.v:286$109'.
No latch inferred for signal `$paramod\mesh_router\MY_ID=4'0000.\next_s' from process `$paramod\mesh_router\MY_ID=4'0000.$proc$/home/etcfranc/NoCNoC/src/mesh$20-$20Psi&Aan/mesh_router.v:286$109'.
No latch inferred for signal `$paramod\mesh_router\MY_ID=4'0000.\next_e' from process `$paramod\mesh_router\MY_ID=4'0000.$proc$/home/etcfranc/NoCNoC/src/mesh$20-$20Psi&Aan/mesh_router.v:286$109'.
No latch inferred for signal `$paramod\mesh_router\MY_ID=4'0000.\next_w' from process `$paramod\mesh_router\MY_ID=4'0000.$proc$/home/etcfranc/NoCNoC/src/mesh$20-$20Psi&Aan/mesh_router.v:286$109'.
No latch inferred for signal `$paramod\mesh_router\MY_ID=4'0000.\next_ne' from process `$paramod\mesh_router\MY_ID=4'0000.$proc$/home/etcfranc/NoCNoC/src/mesh$20-$20Psi&Aan/mesh_router.v:286$109'.
No latch inferred for signal `$paramod\mesh_router\MY_ID=4'0000.\next_nw' from process `$paramod\mesh_router\MY_ID=4'0000.$proc$/home/etcfranc/NoCNoC/src/mesh$20-$20Psi&Aan/mesh_router.v:286$109'.
No latch inferred for signal `$paramod\mesh_router\MY_ID=4'0000.\next_se' from process `$paramod\mesh_router\MY_ID=4'0000.$proc$/home/etcfranc/NoCNoC/src/mesh$20-$20Psi&Aan/mesh_router.v:286$109'.
No latch inferred for signal `$paramod\mesh_router\MY_ID=4'0000.\next_sw' from process `$paramod\mesh_router\MY_ID=4'0000.$proc$/home/etcfranc/NoCNoC/src/mesh$20-$20Psi&Aan/mesh_router.v:286$109'.
No latch inferred for signal `$paramod\mesh_router\MY_ID=4'0000.\next_eject' from process `$paramod\mesh_router\MY_ID=4'0000.$proc$/home/etcfranc/NoCNoC/src/mesh$20-$20Psi&Aan/mesh_router.v:286$109'.
No latch inferred for signal `$paramod\mesh_router\MY_ID=4'0000.\route_one$func$/home/etcfranc/NoCNoC/src/mesh$20-$20Psi&Aan/mesh_router.v:290$37.flit' from process `$paramod\mesh_router\MY_ID=4'0000.$proc$/home/etcfranc/NoCNoC/src/mesh$20-$20Psi&Aan/mesh_router.v:286$109'.
No latch inferred for signal `$paramod\mesh_router\MY_ID=4'0000.\route_one$func$/home/etcfranc/NoCNoC/src/mesh$20-$20Psi&Aan/mesh_router.v:290$37.tgt_row' from process `$paramod\mesh_router\MY_ID=4'0000.$proc$/home/etcfranc/NoCNoC/src/mesh$20-$20Psi&Aan/mesh_router.v:286$109'.
No latch inferred for signal `$paramod\mesh_router\MY_ID=4'0000.\route_one$func$/home/etcfranc/NoCNoC/src/mesh$20-$20Psi&Aan/mesh_router.v:290$37.tgt_col' from process `$paramod\mesh_router\MY_ID=4'0000.$proc$/home/etcfranc/NoCNoC/src/mesh$20-$20Psi&Aan/mesh_router.v:286$109'.
No latch inferred for signal `$paramod\mesh_router\MY_ID=4'0000.\route_one$func$/home/etcfranc/NoCNoC/src/mesh$20-$20Psi&Aan/mesh_router.v:291$38.flit' from process `$paramod\mesh_router\MY_ID=4'0000.$proc$/home/etcfranc/NoCNoC/src/mesh$20-$20Psi&Aan/mesh_router.v:286$109'.
No latch inferred for signal `$paramod\mesh_router\MY_ID=4'0000.\route_one$func$/home/etcfranc/NoCNoC/src/mesh$20-$20Psi&Aan/mesh_router.v:291$38.tgt_row' from process `$paramod\mesh_router\MY_ID=4'0000.$proc$/home/etcfranc/NoCNoC/src/mesh$20-$20Psi&Aan/mesh_router.v:286$109'.
No latch inferred for signal `$paramod\mesh_router\MY_ID=4'0000.\route_one$func$/home/etcfranc/NoCNoC/src/mesh$20-$20Psi&Aan/mesh_router.v:291$38.tgt_col' from process `$paramod\mesh_router\MY_ID=4'0000.$proc$/home/etcfranc/NoCNoC/src/mesh$20-$20Psi&Aan/mesh_router.v:286$109'.
No latch inferred for signal `$paramod\mesh_router\MY_ID=4'0000.\route_one$func$/home/etcfranc/NoCNoC/src/mesh$20-$20Psi&Aan/mesh_router.v:292$39.flit' from process `$paramod\mesh_router\MY_ID=4'0000.$proc$/home/etcfranc/NoCNoC/src/mesh$20-$20Psi&Aan/mesh_router.v:286$109'.
No latch inferred for signal `$paramod\mesh_router\MY_ID=4'0000.\route_one$func$/home/etcfranc/NoCNoC/src/mesh$20-$20Psi&Aan/mesh_router.v:292$39.tgt_row' from process `$paramod\mesh_router\MY_ID=4'0000.$proc$/home/etcfranc/NoCNoC/src/mesh$20-$20Psi&Aan/mesh_router.v:286$109'.
No latch inferred for signal `$paramod\mesh_router\MY_ID=4'0000.\route_one$func$/home/etcfranc/NoCNoC/src/mesh$20-$20Psi&Aan/mesh_router.v:292$39.tgt_col' from process `$paramod\mesh_router\MY_ID=4'0000.$proc$/home/etcfranc/NoCNoC/src/mesh$20-$20Psi&Aan/mesh_router.v:286$109'.
No latch inferred for signal `$paramod\mesh_router\MY_ID=4'0000.\route_one$func$/home/etcfranc/NoCNoC/src/mesh$20-$20Psi&Aan/mesh_router.v:293$40.flit' from process `$paramod\mesh_router\MY_ID=4'0000.$proc$/home/etcfranc/NoCNoC/src/mesh$20-$20Psi&Aan/mesh_router.v:286$109'.
No latch inferred for signal `$paramod\mesh_router\MY_ID=4'0000.\route_one$func$/home/etcfranc/NoCNoC/src/mesh$20-$20Psi&Aan/mesh_router.v:293$40.tgt_row' from process `$paramod\mesh_router\MY_ID=4'0000.$proc$/home/etcfranc/NoCNoC/src/mesh$20-$20Psi&Aan/mesh_router.v:286$109'.
No latch inferred for signal `$paramod\mesh_router\MY_ID=4'0000.\route_one$func$/home/etcfranc/NoCNoC/src/mesh$20-$20Psi&Aan/mesh_router.v:293$40.tgt_col' from process `$paramod\mesh_router\MY_ID=4'0000.$proc$/home/etcfranc/NoCNoC/src/mesh$20-$20Psi&Aan/mesh_router.v:286$109'.
No latch inferred for signal `$paramod\mesh_router\MY_ID=4'0000.\route_one$func$/home/etcfranc/NoCNoC/src/mesh$20-$20Psi&Aan/mesh_router.v:294$41.flit' from process `$paramod\mesh_router\MY_ID=4'0000.$proc$/home/etcfranc/NoCNoC/src/mesh$20-$20Psi&Aan/mesh_router.v:286$109'.
No latch inferred for signal `$paramod\mesh_router\MY_ID=4'0000.\route_one$func$/home/etcfranc/NoCNoC/src/mesh$20-$20Psi&Aan/mesh_router.v:294$41.tgt_row' from process `$paramod\mesh_router\MY_ID=4'0000.$proc$/home/etcfranc/NoCNoC/src/mesh$20-$20Psi&Aan/mesh_router.v:286$109'.
No latch inferred for signal `$paramod\mesh_router\MY_ID=4'0000.\route_one$func$/home/etcfranc/NoCNoC/src/mesh$20-$20Psi&Aan/mesh_router.v:294$41.tgt_col' from process `$paramod\mesh_router\MY_ID=4'0000.$proc$/home/etcfranc/NoCNoC/src/mesh$20-$20Psi&Aan/mesh_router.v:286$109'.
No latch inferred for signal `$paramod\mesh_router\MY_ID=4'0000.\route_one$func$/home/etcfranc/NoCNoC/src/mesh$20-$20Psi&Aan/mesh_router.v:295$42.flit' from process `$paramod\mesh_router\MY_ID=4'0000.$proc$/home/etcfranc/NoCNoC/src/mesh$20-$20Psi&Aan/mesh_router.v:286$109'.
No latch inferred for signal `$paramod\mesh_router\MY_ID=4'0000.\route_one$func$/home/etcfranc/NoCNoC/src/mesh$20-$20Psi&Aan/mesh_router.v:295$42.tgt_row' from process `$paramod\mesh_router\MY_ID=4'0000.$proc$/home/etcfranc/NoCNoC/src/mesh$20-$20Psi&Aan/mesh_router.v:286$109'.
No latch inferred for signal `$paramod\mesh_router\MY_ID=4'0000.\route_one$func$/home/etcfranc/NoCNoC/src/mesh$20-$20Psi&Aan/mesh_router.v:295$42.tgt_col' from process `$paramod\mesh_router\MY_ID=4'0000.$proc$/home/etcfranc/NoCNoC/src/mesh$20-$20Psi&Aan/mesh_router.v:286$109'.
No latch inferred for signal `$paramod\mesh_router\MY_ID=4'0000.\route_one$func$/home/etcfranc/NoCNoC/src/mesh$20-$20Psi&Aan/mesh_router.v:296$43.flit' from process `$paramod\mesh_router\MY_ID=4'0000.$proc$/home/etcfranc/NoCNoC/src/mesh$20-$20Psi&Aan/mesh_router.v:286$109'.
No latch inferred for signal `$paramod\mesh_router\MY_ID=4'0000.\route_one$func$/home/etcfranc/NoCNoC/src/mesh$20-$20Psi&Aan/mesh_router.v:296$43.tgt_row' from process `$paramod\mesh_router\MY_ID=4'0000.$proc$/home/etcfranc/NoCNoC/src/mesh$20-$20Psi&Aan/mesh_router.v:286$109'.
No latch inferred for signal `$paramod\mesh_router\MY_ID=4'0000.\route_one$func$/home/etcfranc/NoCNoC/src/mesh$20-$20Psi&Aan/mesh_router.v:296$43.tgt_col' from process `$paramod\mesh_router\MY_ID=4'0000.$proc$/home/etcfranc/NoCNoC/src/mesh$20-$20Psi&Aan/mesh_router.v:286$109'.
No latch inferred for signal `$paramod\mesh_router\MY_ID=4'0000.\route_one$func$/home/etcfranc/NoCNoC/src/mesh$20-$20Psi&Aan/mesh_router.v:297$44.flit' from process `$paramod\mesh_router\MY_ID=4'0000.$proc$/home/etcfranc/NoCNoC/src/mesh$20-$20Psi&Aan/mesh_router.v:286$109'.
No latch inferred for signal `$paramod\mesh_router\MY_ID=4'0000.\route_one$func$/home/etcfranc/NoCNoC/src/mesh$20-$20Psi&Aan/mesh_router.v:297$44.tgt_row' from process `$paramod\mesh_router\MY_ID=4'0000.$proc$/home/etcfranc/NoCNoC/src/mesh$20-$20Psi&Aan/mesh_router.v:286$109'.
No latch inferred for signal `$paramod\mesh_router\MY_ID=4'0000.\route_one$func$/home/etcfranc/NoCNoC/src/mesh$20-$20Psi&Aan/mesh_router.v:297$44.tgt_col' from process `$paramod\mesh_router\MY_ID=4'0000.$proc$/home/etcfranc/NoCNoC/src/mesh$20-$20Psi&Aan/mesh_router.v:286$109'.
No latch inferred for signal `$paramod\mesh_router\MY_ID=4'0000.\route_one$func$/home/etcfranc/NoCNoC/src/mesh$20-$20Psi&Aan/mesh_router.v:298$45.flit' from process `$paramod\mesh_router\MY_ID=4'0000.$proc$/home/etcfranc/NoCNoC/src/mesh$20-$20Psi&Aan/mesh_router.v:286$109'.
No latch inferred for signal `$paramod\mesh_router\MY_ID=4'0000.\route_one$func$/home/etcfranc/NoCNoC/src/mesh$20-$20Psi&Aan/mesh_router.v:298$45.tgt_row' from process `$paramod\mesh_router\MY_ID=4'0000.$proc$/home/etcfranc/NoCNoC/src/mesh$20-$20Psi&Aan/mesh_router.v:286$109'.
No latch inferred for signal `$paramod\mesh_router\MY_ID=4'0000.\route_one$func$/home/etcfranc/NoCNoC/src/mesh$20-$20Psi&Aan/mesh_router.v:298$45.tgt_col' from process `$paramod\mesh_router\MY_ID=4'0000.$proc$/home/etcfranc/NoCNoC/src/mesh$20-$20Psi&Aan/mesh_router.v:286$109'.
No latch inferred for signal `$paramod\serv_decode\PRE_REGISTER=1'1\MDU=1'0.\o_ext_funct3' from process `$paramod\serv_decode\PRE_REGISTER=1'1\MDU=1'0.$proc$/home/etcfranc/NoCNoC/src/serv/rtl/serv_decode.v:255$902'.
No latch inferred for signal `$paramod\serv_decode\PRE_REGISTER=1'1\MDU=1'0.\o_bne_or_bge' from process `$paramod\serv_decode\PRE_REGISTER=1'1\MDU=1'0.$proc$/home/etcfranc/NoCNoC/src/serv/rtl/serv_decode.v:255$902'.
No latch inferred for signal `$paramod\serv_decode\PRE_REGISTER=1'1\MDU=1'0.\o_cond_branch' from process `$paramod\serv_decode\PRE_REGISTER=1'1\MDU=1'0.$proc$/home/etcfranc/NoCNoC/src/serv/rtl/serv_decode.v:255$902'.
No latch inferred for signal `$paramod\serv_decode\PRE_REGISTER=1'1\MDU=1'0.\o_dbus_en' from process `$paramod\serv_decode\PRE_REGISTER=1'1\MDU=1'0.$proc$/home/etcfranc/NoCNoC/src/serv/rtl/serv_decode.v:255$902'.
No latch inferred for signal `$paramod\serv_decode\PRE_REGISTER=1'1\MDU=1'0.\o_e_op' from process `$paramod\serv_decode\PRE_REGISTER=1'1\MDU=1'0.$proc$/home/etcfranc/NoCNoC/src/serv/rtl/serv_decode.v:255$902'.
No latch inferred for signal `$paramod\serv_decode\PRE_REGISTER=1'1\MDU=1'0.\o_ebreak' from process `$paramod\serv_decode\PRE_REGISTER=1'1\MDU=1'0.$proc$/home/etcfranc/NoCNoC/src/serv/rtl/serv_decode.v:255$902'.
No latch inferred for signal `$paramod\serv_decode\PRE_REGISTER=1'1\MDU=1'0.\o_branch_op' from process `$paramod\serv_decode\PRE_REGISTER=1'1\MDU=1'0.$proc$/home/etcfranc/NoCNoC/src/serv/rtl/serv_decode.v:255$902'.
No latch inferred for signal `$paramod\serv_decode\PRE_REGISTER=1'1\MDU=1'0.\o_shift_op' from process `$paramod\serv_decode\PRE_REGISTER=1'1\MDU=1'0.$proc$/home/etcfranc/NoCNoC/src/serv/rtl/serv_decode.v:255$902'.
No latch inferred for signal `$paramod\serv_decode\PRE_REGISTER=1'1\MDU=1'0.\o_rd_op' from process `$paramod\serv_decode\PRE_REGISTER=1'1\MDU=1'0.$proc$/home/etcfranc/NoCNoC/src/serv/rtl/serv_decode.v:255$902'.
No latch inferred for signal `$paramod\serv_decode\PRE_REGISTER=1'1\MDU=1'0.\o_sh_right' from process `$paramod\serv_decode\PRE_REGISTER=1'1\MDU=1'0.$proc$/home/etcfranc/NoCNoC/src/serv/rtl/serv_decode.v:255$902'.
No latch inferred for signal `$paramod\serv_decode\PRE_REGISTER=1'1\MDU=1'0.\o_mdu_op' from process `$paramod\serv_decode\PRE_REGISTER=1'1\MDU=1'0.$proc$/home/etcfranc/NoCNoC/src/serv/rtl/serv_decode.v:255$902'.
No latch inferred for signal `$paramod\serv_decode\PRE_REGISTER=1'1\MDU=1'0.\o_two_stage_op' from process `$paramod\serv_decode\PRE_REGISTER=1'1\MDU=1'0.$proc$/home/etcfranc/NoCNoC/src/serv/rtl/serv_decode.v:255$902'.
No latch inferred for signal `$paramod\serv_decode\PRE_REGISTER=1'1\MDU=1'0.\o_bufreg_rs1_en' from process `$paramod\serv_decode\PRE_REGISTER=1'1\MDU=1'0.$proc$/home/etcfranc/NoCNoC/src/serv/rtl/serv_decode.v:255$902'.
No latch inferred for signal `$paramod\serv_decode\PRE_REGISTER=1'1\MDU=1'0.\o_bufreg_imm_en' from process `$paramod\serv_decode\PRE_REGISTER=1'1\MDU=1'0.$proc$/home/etcfranc/NoCNoC/src/serv/rtl/serv_decode.v:255$902'.
No latch inferred for signal `$paramod\serv_decode\PRE_REGISTER=1'1\MDU=1'0.\o_bufreg_clr_lsb' from process `$paramod\serv_decode\PRE_REGISTER=1'1\MDU=1'0.$proc$/home/etcfranc/NoCNoC/src/serv/rtl/serv_decode.v:255$902'.
No latch inferred for signal `$paramod\serv_decode\PRE_REGISTER=1'1\MDU=1'0.\o_bufreg_sh_signed' from process `$paramod\serv_decode\PRE_REGISTER=1'1\MDU=1'0.$proc$/home/etcfranc/NoCNoC/src/serv/rtl/serv_decode.v:255$902'.
No latch inferred for signal `$paramod\serv_decode\PRE_REGISTER=1'1\MDU=1'0.\o_op_b_source' from process `$paramod\serv_decode\PRE_REGISTER=1'1\MDU=1'0.$proc$/home/etcfranc/NoCNoC/src/serv/rtl/serv_decode.v:255$902'.
No latch inferred for signal `$paramod\serv_decode\PRE_REGISTER=1'1\MDU=1'0.\o_ctrl_jal_or_jalr' from process `$paramod\serv_decode\PRE_REGISTER=1'1\MDU=1'0.$proc$/home/etcfranc/NoCNoC/src/serv/rtl/serv_decode.v:255$902'.
No latch inferred for signal `$paramod\serv_decode\PRE_REGISTER=1'1\MDU=1'0.\o_ctrl_utype' from process `$paramod\serv_decode\PRE_REGISTER=1'1\MDU=1'0.$proc$/home/etcfranc/NoCNoC/src/serv/rtl/serv_decode.v:255$902'.
No latch inferred for signal `$paramod\serv_decode\PRE_REGISTER=1'1\MDU=1'0.\o_ctrl_pc_rel' from process `$paramod\serv_decode\PRE_REGISTER=1'1\MDU=1'0.$proc$/home/etcfranc/NoCNoC/src/serv/rtl/serv_decode.v:255$902'.
No latch inferred for signal `$paramod\serv_decode\PRE_REGISTER=1'1\MDU=1'0.\o_ctrl_mret' from process `$paramod\serv_decode\PRE_REGISTER=1'1\MDU=1'0.$proc$/home/etcfranc/NoCNoC/src/serv/rtl/serv_decode.v:255$902'.
No latch inferred for signal `$paramod\serv_decode\PRE_REGISTER=1'1\MDU=1'0.\o_alu_sub' from process `$paramod\serv_decode\PRE_REGISTER=1'1\MDU=1'0.$proc$/home/etcfranc/NoCNoC/src/serv/rtl/serv_decode.v:255$902'.
No latch inferred for signal `$paramod\serv_decode\PRE_REGISTER=1'1\MDU=1'0.\o_alu_bool_op' from process `$paramod\serv_decode\PRE_REGISTER=1'1\MDU=1'0.$proc$/home/etcfranc/NoCNoC/src/serv/rtl/serv_decode.v:255$902'.
No latch inferred for signal `$paramod\serv_decode\PRE_REGISTER=1'1\MDU=1'0.\o_alu_cmp_eq' from process `$paramod\serv_decode\PRE_REGISTER=1'1\MDU=1'0.$proc$/home/etcfranc/NoCNoC/src/serv/rtl/serv_decode.v:255$902'.
No latch inferred for signal `$paramod\serv_decode\PRE_REGISTER=1'1\MDU=1'0.\o_alu_cmp_sig' from process `$paramod\serv_decode\PRE_REGISTER=1'1\MDU=1'0.$proc$/home/etcfranc/NoCNoC/src/serv/rtl/serv_decode.v:255$902'.
No latch inferred for signal `$paramod\serv_decode\PRE_REGISTER=1'1\MDU=1'0.\o_alu_rd_sel' from process `$paramod\serv_decode\PRE_REGISTER=1'1\MDU=1'0.$proc$/home/etcfranc/NoCNoC/src/serv/rtl/serv_decode.v:255$902'.
No latch inferred for signal `$paramod\serv_decode\PRE_REGISTER=1'1\MDU=1'0.\o_mem_cmd' from process `$paramod\serv_decode\PRE_REGISTER=1'1\MDU=1'0.$proc$/home/etcfranc/NoCNoC/src/serv/rtl/serv_decode.v:255$902'.
No latch inferred for signal `$paramod\serv_decode\PRE_REGISTER=1'1\MDU=1'0.\o_mem_signed' from process `$paramod\serv_decode\PRE_REGISTER=1'1\MDU=1'0.$proc$/home/etcfranc/NoCNoC/src/serv/rtl/serv_decode.v:255$902'.
No latch inferred for signal `$paramod\serv_decode\PRE_REGISTER=1'1\MDU=1'0.\o_mem_word' from process `$paramod\serv_decode\PRE_REGISTER=1'1\MDU=1'0.$proc$/home/etcfranc/NoCNoC/src/serv/rtl/serv_decode.v:255$902'.
No latch inferred for signal `$paramod\serv_decode\PRE_REGISTER=1'1\MDU=1'0.\o_mem_half' from process `$paramod\serv_decode\PRE_REGISTER=1'1\MDU=1'0.$proc$/home/etcfranc/NoCNoC/src/serv/rtl/serv_decode.v:255$902'.
No latch inferred for signal `$paramod\serv_decode\PRE_REGISTER=1'1\MDU=1'0.\o_csr_en' from process `$paramod\serv_decode\PRE_REGISTER=1'1\MDU=1'0.$proc$/home/etcfranc/NoCNoC/src/serv/rtl/serv_decode.v:255$902'.
No latch inferred for signal `$paramod\serv_decode\PRE_REGISTER=1'1\MDU=1'0.\o_csr_addr' from process `$paramod\serv_decode\PRE_REGISTER=1'1\MDU=1'0.$proc$/home/etcfranc/NoCNoC/src/serv/rtl/serv_decode.v:255$902'.
No latch inferred for signal `$paramod\serv_decode\PRE_REGISTER=1'1\MDU=1'0.\o_csr_mstatus_en' from process `$paramod\serv_decode\PRE_REGISTER=1'1\MDU=1'0.$proc$/home/etcfranc/NoCNoC/src/serv/rtl/serv_decode.v:255$902'.
No latch inferred for signal `$paramod\serv_decode\PRE_REGISTER=1'1\MDU=1'0.\o_csr_mie_en' from process `$paramod\serv_decode\PRE_REGISTER=1'1\MDU=1'0.$proc$/home/etcfranc/NoCNoC/src/serv/rtl/serv_decode.v:255$902'.
No latch inferred for signal `$paramod\serv_decode\PRE_REGISTER=1'1\MDU=1'0.\o_csr_mcause_en' from process `$paramod\serv_decode\PRE_REGISTER=1'1\MDU=1'0.$proc$/home/etcfranc/NoCNoC/src/serv/rtl/serv_decode.v:255$902'.
No latch inferred for signal `$paramod\serv_decode\PRE_REGISTER=1'1\MDU=1'0.\o_csr_source' from process `$paramod\serv_decode\PRE_REGISTER=1'1\MDU=1'0.$proc$/home/etcfranc/NoCNoC/src/serv/rtl/serv_decode.v:255$902'.
No latch inferred for signal `$paramod\serv_decode\PRE_REGISTER=1'1\MDU=1'0.\o_csr_d_sel' from process `$paramod\serv_decode\PRE_REGISTER=1'1\MDU=1'0.$proc$/home/etcfranc/NoCNoC/src/serv/rtl/serv_decode.v:255$902'.
No latch inferred for signal `$paramod\serv_decode\PRE_REGISTER=1'1\MDU=1'0.\o_csr_imm_en' from process `$paramod\serv_decode\PRE_REGISTER=1'1\MDU=1'0.$proc$/home/etcfranc/NoCNoC/src/serv/rtl/serv_decode.v:255$902'.
No latch inferred for signal `$paramod\serv_decode\PRE_REGISTER=1'1\MDU=1'0.\o_mtval_pc' from process `$paramod\serv_decode\PRE_REGISTER=1'1\MDU=1'0.$proc$/home/etcfranc/NoCNoC/src/serv/rtl/serv_decode.v:255$902'.
No latch inferred for signal `$paramod\serv_decode\PRE_REGISTER=1'1\MDU=1'0.\o_immdec_ctrl' from process `$paramod\serv_decode\PRE_REGISTER=1'1\MDU=1'0.$proc$/home/etcfranc/NoCNoC/src/serv/rtl/serv_decode.v:255$902'.
No latch inferred for signal `$paramod\serv_decode\PRE_REGISTER=1'1\MDU=1'0.\o_immdec_en' from process `$paramod\serv_decode\PRE_REGISTER=1'1\MDU=1'0.$proc$/home/etcfranc/NoCNoC/src/serv/rtl/serv_decode.v:255$902'.
No latch inferred for signal `$paramod\serv_decode\PRE_REGISTER=1'1\MDU=1'0.\o_rd_mem_en' from process `$paramod\serv_decode\PRE_REGISTER=1'1\MDU=1'0.$proc$/home/etcfranc/NoCNoC/src/serv/rtl/serv_decode.v:255$902'.
No latch inferred for signal `$paramod\serv_decode\PRE_REGISTER=1'1\MDU=1'0.\o_rd_csr_en' from process `$paramod\serv_decode\PRE_REGISTER=1'1\MDU=1'0.$proc$/home/etcfranc/NoCNoC/src/serv/rtl/serv_decode.v:255$902'.
No latch inferred for signal `$paramod\serv_decode\PRE_REGISTER=1'1\MDU=1'0.\o_rd_alu_en' from process `$paramod\serv_decode\PRE_REGISTER=1'1\MDU=1'0.$proc$/home/etcfranc/NoCNoC/src/serv/rtl/serv_decode.v:255$902'.
