173. Printing statistics.

=== mesh_tile ===

        +----------Local Count, excluding submodules.
        |        +-Local Area, excluding submodules.
        |        | 
     8980        - wires
    10144        - wire bits
      134        - public wires
     1275        - public wire bits
       28        - ports
      597        - port bits
     9571 3.16E+04 cells
      433        -   $_ANDNOT_
       54        -   $_AND_
     7321        -   $_MUX_
      130        -   $_NAND_
       76        -   $_NOR_
      341        -   $_NOT_
       62        -   $_ORNOT_
      585        -   $_OR_
        5        -   $_XNOR_
       30        -   $_XOR_
        1   81.222   gf180mcu_as_sc_mcu7t3v3__dfsrtp_2
      531 3.15E+04   gf180mcu_as_sc_mcu7t3v3__dfxtp_2
        2        -   gf180mcu_ocd_ip_sram__sram1024x8m8wm1

   Area for cell type $_ANDNOT_ is unknown!
   Area for cell type $_AND_ is unknown!
   Area for cell type $_MUX_ is unknown!
   Area for cell type $_NAND_ is unknown!
   Area for cell type $_NOR_ is unknown!
   Area for cell type $_NOT_ is unknown!
   Area for cell type $_ORNOT_ is unknown!
   Area for cell type $_OR_ is unknown!
   Area for cell type $_XNOR_ is unknown!
   Area for cell type $_XOR_ is unknown!
   Area for cell type \gf180mcu_ocd_ip_sram__sram1024x8m8wm1 is unknown!

   Chip area for module '\mesh_tile': 31553.804800
     of which used for sequential elements: 31553.804800 (100.00%)

