
47. Executing CHECK pass (checking for obvious problems).
Checking module mesh_tile...
Checking module $paramod\serv_mem_if\WITH_CSR=1'1\W=s32'00000000000000000000000000000001...
Checking module $paramod$3e7b4dd89124d05b1503dd2b902960520f2771f4\serv_csr...
Checking module $paramod\servile_mux\sim=1'0...
Checking module servile_arbiter...
Checking module $paramod$7dfcbd4a24f0bfdcc2f47551222fe0ba6c7d84ba\serv_rf_ram_if...
Checking module $paramod$71071d578d64cf2b9b55dab146290615dbda78fc\serv_top...
Checking module $paramod$66c001530bf531c4d0ead1bd2714da422040d366\servile_rf_mem_if...
Checking module $paramod$5d687c93bb8ae2c134ea134003a45acb1754b8ea\servile...
Checking module $paramod\subservient_core\memsize=s32'00000000000000000000100000000000...
Checking module sram2048x8_gf180...
Checking module $paramod\mesh_router\MY_ID=4'0000...
Checking module $paramod$e1f948ce0562a6173fd622abd894e278bdd3effe\serv_rf_if...
Checking module $paramod$f3cec78d1cfbbfc8778027792a43ce84e0717e5d\serv_state...
Checking module $paramod\serv_decode\PRE_REGISTER=1'1\MDU=1'0...
Checking module $paramod\serv_immdec\W=s32'00000000000000000000000000000001...
Checking module $paramod\serv_bufreg\MDU=1'0\W=s32'00000000000000000000000000000001...
Checking module $paramod\serv_bufreg2\W=s32'00000000000000000000000000000001...
Checking module $paramod$9612b4840d8ba9073515f47ec1c47f8b049edc33\serv_ctrl...
Checking module $paramod\serv_alu\W=s32'00000000000000000000000000000001...
Found and reported 0 problems.
