171. Printing statistics.

=== mesh_tile ===

        +----------Local Count, excluding submodules.
        | 
     8357 wires
     9521 wire bits
      134 public wires
     1275 public wire bits
       28 ports
      597 port bits
     8948 cells
      433   $_ANDNOT_
       54   $_AND_
       25   $_DFFE_PN_
      145   $_DFFE_PP_
        1   $_DFF_PP1_
       40   $_DFF_P_
     6699   $_MUX_
      130   $_NAND_
       76   $_NOR_
      340   $_NOT_
       62   $_ORNOT_
      585   $_OR_
       88   $_SDFFCE_PN0P_
       32   $_SDFFCE_PP0P_
       11   $_SDFFE_PP0P_
        2   $_SDFF_PN0_
      188   $_SDFF_PP0_
        5   $_XNOR_
       30   $_XOR_
        2   gf180mcu_ocd_ip_sram__sram1024x8m8wm1

   Area for cell type $_ANDNOT_ is unknown!
   Area for cell type $_AND_ is unknown!
   Area for cell type $_DFFE_PN_ is unknown!
   Area for cell type $_DFFE_PP_ is unknown!
   Area for cell type $_DFF_PP1_ is unknown!
   Area for cell type $_DFF_P_ is unknown!
   Area for cell type $_MUX_ is unknown!
   Area for cell type $_NAND_ is unknown!
   Area for cell type $_NOR_ is unknown!
   Area for cell type $_NOT_ is unknown!
   Area for cell type $_ORNOT_ is unknown!
   Area for cell type $_OR_ is unknown!
   Area for cell type $_SDFFCE_PN0P_ is unknown!
   Area for cell type $_SDFFCE_PP0P_ is unknown!
   Area for cell type $_SDFFE_PP0P_ is unknown!
   Area for cell type $_SDFF_PN0_ is unknown!
   Area for cell type $_SDFF_PP0_ is unknown!
   Area for cell type $_XNOR_ is unknown!
   Area for cell type $_XOR_ is unknown!
   Area for cell type \gf180mcu_ocd_ip_sram__sram1024x8m8wm1 is unknown!

