181. Printing statistics.

=== mesh_tile ===

        +----------Local Count, excluding submodules.
        |        +-Local Area, excluding submodules.
        |        | 
     2860        - wires
     3429        - wire bits
      470        - public wires
     1039        - public wire bits
       28        - ports
      597        - port bits
     3098 8.49E+04 cells
      263 4.04E+03   gf180mcu_as_sc_mcu7t3v3__and2_2
      222 5.36E+03   gf180mcu_as_sc_mcu7t3v3__ao211_2
       86 1.89E+03   gf180mcu_as_sc_mcu7t3v3__ao21_2
        1   37.318   gf180mcu_as_sc_mcu7t3v3__ao21b_2
      489 1.18E+04   gf180mcu_as_sc_mcu7t3v3__ao22_2
       94 2.06E+03   gf180mcu_as_sc_mcu7t3v3__ao31_2
       97 2.98E+03   gf180mcu_as_sc_mcu7t3v3__aoi211_2
       93 2.04E+03   gf180mcu_as_sc_mcu7t3v3__aoi21_2
       34  970.278   gf180mcu_as_sc_mcu7t3v3__aoi21b_2
        8  245.862   gf180mcu_as_sc_mcu7t3v3__aoi22_2
        8  245.862   gf180mcu_as_sc_mcu7t3v3__aoi31_2
        8   105.37   gf180mcu_as_sc_mcu7t3v3__buff_2
        1   81.222   gf180mcu_as_sc_mcu7t3v3__dfsrtp_2
      531 3.15E+04   gf180mcu_as_sc_mcu7t3v3__dfxtp_2
       89  781.491   gf180mcu_as_sc_mcu7t3v3__inv_2
        2   52.685   gf180mcu_as_sc_mcu7t3v3__maj3_2
      345 9.09E+03   gf180mcu_as_sc_mcu7t3v3__mux2_2
      110 1.69E+03   gf180mcu_as_sc_mcu7t3v3__nand2_2
       30   658.56   gf180mcu_as_sc_mcu7t3v3__nand2b_2
       21  507.091   gf180mcu_as_sc_mcu7t3v3__nand3_2
       11  338.061   gf180mcu_as_sc_mcu7t3v3__nand4_2
      147 2.26E+03   gf180mcu_as_sc_mcu7t3v3__nor2_2
       29  636.608   gf180mcu_as_sc_mcu7t3v3__nor2b_2
       62  1.5E+03   gf180mcu_as_sc_mcu7t3v3__nor3_2
        5   164.64   gf180mcu_as_sc_mcu7t3v3__oai211_2
       94 1.44E+03   gf180mcu_as_sc_mcu7t3v3__or2_2
        1    8.781   gf180mcu_as_sc_mcu7t3v3__tieh_4
      191 1.68E+03   gf180mcu_as_sc_mcu7t3v3__tiel_4
       24  737.587   gf180mcu_as_sc_mcu7t3v3__xnor2_2
        2        -   gf180mcu_ocd_ip_sram__sram1024x8m8wm1

   Area for cell type \gf180mcu_ocd_ip_sram__sram1024x8m8wm1 is unknown!

   Chip area for module '\mesh_tile': 84883.993600
     of which used for sequential elements: 31553.804800 (37.17%)

