                                                                        Cells by Master                                                                         
┏━━━━━━━━━━━━━━━━━━━━━━━━━━━━━━━━━━━━━━━━━━━━━━━━━━━━━━━━━━━━━━━━━━━━━━━━━━━━━━━━━━━━━━━━━━━━━━━━━━━━━━━━━━━━━━━━━━━━━━━━━━━━━━━━━━━━━━┳━━━━━━━━━━━━━━━━━━━━━━━┓
┃ Cell                                                                                                                                 ┃ Count                 ┃
┡━━━━━━━━━━━━━━━━━━━━━━━━━━━━━━━━━━━━━━━━━━━━━━━━━━━━━━━━━━━━━━━━━━━━━━━━━━━━━━━━━━━━━━━━━━━━━━━━━━━━━━━━━━━━━━━━━━━━━━━━━━━━━━━━━━━━━━╇━━━━━━━━━━━━━━━━━━━━━━━┩
│ gf180mcu_as_sc_mcu7t3v3__and2_2                                                                                                      │ 263                   │
│ gf180mcu_as_sc_mcu7t3v3__ao211_2                                                                                                     │ 222                   │
│ gf180mcu_as_sc_mcu7t3v3__ao21_2                                                                                                      │ 86                    │
│ gf180mcu_as_sc_mcu7t3v3__ao21b_2                                                                                                     │ 1                     │
│ gf180mcu_as_sc_mcu7t3v3__ao22_2                                                                                                      │ 489                   │
│ gf180mcu_as_sc_mcu7t3v3__ao31_2                                                                                                      │ 94                    │
│ gf180mcu_as_sc_mcu7t3v3__aoi211_2                                                                                                    │ 97                    │
│ gf180mcu_as_sc_mcu7t3v3__aoi21_2                                                                                                     │ 93                    │
│ gf180mcu_as_sc_mcu7t3v3__aoi21b_2                                                                                                    │ 34                    │
│ gf180mcu_as_sc_mcu7t3v3__aoi22_2                                                                                                     │ 8                     │
│ gf180mcu_as_sc_mcu7t3v3__aoi31_2                                                                                                     │ 8                     │
│ gf180mcu_as_sc_mcu7t3v3__buff_2                                                                                                      │ 859                   │
│ gf180mcu_as_sc_mcu7t3v3__buff_8                                                                                                      │ 14                    │
│ gf180mcu_as_sc_mcu7t3v3__clkbuff_12                                                                                                  │ 58                    │
│ gf180mcu_as_sc_mcu7t3v3__clkbuff_4                                                                                                   │ 7                     │
│ gf180mcu_as_sc_mcu7t3v3__dfsrtp_2                                                                                                    │ 1                     │
│ gf180mcu_as_sc_mcu7t3v3__dfxtp_2                                                                                                     │ 531                   │
│ gf180mcu_as_sc_mcu7t3v3__diode_2                                                                                                     │ 6                     │
│ gf180mcu_as_sc_mcu7t3v3__fill_1                                                                                                      │ 2094                  │
│ gf180mcu_as_sc_mcu7t3v3__fill_2                                                                                                      │ 1958                  │
│ gf180mcu_as_sc_mcu7t3v3__fillcap_16                                                                                                  │ 3680                  │
│ gf180mcu_as_sc_mcu7t3v3__fillcap_4                                                                                                   │ 2240                  │
│ gf180mcu_as_sc_mcu7t3v3__fillcap_8                                                                                                   │ 1552                  │
│ gf180mcu_as_sc_mcu7t3v3__inv_2                                                                                                       │ 96                    │
│ gf180mcu_as_sc_mcu7t3v3__inv_4                                                                                                       │ 8                     │
│ gf180mcu_as_sc_mcu7t3v3__inv_6                                                                                                       │ 7                     │
│ gf180mcu_as_sc_mcu7t3v3__maj3_2                                                                                                      │ 2                     │
│ gf180mcu_as_sc_mcu7t3v3__mux2_2                                                                                                      │ 345                   │
│ gf180mcu_as_sc_mcu7t3v3__nand2_2                                                                                                     │ 110                   │
│ gf180mcu_as_sc_mcu7t3v3__nand2b_2                                                                                                    │ 30                    │
│ gf180mcu_as_sc_mcu7t3v3__nand3_2                                                                                                     │ 21                    │
│ gf180mcu_as_sc_mcu7t3v3__nand4_2                                                                                                     │ 11                    │
│ gf180mcu_as_sc_mcu7t3v3__nor2_2                                                                                                      │ 147                   │
│ gf180mcu_as_sc_mcu7t3v3__nor2b_2                                                                                                     │ 29                    │
│ gf180mcu_as_sc_mcu7t3v3__nor3_2                                                                                                      │ 62                    │
│ gf180mcu_as_sc_mcu7t3v3__oai211_2                                                                                                    │ 5                     │
│ gf180mcu_as_sc_mcu7t3v3__or2_2                                                                                                       │ 94                    │
│ gf180mcu_as_sc_mcu7t3v3__tap_2                                                                                                       │ 2550                  │
│ gf180mcu_as_sc_mcu7t3v3__tieh_4                                                                                                      │ 1                     │
│ gf180mcu_as_sc_mcu7t3v3__tiel_4                                                                                                      │ 191                   │
│ gf180mcu_as_sc_mcu7t3v3__xnor2_2                                                                                                     │ 24                    │
│ gf180mcu_ocd_ip_sram__sram1024x8m8wm1                                                                                                │ 2                     │
└──────────────────────────────────────────────────────────────────────────────────────────────────────────────────────────────────────┴───────────────────────┘
