                                                                       Cells by Function                                                                        
┏━━━━━━━━━━━━━━━━━━━━━━━━━━━━━━━━━━━━━━━━━━━━━━━━━━━━━━━━━━━━━━━━━━━━━━━━━━━━━━━━━━━━━━━━━━━━━━━━━━━━━━━━━━━━━━━━━━━━━━━━━━━━━━━━━━━┳━━━━━━━━━━━━━━━━━━━━━━━━━━┓
┃ Cell Function                                                                                                                     ┃ Count                    ┃
┡━━━━━━━━━━━━━━━━━━━━━━━━━━━━━━━━━━━━━━━━━━━━━━━━━━━━━━━━━━━━━━━━━━━━━━━━━━━━━━━━━━━━━━━━━━━━━━━━━━━━━━━━━━━━━━━━━━━━━━━━━━━━━━━━━━━╇━━━━━━━━━━━━━━━━━━━━━━━━━━┩
│ gf180mcu_as_sc_mcu7t3v3__and2                                                                                                     │ 263                      │
│ gf180mcu_as_sc_mcu7t3v3__ao21                                                                                                     │ 86                       │
│ gf180mcu_as_sc_mcu7t3v3__ao211                                                                                                    │ 222                      │
│ gf180mcu_as_sc_mcu7t3v3__ao21b                                                                                                    │ 1                        │
│ gf180mcu_as_sc_mcu7t3v3__ao22                                                                                                     │ 489                      │
│ gf180mcu_as_sc_mcu7t3v3__ao31                                                                                                     │ 94                       │
│ gf180mcu_as_sc_mcu7t3v3__aoi21                                                                                                    │ 93                       │
│ gf180mcu_as_sc_mcu7t3v3__aoi211                                                                                                   │ 97                       │
│ gf180mcu_as_sc_mcu7t3v3__aoi21b                                                                                                   │ 34                       │
│ gf180mcu_as_sc_mcu7t3v3__aoi22                                                                                                    │ 8                        │
│ gf180mcu_as_sc_mcu7t3v3__aoi31                                                                                                    │ 8                        │
│ gf180mcu_as_sc_mcu7t3v3__buff                                                                                                     │ 873                      │
│ gf180mcu_as_sc_mcu7t3v3__clkbuff                                                                                                  │ 65                       │
│ gf180mcu_as_sc_mcu7t3v3__dfsrtp                                                                                                   │ 1                        │
│ gf180mcu_as_sc_mcu7t3v3__dfxtp                                                                                                    │ 531                      │
│ gf180mcu_as_sc_mcu7t3v3__diode                                                                                                    │ 6                        │
│ gf180mcu_as_sc_mcu7t3v3__fill                                                                                                     │ 4052                     │
│ gf180mcu_as_sc_mcu7t3v3__fillcap                                                                                                  │ 7472                     │
│ gf180mcu_as_sc_mcu7t3v3__inv                                                                                                      │ 111                      │
│ gf180mcu_as_sc_mcu7t3v3__maj3                                                                                                     │ 2                        │
│ gf180mcu_as_sc_mcu7t3v3__mux2                                                                                                     │ 345                      │
│ gf180mcu_as_sc_mcu7t3v3__nand2                                                                                                    │ 110                      │
│ gf180mcu_as_sc_mcu7t3v3__nand2b                                                                                                   │ 30                       │
│ gf180mcu_as_sc_mcu7t3v3__nand3                                                                                                    │ 21                       │
│ gf180mcu_as_sc_mcu7t3v3__nand4                                                                                                    │ 11                       │
│ gf180mcu_as_sc_mcu7t3v3__nor2                                                                                                     │ 147                      │
│ gf180mcu_as_sc_mcu7t3v3__nor2b                                                                                                    │ 29                       │
│ gf180mcu_as_sc_mcu7t3v3__nor3                                                                                                     │ 62                       │
│ gf180mcu_as_sc_mcu7t3v3__oai211                                                                                                   │ 5                        │
│ gf180mcu_as_sc_mcu7t3v3__or2                                                                                                      │ 94                       │
│ gf180mcu_as_sc_mcu7t3v3__tap                                                                                                      │ 2550                     │
│ gf180mcu_as_sc_mcu7t3v3__tieh                                                                                                     │ 1                        │
│ gf180mcu_as_sc_mcu7t3v3__tiel                                                                                                     │ 191                      │
│ gf180mcu_as_sc_mcu7t3v3__xnor2                                                                                                    │ 24                       │
└───────────────────────────────────────────────────────────────────────────────────────────────────────────────────────────────────┴──────────────────────────┘
