 time 1ns
 capacitance 1pF
 resistance 1ohm
 voltage 1v
 current 1mA
 power 1nW
 distance 1um
== Resizer RC Values (After Set RC) ==
=== Corner nom_tt_025C_3v30 ===
==== Estimation RC Values ====
Name                Direction           Res/Unit Distance   Cap/Unit Distance   
Signal              Avg                 2.419540e-04        1.445818e-04        
Clock               Avg                 2.419540e-04        1.445818e-04        
==== Rt. Layer RC Values ====
Name                Direction           Res/Unit Distance   Cap/Unit Distance   
Metal1              HORIZONTAL          0.000000e+00        0.000000e+00        
Metal2              VERTICAL            3.858610e-04        1.353570e-04        
Metal3              HORIZONTAL          2.066730e-04        1.461410e-04        
Metal4              VERTICAL            1.686090e-04        1.506880e-04        
Metal5              HORIZONTAL          7.927780e-05        1.555950e-04        
==== Via R Values ====
Name                Res/Unit Distance   
CON                 0.000000e+00        
Via1                1.684500e+01        
Via2                1.684500e+01        
Via3                1.684500e+01        
Via4                1.684500e+01        
