Clock: clk
Sources: clk 
Generated: no
Virtual: yes
Propagated: no
Period: 40.000000

===========================================================================
report_clock_properties
============================================================================
Clock                   Period          Waveform
----------------------------------------------------
clk                  40.000000    0.000000 20.000000

===========================================================================
report_clock_latency
============================================================================
Clock clk
rise -> rise
    min     max
0.000000 0.000000 source latency
0.922083         network latency sram2048.u_bank1/CLK
        1.026519 network latency _5100_/CLK
---------------
0.922083 1.026519 latency
        0.104436 skew

fall -> fall
    min     max
0.000000 0.000000 source latency
0.846738         network latency sram2048.u_bank1/CLK
        0.947468 network latency _5179_/CLK
---------------
0.846738 0.947468 latency
        0.100730 skew



===========================================================================
report_clock_min_period
============================================================================
clk period_min = 11.10 fmax = 90.08
