Clock: clk
Sources: clk 
Generated: no
Virtual: no
Propagated: no
Period: 40.000000

===========================================================================
report_clock_properties
============================================================================
Clock                   Period          Waveform
----------------------------------------------------
clk                  40.000000    0.000000 20.000000

===========================================================================
report_clock_latency
============================================================================
Clock clk
rise -> rise
    min     max
0.000000 0.000000 source latency
4.347478         network latency _4754_/CLK
        4.347478 network latency _4754_/CLK
---------------
4.347478 4.347478 latency
        0.000000 skew

fall -> fall
    min     max
0.000000 0.000000 source latency
2.782059         network latency _4754_/CLK
        2.782059 network latency _4754_/CLK
---------------
2.782059 2.782059 latency
        0.000000 skew



===========================================================================
report_clock_min_period
============================================================================
clk period_min = 9.97 fmax = 100.30
