
===========================================================================
 report_power
============================================================================
======================= nom_tt_025C_3v30 Corner ===================================

Group                    Internal    Switching      Leakage        Total
                            Power        Power        Power        Power (Watts)
------------------------------------------------------------------------
Sequential           0.000000e+00 1.849170e-04 0.000000e+00 1.849170e-04   1.8%
Combinational        7.043428e-04 2.701078e-04 0.000000e+00 9.744506e-04   9.6%
Clock                0.000000e+00 0.000000e+00 0.000000e+00 0.000000e+00   0.0%
Macro                9.005347e-03 0.000000e+00 5.433186e-07 9.005890e-03  88.6%
Pad                  0.000000e+00 0.000000e+00 0.000000e+00 0.000000e+00   0.0%
------------------------------------------------------------------------
Total                9.709690e-03 4.550253e-04 5.433186e-07 1.016526e-02 100.0%
                            95.5%         4.5%         0.0%

