2026-05-08 22:06:27 -0700: Memory Usage (423936K) : Starting running GF180MCU Klayout DRC runset on /home/etcfranc/NoCNoC/librelane/noc_tile/runs/RUN_2026-05-08_18-38-35/56-magic-streamout/mesh_tile.gds
2026-05-08 22:06:27 -0700: Memory Usage (423936K) : Ruby Version for klayout: 3.3.10
2026-05-08 22:06:27 -0700: Memory Usage (440832K) : Loading database to memory is complete.
2026-05-08 22:06:27 -0700: Memory Usage (440832K) : GF180MCU Klayout DRC runset output at: /home/etcfranc/NoCNoC/librelane/noc_tile/runs/RUN_2026-05-08_18-38-35/62-klayout-drc/reports/drc.klayout.lyrdb
2026-05-08 22:06:27 -0700: Memory Usage (440832K) : Evaluate switches.
2026-05-08 22:06:27 -0700: Memory Usage (440832K) : table_name selected  main
2026-05-08 22:06:27 -0700: Memory Usage (440832K) : CONNECTIVITY_RULES enabled: true
2026-05-08 22:06:27 -0700: Memory Usage (440832K) : Wedge enabled: true
2026-05-08 22:06:27 -0700: Memory Usage (440832K) : Ball enabled: false
2026-05-08 22:06:27 -0700: Memory Usage (440832K) : Gold enabled: false
2026-05-08 22:06:27 -0700: Memory Usage (440832K) : MIM Option selected: B
2026-05-08 22:06:27 -0700: Memory Usage (440832K) : Offgrid enabled:  true
2026-05-08 22:06:27 -0700: Memory Usage (440832K) : Number of threads to use 192
2026-05-08 22:06:27 -0700: Memory Usage (440832K) : Verbose mode: 
2026-05-08 22:06:27 -0700: Memory Usage (440832K) : deep  mode is enabled for main table
2026-05-08 22:06:27 -0700: Memory Usage (440832K) : METAL_TOP Selected is 11K
2026-05-08 22:06:27 -0700: Memory Usage (440832K) : METAL_STACK Selected is 5LM
2026-05-08 22:06:27 -0700: Memory Usage (440832K) : FEOL enabled: true
2026-05-08 22:06:27 -0700: Memory Usage (440832K) : BEOL enabled: true
2026-05-08 22:06:27 -0700: Memory Usage (440832K) : DUMMY enabled: true
2026-05-08 22:06:27 -0700: Memory Usage (440832K) : DUMMY_SUB_PREV enabled: false
2026-05-08 22:06:27 -0700: Memory Usage (440832K) : SLOW_VIA enabled: false
2026-05-08 22:06:27 -0700: Memory Usage (440832K) : Read in polygons from layers.
2026-05-08 22:06:27 -0700: Memory Usage (442368K) : comp has 229020 polygons
2026-05-08 22:06:27 -0700: Memory Usage (442368K) : dnwell has 0 polygons
2026-05-08 22:06:27 -0700: Memory Usage (442368K) : nwell has 50502 polygons
2026-05-08 22:06:27 -0700: Memory Usage (442368K) : lvpwell has 38148 polygons
2026-05-08 22:06:27 -0700: Memory Usage (442368K) : dualgate has 0 polygons
2026-05-08 22:06:27 -0700: Memory Usage (442368K) : poly2 has 274452 polygons
2026-05-08 22:06:27 -0700: Memory Usage (443904K) : nplus has 82494 polygons
2026-05-08 22:06:27 -0700: Memory Usage (443904K) : pplus has 110954 polygons
2026-05-08 22:06:27 -0700: Memory Usage (443904K) : sab has 0 polygons
2026-05-08 22:06:27 -0700: Memory Usage (443904K) : esd has 0 polygons
2026-05-08 22:06:27 -0700: Memory Usage (443904K) : resistor has 0 polygons
2026-05-08 22:06:27 -0700: Memory Usage (443904K) : fhres has 0 polygons
2026-05-08 22:06:27 -0700: Memory Usage (443904K) : fusetop has 0 polygons
2026-05-08 22:06:27 -0700: Memory Usage (443904K) : fusewindow_d has 0 polygons
2026-05-08 22:06:27 -0700: Memory Usage (443904K) : polyfuse has 0 polygons
2026-05-08 22:06:27 -0700: Memory Usage (443904K) : mvsd has 0 polygons
2026-05-08 22:06:27 -0700: Memory Usage (443904K) : mvpsd has 0 polygons
2026-05-08 22:06:27 -0700: Memory Usage (443904K) : nat has 0 polygons
2026-05-08 22:06:27 -0700: Memory Usage (443904K) : comp_dummy has 0 polygons
2026-05-08 22:06:27 -0700: Memory Usage (443904K) : poly2_dummy has 0 polygons
2026-05-08 22:06:27 -0700: Memory Usage (443904K) : schottky_diode has 0 polygons
2026-05-08 22:06:27 -0700: Memory Usage (443904K) : zener has 0 polygons
2026-05-08 22:06:27 -0700: Memory Usage (443904K) : res_mk has 0 polygons
2026-05-08 22:06:27 -0700: Memory Usage (443904K) : opc_drc has 0 polygons
2026-05-08 22:06:27 -0700: Memory Usage (443904K) : v5_xtor has 0 polygons
2026-05-08 22:06:27 -0700: Memory Usage (443904K) : cap_mk has 0 polygons
2026-05-08 22:06:27 -0700: Memory Usage (443904K) : mos_cap_mk has 0 polygons
2026-05-08 22:06:27 -0700: Memory Usage (445440K) : ind_mk has 0 polygons
2026-05-08 22:06:27 -0700: Memory Usage (445440K) : diode_mk has 12 polygons
2026-05-08 22:06:27 -0700: Memory Usage (445440K) : drc_bjt has 0 polygons
2026-05-08 22:06:27 -0700: Memory Usage (445440K) : lvs_bjt has 0 polygons
2026-05-08 22:06:27 -0700: Memory Usage (445440K) : mim_l_mk has 0 polygons
2026-05-08 22:06:27 -0700: Memory Usage (445440K) : latchup_mk has 0 polygons
2026-05-08 22:06:27 -0700: Memory Usage (445440K) : guard_ring_mk has 0 polygons
2026-05-08 22:06:27 -0700: Memory Usage (445440K) : otp_mk has 0 polygons
2026-05-08 22:06:27 -0700: Memory Usage (445440K) : mtpmark has 0 polygons
2026-05-08 22:06:27 -0700: Memory Usage (445440K) : neo_ee_mk has 0 polygons
2026-05-08 22:06:27 -0700: Memory Usage (445440K) : sramcore has 20020 polygons
2026-05-08 22:06:27 -0700: Memory Usage (445440K) : lvs_rf has 0 polygons
2026-05-08 22:06:27 -0700: Memory Usage (445440K) : lvs_drain has 0 polygons
2026-05-08 22:06:27 -0700: Memory Usage (445440K) : ind_mk has 0 polygons
2026-05-08 22:06:27 -0700: Memory Usage (445440K) : hvpolyrs has 0 polygons
2026-05-08 22:06:27 -0700: Memory Usage (445440K) : lvs_io has 0 polygons
2026-05-08 22:06:27 -0700: Memory Usage (445440K) : probe_mk has 0 polygons
2026-05-08 22:06:27 -0700: Memory Usage (445440K) : esd_mk has 0 polygons
2026-05-08 22:06:27 -0700: Memory Usage (445440K) : lvs_source has 0 polygons
2026-05-08 22:06:27 -0700: Memory Usage (445440K) : well_diode_mk has 0 polygons
2026-05-08 22:06:27 -0700: Memory Usage (445440K) : ldmos_xtor has 0 polygons
2026-05-08 22:06:27 -0700: Memory Usage (445440K) : plfuse has 0 polygons
2026-05-08 22:06:27 -0700: Memory Usage (445440K) : efuse_mk has 0 polygons
2026-05-08 22:06:27 -0700: Memory Usage (445440K) : mcell_feol_mk has 0 polygons
2026-05-08 22:06:27 -0700: Memory Usage (445440K) : ymtp_mk has 0 polygons
2026-05-08 22:06:27 -0700: Memory Usage (445440K) : dev_wf_mk has 0 polygons
2026-05-08 22:06:27 -0700: Memory Usage (445440K) : comp_label has 0 polygons
2026-05-08 22:06:27 -0700: Memory Usage (445440K) : poly2_label has 0 polygons
2026-05-08 22:06:27 -0700: Memory Usage (445440K) : mdiode has 0 polygons
2026-05-08 22:06:27 -0700: Memory Usage (445440K) : ndmy has 0 polygons
2026-05-08 22:06:27 -0700: Memory Usage (445440K) : pmndmy has 0 polygons
2026-05-08 22:06:27 -0700: Memory Usage (445440K) : contact has 559540 polygons
2026-05-08 22:06:27 -0700: Memory Usage (445440K) : metal1_drawn has 546207 polygons
2026-05-08 22:06:27 -0700: Memory Usage (445440K) : metal1_dummy has 0 polygons
2026-05-08 22:06:27 -0700: Memory Usage (448512K) : metal1_label has 49875 polygons
2026-05-08 22:06:27 -0700: Memory Usage (448512K) : metal1_slot has 0 polygons
2026-05-08 22:06:27 -0700: Memory Usage (448512K) : metal1_blk has 0 polygons
2026-05-08 22:06:27 -0700: Memory Usage (448512K) : via1 has 151099 polygons
2026-05-08 22:06:27 -0700: Memory Usage (450048K) : metal2_drawn has 116725 polygons
2026-05-08 22:06:27 -0700: Memory Usage (450048K) : metal2_dummy has 0 polygons
2026-05-08 22:06:27 -0700: Memory Usage (451584K) : metal2_label has 427 polygons
2026-05-08 22:06:27 -0700: Memory Usage (451584K) : metal2_slot has 0 polygons
2026-05-08 22:06:27 -0700: Memory Usage (451584K) : metal2_blk has 0 polygons
2026-05-08 22:06:27 -0700: Memory Usage (451584K) : via2 has 94200 polygons
2026-05-08 22:06:27 -0700: Memory Usage (453120K) : metal3_drawn has 57172 polygons
2026-05-08 22:06:27 -0700: Memory Usage (453120K) : metal3_dummy has 0 polygons
2026-05-08 22:06:27 -0700: Memory Usage (453120K) : metal3_label has 310 polygons
2026-05-08 22:06:27 -0700: Memory Usage (453120K) : metal3_slot has 0 polygons
2026-05-08 22:06:27 -0700: Memory Usage (453120K) : metal3_blk has 0 polygons
2026-05-08 22:06:27 -0700: Memory Usage (453120K) : via3 has 8715 polygons
2026-05-08 22:06:27 -0700: Memory Usage (453120K) : metal4_drawn has 2455 polygons
2026-05-08 22:06:27 -0700: Memory Usage (453120K) : metal4_dummy has 0 polygons
2026-05-08 22:06:27 -0700: Memory Usage (454656K) : metal4_label has 0 polygons
2026-05-08 22:06:27 -0700: Memory Usage (454656K) : metal4_slot has 0 polygons
2026-05-08 22:06:27 -0700: Memory Usage (454656K) : metal4_blk has 0 polygons
2026-05-08 22:06:27 -0700: Memory Usage (454656K) : via4 has 868 polygons
2026-05-08 22:06:27 -0700: Memory Usage (454656K) : metal5_drawn has 415 polygons
2026-05-08 22:06:27 -0700: Memory Usage (454656K) : metal5_dummy has 0 polygons
2026-05-08 22:06:27 -0700: Memory Usage (454656K) : metal5_label has 0 polygons
2026-05-08 22:06:27 -0700: Memory Usage (454656K) : metal5_slot has 0 polygons
2026-05-08 22:06:27 -0700: Memory Usage (454656K) : metal5_blk has 0 polygons
2026-05-08 22:06:27 -0700: Memory Usage (454656K) : pad has 0 polygons
2026-05-08 22:06:27 -0700: Memory Usage (454656K) : ubmpperi has 0 polygons
2026-05-08 22:06:27 -0700: Memory Usage (454656K) : ubmparray has 0 polygons
2026-05-08 22:06:27 -0700: Memory Usage (454656K) : ubmeplate has 0 polygons
2026-05-08 22:06:27 -0700: Memory Usage (454656K) : metal1_res has 0 polygons
2026-05-08 22:06:27 -0700: Memory Usage (454656K) : metal2_res has 0 polygons
2026-05-08 22:06:27 -0700: Memory Usage (456192K) : metal3_res has 0 polygons
2026-05-08 22:06:27 -0700: Memory Usage (456192K) : metal4_res has 0 polygons
2026-05-08 22:06:27 -0700: Memory Usage (456192K) : metal5_res has 0 polygons
2026-05-08 22:06:27 -0700: Memory Usage (456192K) : metal6_res has 0 polygons
2026-05-08 22:06:27 -0700: Memory Usage (456192K) : pr_bndry has 38169 polygons
2026-05-08 22:06:27 -0700: Memory Usage (456192K) : border has 0 polygons
2026-05-08 22:06:27 -0700: Memory Usage (456192K) : Total no. of polygons in the design is 2431779
2026-05-08 22:06:27 -0700: Memory Usage (456192K) : Starting deriving base layers.
2026-05-08 22:06:44 -0700: Memory Usage (577536K) : Construct connectivity for the design.
2026-05-08 22:06:44 -0700: Memory Usage (577536K) : Connectivity rules enabled, Netlist object will be generated.
2026-05-08 22:06:46 -0700: Memory Usage (651264K) : Total area of the design is 675000.0 um^2.
2026-05-08 22:06:46 -0700: Memory Usage (651264K) : Starting GF180MCU DRC rules.
2026-05-08 22:06:46 -0700: Memory Usage (651264K) : Running all FEOL rules
2026-05-08 22:06:46 -0700: Memory Usage (651264K) : Running all BEOL rules
2026-05-08 22:06:46 -0700: Memory Usage (651264K) : Running all DUMMY rules
2026-05-08 22:06:46 -0700: Memory Usage (651264K) : Starting comp derivations
2026-05-08 22:06:51 -0700: Memory Usage (680448K) : Executing rule DF.1a_LV
2026-05-08 22:06:51 -0700: Memory Usage (680448K) : Executing rule DF.1a_MV
2026-05-08 22:06:51 -0700: Memory Usage (680448K) : Executing rule DF.1c
2026-05-08 22:06:51 -0700: Memory Usage (680448K) : Executing rule DF.2a_LV
2026-05-08 22:06:56 -0700: Memory Usage (697344K) : Executing rule DF.2a_MV
2026-05-08 22:06:57 -0700: Memory Usage (705024K) : Executing rule DF.2b
2026-05-08 22:06:57 -0700: Memory Usage (705024K) : Executing rule DF.3a_LV
2026-05-08 22:06:58 -0700: Memory Usage (709632K) : Executing rule DF.3a_MV
2026-05-08 22:06:58 -0700: Memory Usage (709632K) : Executing rule DF.3b
2026-05-08 22:06:59 -0700: Memory Usage (715232K) : Executing rule DF.3c_LV
2026-05-08 22:06:59 -0700: Memory Usage (715232K) : Executing rule DF.3c_MV
2026-05-08 22:06:59 -0700: Memory Usage (715232K) : Executing rule DF.4a_LV
2026-05-08 22:06:59 -0700: Memory Usage (715232K) : Executing rule DF.4a_MV
2026-05-08 22:06:59 -0700: Memory Usage (715232K) : Executing rule DF.4b_LV
2026-05-08 22:06:59 -0700: Memory Usage (715232K) : Executing rule DF.4b_MV
2026-05-08 22:06:59 -0700: Memory Usage (715232K) : Executing rule DF.4c_LV
2026-05-08 22:07:02 -0700: Memory Usage (744416K) : Executing rule DF.4c_MV
2026-05-08 22:07:02 -0700: Memory Usage (744416K) : Executing rule DF.4d_LV
2026-05-08 22:07:03 -0700: Memory Usage (755168K) : Executing rule DF.4d_MV
2026-05-08 22:07:03 -0700: Memory Usage (755168K) : Executing rule DF.4e_LV
2026-05-08 22:07:03 -0700: Memory Usage (755168K) : Executing rule DF.4e_MV
2026-05-08 22:07:03 -0700: Memory Usage (755168K) : Executing rule DF.5_LV
2026-05-08 22:07:03 -0700: Memory Usage (755168K) : Executing rule DF.5_MV
2026-05-08 22:07:04 -0700: Memory Usage (755168K) : Executing rule DF.6_LV
2026-05-08 22:07:08 -0700: Memory Usage (819680K) : Executing rule DF.6_MV
2026-05-08 22:07:08 -0700: Memory Usage (819680K) : Executing rule DF.7_LV
2026-05-08 22:07:08 -0700: Memory Usage (819680K) : Executing rule DF.7_MV
2026-05-08 22:07:08 -0700: Memory Usage (819680K) : Executing rule DF.8_LV
2026-05-08 22:07:08 -0700: Memory Usage (819680K) : Executing rule DF.8_MV
2026-05-08 22:07:08 -0700: Memory Usage (819680K) : Executing rule DF.9
2026-05-08 22:07:09 -0700: Memory Usage (819680K) : Executing rule DF.10
2026-05-08 22:07:10 -0700: Memory Usage (861700K) : Executing rule DF.11
2026-05-08 22:07:10 -0700: Memory Usage (861700K) : Executing rule DF.12
2026-05-08 22:07:13 -0700: Memory Usage (872452K) : Preparations for rule DF.13_LV and DF.13_MV
2026-05-08 22:07:26 -0700: Memory Usage (1430020K) : Executing rule DF.13_LV
2026-05-08 22:07:27 -0700: Memory Usage (1439236K) : Executing rule DF.13_MV
2026-05-08 22:07:27 -0700: Memory Usage (1439236K) : Executing rule DF.14_LV
2026-05-08 22:07:29 -0700: Memory Usage (1459204K) : Executing rule DF.14_MV
2026-05-08 22:07:29 -0700: Memory Usage (1459204K) : Executing rule DF.16_LV
2026-05-08 22:07:31 -0700: Memory Usage (1473028K) : Executing rule DF.16_MV
2026-05-08 22:07:31 -0700: Memory Usage (1473028K) : Executing rule DF.17_LV
2026-05-08 22:07:34 -0700: Memory Usage (1497600K) : Executing rule DF.17_MV
2026-05-08 22:07:34 -0700: Memory Usage (1497600K) : Executing rule DF.18
2026-05-08 22:07:34 -0700: Memory Usage (1497600K) : Executing rule DF.19_LV
2026-05-08 22:07:36 -0700: Memory Usage (1499136K) : Executing rule DF.19_MV
2026-05-08 22:07:36 -0700: Memory Usage (1499136K) : Starting CONTACT derivations
2026-05-08 22:07:41 -0700: Memory Usage (1546128K) : Executing rule CO.1
2026-05-08 22:07:41 -0700: Memory Usage (1584528K) : Executing rule CO.2a
2026-05-08 22:07:42 -0700: Memory Usage (1589136K) : Executing rule CO.2b
2026-05-08 22:07:44 -0700: Memory Usage (1595280K) : Executing rule CO.3
2026-05-08 22:07:45 -0700: Memory Usage (1606032K) : Executing rule CO.4
2026-05-08 22:07:45 -0700: Memory Usage (1618320K) : Executing rule CO.5a
2026-05-08 22:07:46 -0700: Memory Usage (1622928K) : Executing rule CO.5b
2026-05-08 22:07:47 -0700: Memory Usage (1639824K) : Executing rule CO.6
2026-05-08 22:07:50 -0700: Memory Usage (1647504K) : Executing rule CO.6a
2026-05-08 22:07:59 -0700: Memory Usage (1757484K) : Executing rule CO.6b
2026-05-08 22:08:01 -0700: Memory Usage (1800492K) : Executing rule CO.7
2026-05-08 22:08:04 -0700: Memory Usage (1811244K) : Executing rule CO.8
2026-05-08 22:08:06 -0700: Memory Usage (1817388K) : Executing rule CO.9
2026-05-08 22:08:07 -0700: Memory Usage (1820456K) : Executing rule CO.10
2026-05-08 22:08:08 -0700: Memory Usage (1821992K) : Executing rule CO.11
2026-05-08 22:08:11 -0700: Memory Usage (1831208K) : Executing rule DN.1
2026-05-08 22:08:11 -0700: Memory Usage (1831208K) : CONNECTIVITY_RULES section
2026-05-08 22:08:11 -0700: Memory Usage (1831208K) : Executing rule DN.2a
2026-05-08 22:08:11 -0700: Memory Usage (1831208K) : Executing rule DN.2b
2026-05-08 22:08:11 -0700: Memory Usage (1831208K) : Executing rule DN.3
2026-05-08 22:08:12 -0700: Memory Usage (1857320K) : Executing rule BJT.1
2026-05-08 22:08:13 -0700: Memory Usage (1858856K) : Executing rule BJT.2
2026-05-08 22:08:14 -0700: Memory Usage (1878824K) : Executing rule BJT.3
2026-05-08 22:08:14 -0700: Memory Usage (1878824K) : Executing rule DV.1
2026-05-08 22:08:14 -0700: Memory Usage (1878824K) : Executing rule DV.2
2026-05-08 22:08:14 -0700: Memory Usage (1878824K) : Executing rule DV.3
2026-05-08 22:08:14 -0700: Memory Usage (1878824K) : Executing rule DV.5
2026-05-08 22:08:16 -0700: Memory Usage (1900324K) : Executing rule DV.6
2026-05-08 22:08:16 -0700: Memory Usage (1900324K) : Executing rule DV.7
2026-05-08 22:08:16 -0700: Memory Usage (1900324K) : Executing rule DV.8
2026-05-08 22:08:16 -0700: Memory Usage (1900324K) : Executing rule DV.9
2026-05-08 22:08:16 -0700: Memory Usage (1900324K) : Starting EFUSE derivations
2026-05-08 22:08:16 -0700: Memory Usage (1900324K) : Executing rule EF.01
2026-05-08 22:08:16 -0700: Memory Usage (1900324K) : Executing rule EF.02
2026-05-08 22:08:16 -0700: Memory Usage (1903396K) : Executing rule EF.03
2026-05-08 22:08:17 -0700: Memory Usage (1908004K) : Executing rule EF.04a
2026-05-08 22:08:17 -0700: Memory Usage (1908004K) : Executing rule EF.04b
2026-05-08 22:08:17 -0700: Memory Usage (1908004K) : Executing rule EF.04c
2026-05-08 22:08:17 -0700: Memory Usage (1908004K) : Executing rule EF.04d
2026-05-08 22:08:17 -0700: Memory Usage (1908004K) : Executing rule EF.05
2026-05-08 22:08:17 -0700: Memory Usage (1908004K) : Executing rule EF.06
2026-05-08 22:08:17 -0700: Memory Usage (1911072K) : Executing rule EF.07
2026-05-08 22:08:17 -0700: Memory Usage (1911072K) : Executing rule EF.08
2026-05-08 22:08:18 -0700: Memory Usage (1911072K) : Executing rule EF.09
2026-05-08 22:08:18 -0700: Memory Usage (1911072K) : Executing rule EF.10
2026-05-08 22:08:18 -0700: Memory Usage (1911072K) : Executing rule EF.11
2026-05-08 22:08:18 -0700: Memory Usage (1911072K) : Executing rule EF.12
2026-05-08 22:08:18 -0700: Memory Usage (1911072K) : Executing rule EF.13
2026-05-08 22:08:18 -0700: Memory Usage (1911072K) : Executing rule EF.14
2026-05-08 22:08:18 -0700: Memory Usage (1911072K) : Executing rule EF.15
2026-05-08 22:08:18 -0700: Memory Usage (1911072K) : Executing rule EF.16a
2026-05-08 22:08:18 -0700: Memory Usage (1911072K) : Executing rule EF.16b
2026-05-08 22:08:18 -0700: Memory Usage (1911072K) : Executing rule EF.17
2026-05-08 22:08:18 -0700: Memory Usage (1911072K) : Executing rule EF.18
2026-05-08 22:08:18 -0700: Memory Usage (1911072K) : Executing rule EF.19
2026-05-08 22:08:18 -0700: Memory Usage (1911072K) : Executing rule EF.20
2026-05-08 22:08:18 -0700: Memory Usage (1911072K) : Executing rule EF.21
2026-05-08 22:08:18 -0700: Memory Usage (1918748K) : Executing rule EF.22a
2026-05-08 22:08:18 -0700: Memory Usage (1918748K) : Executing rule EF.22b
2026-05-08 22:08:18 -0700: Memory Usage (1920284K) : Starting ESD derivations
2026-05-08 22:08:19 -0700: Memory Usage (1924892K) : Executing rule ESD.1
2026-05-08 22:08:19 -0700: Memory Usage (1924892K) : Executing rule ESD.2
2026-05-08 22:08:19 -0700: Memory Usage (1924892K) : Executing rule ESD.3a
2026-05-08 22:08:19 -0700: Memory Usage (1924892K) : Executing rule ESD.3b
2026-05-08 22:08:19 -0700: Memory Usage (1924892K) : Executing rule ESD.4a
2026-05-08 22:08:20 -0700: Memory Usage (1929500K) : Executing rule ESD.4b
2026-05-08 22:08:20 -0700: Memory Usage (1929500K) : Executing rule ESD.5a
2026-05-08 22:08:20 -0700: Memory Usage (1929500K) : Executing rule ESD.5b
2026-05-08 22:08:20 -0700: Memory Usage (1929500K) : Executing rule ESD.6
2026-05-08 22:08:23 -0700: Memory Usage (1934108K) : Executing rule ESD.7
2026-05-08 22:08:23 -0700: Memory Usage (1934108K) : Executing rule ESD.8
2026-05-08 22:08:23 -0700: Memory Usage (1934108K) : Executing rule ESD.pl
2026-05-08 22:08:23 -0700: Memory Usage (1934108K) : Executing rule ESD.9
2026-05-08 22:08:23 -0700: Memory Usage (1934108K) : Executing rule ESD.10
2026-05-08 22:08:23 -0700: Memory Usage (1934108K) : OFFGRID-ANGLES section
2026-05-08 22:08:23 -0700: Memory Usage (1934108K) : Executing rule comp_OFFGRID
2026-05-08 22:08:23 -0700: Memory Usage (1934108K) : Executing rule dnwell_OFFGRID
2026-05-08 22:08:23 -0700: Memory Usage (1934108K) : Executing rule nwell_OFFGRID
2026-05-08 22:08:24 -0700: Memory Usage (1934108K) : Executing rule lvpwell_OFFGRID
2026-05-08 22:08:24 -0700: Memory Usage (1934108K) : Executing rule dualgate_OFFGRID
2026-05-08 22:08:24 -0700: Memory Usage (1934108K) : Executing rule poly2_OFFGRID
2026-05-08 22:08:24 -0700: Memory Usage (1934108K) : Executing rule nplus_OFFGRID
2026-05-08 22:08:25 -0700: Memory Usage (1934108K) : Executing rule pplus_OFFGRID
2026-05-08 22:08:25 -0700: Memory Usage (1934108K) : Executing rule sab_OFFGRID
2026-05-08 22:08:25 -0700: Memory Usage (1934108K) : Executing rule esd_OFFGRID
2026-05-08 22:08:25 -0700: Memory Usage (1934108K) : Executing rule resistor_OFFGRID
2026-05-08 22:08:25 -0700: Memory Usage (1934108K) : Executing rule fhres_OFFGRID
2026-05-08 22:08:25 -0700: Memory Usage (1934108K) : Executing rule fusetop_OFFGRID
2026-05-08 22:08:25 -0700: Memory Usage (1934108K) : Executing rule fusewindow_d_OFFGRID
2026-05-08 22:08:25 -0700: Memory Usage (1934108K) : Executing rule polyfuse_OFFGRID
2026-05-08 22:08:25 -0700: Memory Usage (1934108K) : Executing rule mvsd_OFFGRID
2026-05-08 22:08:25 -0700: Memory Usage (1934108K) : Executing rule mvpsd_OFFGRID
2026-05-08 22:08:25 -0700: Memory Usage (1934108K) : Executing rule nat_OFFGRID
2026-05-08 22:08:25 -0700: Memory Usage (1934108K) : Executing rule comp_dummy_OFFGRID
2026-05-08 22:08:25 -0700: Memory Usage (1934108K) : Executing rule poly2_dummy_OFFGRID
2026-05-08 22:08:25 -0700: Memory Usage (1934108K) : Executing rule schottky_diode_OFFGRID
2026-05-08 22:08:25 -0700: Memory Usage (1934108K) : Executing rule zener_OFFGRID
2026-05-08 22:08:25 -0700: Memory Usage (1934108K) : Executing rule res_mk_OFFGRID
2026-05-08 22:08:25 -0700: Memory Usage (1934108K) : Executing rule opc_drc_OFFGRID
2026-05-08 22:08:25 -0700: Memory Usage (1934108K) : Executing rule ndmy_OFFGRID
2026-05-08 22:08:25 -0700: Memory Usage (1934108K) : Executing rule pmndmy_OFFGRID
2026-05-08 22:08:25 -0700: Memory Usage (1934108K) : Executing rule v5_xtor_OFFGRID
2026-05-08 22:08:25 -0700: Memory Usage (1934108K) : Executing rule cap_mk_OFFGRID
2026-05-08 22:08:25 -0700: Memory Usage (1934108K) : Executing rule mos_cap_mk_OFFGRID
2026-05-08 22:08:25 -0700: Memory Usage (1934108K) : Executing rule ind_mk_OFFGRID
2026-05-08 22:08:25 -0700: Memory Usage (1934108K) : Executing rule diode_mk_OFFGRID
2026-05-08 22:08:25 -0700: Memory Usage (1934108K) : Executing rule drc_bjt_OFFGRID
2026-05-08 22:08:25 -0700: Memory Usage (1934108K) : Executing rule lvs_bjt_OFFGRID
2026-05-08 22:08:25 -0700: Memory Usage (1934108K) : Executing rule mim_l_mk_OFFGRID
2026-05-08 22:08:25 -0700: Memory Usage (1934108K) : Executing rule latchup_mk_OFFGRID
2026-05-08 22:08:25 -0700: Memory Usage (1934108K) : Executing rule guard_ring_mk_OFFGRID
2026-05-08 22:08:25 -0700: Memory Usage (1934108K) : Executing rule otp_mk_OFFGRID
2026-05-08 22:08:25 -0700: Memory Usage (1934108K) : Executing rule mtpmark_OFFGRID
2026-05-08 22:08:26 -0700: Memory Usage (1934108K) : Executing rule neo_ee_mk_OFFGRID
2026-05-08 22:08:26 -0700: Memory Usage (1934108K) : Executing rule sramcore_OFFGRID
2026-05-08 22:08:26 -0700: Memory Usage (1934108K) : Executing rule lvs_rf_OFFGRID
2026-05-08 22:08:26 -0700: Memory Usage (1934108K) : Executing rule lvs_drain_OFFGRID
2026-05-08 22:08:26 -0700: Memory Usage (1934108K) : Executing rule ind_mk_OFFGRID
2026-05-08 22:08:26 -0700: Memory Usage (1934108K) : Executing rule hvpolyrs_OFFGRID
2026-05-08 22:08:26 -0700: Memory Usage (1934108K) : Executing rule lvs_io_OFFGRID
2026-05-08 22:08:26 -0700: Memory Usage (1934108K) : Executing rule probe_mk_OFFGRID
2026-05-08 22:08:26 -0700: Memory Usage (1934108K) : Executing rule esd_mk_OFFGRID
2026-05-08 22:08:26 -0700: Memory Usage (1934108K) : Executing rule lvs_source_OFFGRID
2026-05-08 22:08:26 -0700: Memory Usage (1934108K) : Executing rule well_diode_mk_OFFGRID
2026-05-08 22:08:26 -0700: Memory Usage (1934108K) : Executing rule ldmos_xtor_OFFGRID
2026-05-08 22:08:26 -0700: Memory Usage (1934108K) : Executing rule plfuse_OFFGRID
2026-05-08 22:08:26 -0700: Memory Usage (1934108K) : Executing rule efuse_mk_OFFGRID
2026-05-08 22:08:26 -0700: Memory Usage (1934108K) : Executing rule mcell_feol_mk_OFFGRID
2026-05-08 22:08:26 -0700: Memory Usage (1934108K) : Executing rule ymtp_mk_OFFGRID
2026-05-08 22:08:26 -0700: Memory Usage (1934108K) : Executing rule dev_wf_mk_OFFGRID
2026-05-08 22:08:26 -0700: Memory Usage (1934108K) : Executing rule comp_label_OFFGRID
2026-05-08 22:08:26 -0700: Memory Usage (1934108K) : Executing rule poly2_label_OFFGRID
2026-05-08 22:08:26 -0700: Memory Usage (1934108K) : Executing rule mdiode_OFFGRID
2026-05-08 22:08:26 -0700: Memory Usage (1934108K) : Executing rule contact_OFFGRID
2026-05-08 22:08:26 -0700: Memory Usage (1934108K) : Executing rule metal1_OFFGRID
2026-05-08 22:08:27 -0700: Memory Usage (1934108K) : Executing rule metal1_slot_OFFGRID
2026-05-08 22:08:27 -0700: Memory Usage (1934108K) : Executing rule metal1_blk_OFFGRID
2026-05-08 22:08:27 -0700: Memory Usage (1934108K) : Executing rule metal1_label_OFFGRID
2026-05-08 22:08:27 -0700: Memory Usage (1934108K) : Executing rule via1_OFFGRID
2026-05-08 22:08:28 -0700: Memory Usage (1934108K) : Executing rule metal2_OFFGRID
2026-05-08 22:08:28 -0700: Memory Usage (1934108K) : Executing rule metal2_label_OFFGRID
2026-05-08 22:08:28 -0700: Memory Usage (1934108K) : Executing rule metal2_slot_OFFGRID
2026-05-08 22:08:28 -0700: Memory Usage (1934108K) : Executing rule metal2_blk_OFFGRID
2026-05-08 22:08:28 -0700: Memory Usage (1934108K) : Executing rule via2_OFFGRID
2026-05-08 22:08:29 -0700: Memory Usage (1934108K) : Executing rule metal3_OFFGRID
2026-05-08 22:08:29 -0700: Memory Usage (1934108K) : Executing rule metal3_dummy_OFFGRID
2026-05-08 22:08:29 -0700: Memory Usage (1934108K) : Executing rule metal3_label_OFFGRID
2026-05-08 22:08:30 -0700: Memory Usage (1934108K) : Executing rule metal3_blk_OFFGRID
2026-05-08 22:08:30 -0700: Memory Usage (1934108K) : Executing rule via3_OFFGRID
2026-05-08 22:08:30 -0700: Memory Usage (1934108K) : Executing rule metal4_OFFGRID
2026-05-08 22:08:30 -0700: Memory Usage (1934108K) : Executing rule metal4_dummy_OFFGRID
2026-05-08 22:08:30 -0700: Memory Usage (1934108K) : Executing rule metal4_label_OFFGRID
2026-05-08 22:08:30 -0700: Memory Usage (1934108K) : Executing rule metal4_blk_OFFGRID
2026-05-08 22:08:30 -0700: Memory Usage (1934108K) : Executing rule via4_OFFGRID
2026-05-08 22:08:30 -0700: Memory Usage (1934108K) : Executing rule metal5_OFFGRID
2026-05-08 22:08:30 -0700: Memory Usage (1934108K) : Executing rule metal5_dummy_OFFGRID
2026-05-08 22:08:30 -0700: Memory Usage (1934108K) : Executing rule metal5_label_OFFGRID
2026-05-08 22:08:30 -0700: Memory Usage (1934108K) : Executing rule metal5_blk_OFFGRID
2026-05-08 22:08:30 -0700: Memory Usage (1934108K) : Executing rule pad_OFFGRID
2026-05-08 22:08:31 -0700: Memory Usage (1934108K) : Executing rule ubmpperi_OFFGRID
2026-05-08 22:08:31 -0700: Memory Usage (1934108K) : Executing rule ubmparray_OFFGRID
2026-05-08 22:08:31 -0700: Memory Usage (1934108K) : Executing rule ubmeplate_OFFGRID
2026-05-08 22:08:31 -0700: Memory Usage (1934108K) : Executing rule metal1_res_OFFGRID
2026-05-08 22:08:31 -0700: Memory Usage (1934108K) : Executing rule metal2_res_OFFGRID
2026-05-08 22:08:31 -0700: Memory Usage (1934108K) : Executing rule metal3_res_OFFGRID
2026-05-08 22:08:31 -0700: Memory Usage (1934108K) : Executing rule metal4_res_OFFGRID
2026-05-08 22:08:31 -0700: Memory Usage (1934108K) : Executing rule metal5_res_OFFGRID
2026-05-08 22:08:31 -0700: Memory Usage (1934108K) : Executing rule metal6_res_OFFGRID
2026-05-08 22:08:31 -0700: Memory Usage (1934108K) : Executing rule pr_bndry_OFFGRID
2026-05-08 22:08:31 -0700: Memory Usage (1934108K) : Executing rule border_OFFGRID
2026-05-08 22:08:31 -0700: Memory Usage (1934108K) : Starting HRES derivations
2026-05-08 22:08:32 -0700: Memory Usage (1938712K) : Executing rule HRES.1
2026-05-08 22:08:32 -0700: Memory Usage (1938712K) : Executing rule HRES.2
2026-05-08 22:08:32 -0700: Memory Usage (1938712K) : Executing rule HRES.3
2026-05-08 22:08:32 -0700: Memory Usage (1938712K) : Executing rule HRES.4
2026-05-08 22:08:32 -0700: Memory Usage (1938712K) : Executing rule HRES.5
2026-05-08 22:08:33 -0700: Memory Usage (1938712K) : Executing rule HRES.6
2026-05-08 22:08:33 -0700: Memory Usage (1938712K) : Executing rule HRES.7
2026-05-08 22:08:33 -0700: Memory Usage (1938712K) : Executing rule HRES.8
2026-05-08 22:08:33 -0700: Memory Usage (1938712K) : Executing rule HRES.9
2026-05-08 22:08:33 -0700: Memory Usage (1938712K) : Executing rule HRES.10
2026-05-08 22:08:33 -0700: Memory Usage (1940248K) : Executing rule HRES.12a
2026-05-08 22:08:34 -0700: Memory Usage (1943320K) : Executing rule HRES.12b
2026-05-08 22:08:34 -0700: Memory Usage (1943320K) : Starting 10V LDNMOS derivations
2026-05-08 22:08:34 -0700: Memory Usage (1943320K) : Executing rule MDN.1
2026-05-08 22:08:34 -0700: Memory Usage (1943320K) : CONNECTIVITY_RULES section
2026-05-08 22:08:34 -0700: Memory Usage (1943320K) : Executing rule MDN.2a
2026-05-08 22:08:34 -0700: Memory Usage (1943320K) : Executing rule MDN.2b
2026-05-08 22:08:34 -0700: Memory Usage (1943320K) : Executing rule MDN.3a
2026-05-08 22:08:34 -0700: Memory Usage (1943320K) : Executing rule MDN.3b
2026-05-08 22:08:34 -0700: Memory Usage (1943320K) : Executing rule MDN.4a
2026-05-08 22:08:34 -0700: Memory Usage (1943320K) : Executing rule MDN.4b
2026-05-08 22:08:34 -0700: Memory Usage (1943320K) : Executing rule MDN.5ai
2026-05-08 22:08:35 -0700: Memory Usage (1943320K) : Executing rule MDN.5aii
2026-05-08 22:08:35 -0700: Memory Usage (1943320K) : Executing rule MDN.5b
2026-05-08 22:08:35 -0700: Memory Usage (1943320K) : Executing rule MDN.5c
2026-05-08 22:08:35 -0700: Memory Usage (1941780K) : Executing rule MDN.6
2026-05-08 22:08:35 -0700: Memory Usage (1941780K) : Executing rule MDN.6a
2026-05-08 22:08:35 -0700: Memory Usage (1941780K) : Executing rule MDN.7
2026-05-08 22:08:35 -0700: Memory Usage (1941780K) : Executing rule MDN.7a
2026-05-08 22:08:35 -0700: Memory Usage (1941780K) : CONNECTIVITY_RULES section
2026-05-08 22:08:35 -0700: Memory Usage (1941780K) : Executing rule MDN.8a
2026-05-08 22:08:35 -0700: Memory Usage (1941780K) : Executing rule MDN.8b
2026-05-08 22:08:35 -0700: Memory Usage (1941780K) : Executing rule MDN.9
2026-05-08 22:08:35 -0700: Memory Usage (1941780K) : Executing rule MDN.10a
2026-05-08 22:08:35 -0700: Memory Usage (1941780K) : Executing rule MDN.10b
2026-05-08 22:08:37 -0700: Memory Usage (1947924K) : Executing rule MDN.10c
2026-05-08 22:08:37 -0700: Memory Usage (1947924K) : Executing rule MDN.10d
2026-05-08 22:08:41 -0700: Memory Usage (2006292K) : Executing rule MDN.10ei
2026-05-08 22:08:42 -0700: Memory Usage (2055444K) : Executing rule MDN.10eii
2026-05-08 22:08:42 -0700: Memory Usage (2070804K) : Executing rule MDN.10f
2026-05-08 22:08:42 -0700: Memory Usage (2070804K) : Executing rule MDN.11
2026-05-08 22:08:43 -0700: Memory Usage (2072340K) : Executing rule MDN.12
2026-05-08 22:08:45 -0700: Memory Usage (2075408K) : Executing rule MDN.13a
2026-05-08 22:08:45 -0700: Memory Usage (2078480K) : Executing rule MDN.13b
2026-05-08 22:08:45 -0700: Memory Usage (2078480K) : Executing rule MDN.13c
2026-05-08 22:08:46 -0700: Memory Usage (2081552K) : Executing rule MDN.13d
2026-05-08 22:08:48 -0700: Memory Usage (2084624K) : Executing rule MDN.14
2026-05-08 22:08:48 -0700: Memory Usage (2084624K) : Executing rule MDN.15a
2026-05-08 22:08:48 -0700: Memory Usage (2084624K) : Executing rule MDN.15b
2026-05-08 22:08:48 -0700: Memory Usage (2084624K) : Executing rule MDN.17
2026-05-08 22:08:49 -0700: Memory Usage (2086160K) : Executing rule MDP.1
2026-05-08 22:08:49 -0700: Memory Usage (2086160K) : Executing rule MDP.1a
2026-05-08 22:08:49 -0700: Memory Usage (2086160K) : Executing rule MDP.2
2026-05-08 22:08:49 -0700: Memory Usage (2086160K) : Executing rule MDP.3
2026-05-08 22:08:49 -0700: Memory Usage (2086160K) : Executing rule MDP.3ai
2026-05-08 22:08:50 -0700: Memory Usage (2089232K) : Executing rule MDP.3aii
2026-05-08 22:08:52 -0700: Memory Usage (2090768K) : Executing rule MDP.3b
2026-05-08 22:08:52 -0700: Memory Usage (2090768K) : Executing rule MDP.3c
2026-05-08 22:08:52 -0700: Memory Usage (2090768K) : Executing rule MDP.3d
2026-05-08 22:08:52 -0700: Memory Usage (2090768K) : Executing rule MDP.4
2026-05-08 22:08:53 -0700: Memory Usage (2172464K) : Executing rule MDP.4a
2026-05-08 22:08:53 -0700: Memory Usage (2172464K) : Executing rule MDP.4b
2026-05-08 22:08:53 -0700: Memory Usage (2173996K) : Executing rule MDP.5
2026-05-08 22:08:55 -0700: Memory Usage (2173996K) : Executing rule MDP.5a
2026-05-08 22:08:55 -0700: Memory Usage (2173996K) : Executing rule MDP.6
2026-05-08 22:08:55 -0700: Memory Usage (2173996K) : Executing rule MDP.6a
2026-05-08 22:08:55 -0700: Memory Usage (2173996K) : Executing rule MDP.7
2026-05-08 22:08:55 -0700: Memory Usage (2173996K) : Executing rule MDP.8
2026-05-08 22:08:55 -0700: Memory Usage (2173996K) : Executing rule MDP.9a
2026-05-08 22:08:55 -0700: Memory Usage (2173996K) : Executing rule MDP.9b
2026-05-08 22:08:55 -0700: Memory Usage (2175528K) : Executing rule MDP.9c
2026-05-08 22:08:58 -0700: Memory Usage (2177064K) : Executing rule MDP.9d
2026-05-08 22:09:03 -0700: Memory Usage (2180136K) : Executing rule MDP.9ei
2026-05-08 22:09:03 -0700: Memory Usage (2180136K) : Executing rule MDP.9eii
2026-05-08 22:09:04 -0700: Memory Usage (2181672K) : Executing rule MDP.9f
2026-05-08 22:09:04 -0700: Memory Usage (2181672K) : Executing rule MDP.10
2026-05-08 22:09:04 -0700: Memory Usage (2183208K) : CONNECTIVITY_RULES section
2026-05-08 22:09:04 -0700: Memory Usage (2183208K) : Executing rule MDP.10a
2026-05-08 22:09:04 -0700: Memory Usage (2183208K) : Executing rule MDP.10b
2026-05-08 22:09:04 -0700: Memory Usage (2183208K) : Executing rule MDP.11
2026-05-08 22:09:04 -0700: Memory Usage (2186280K) : Executing rule MDP.12
2026-05-08 22:09:04 -0700: Memory Usage (2186280K) : Executing rule MDP.13a
2026-05-08 22:09:06 -0700: Memory Usage (2187816K) : Executing rule MDP.13b
2026-05-08 22:09:06 -0700: Memory Usage (2187816K) : Executing rule MDP.13c
2026-05-08 22:09:06 -0700: Memory Usage (2232360K) : Executing rule MDP.15
2026-05-08 22:09:06 -0700: Memory Usage (2232360K) : Executing rule MDP.16a
2026-05-08 22:09:06 -0700: Memory Usage (2232360K) : Executing rule MDP.16b
2026-05-08 22:09:06 -0700: Memory Usage (2232360K) : Executing rule MDP.17a
2026-05-08 22:09:08 -0700: Memory Usage (2235428K) : Executing rule MDP.17c
2026-05-08 22:09:08 -0700: Memory Usage (2235428K) : Starting LRES derivations
2026-05-08 22:09:09 -0700: Memory Usage (2233880K) : Executing rule LRES.1
2026-05-08 22:09:09 -0700: Memory Usage (2233880K) : Executing rule LRES.2
2026-05-08 22:09:09 -0700: Memory Usage (2233880K) : Executing rule LRES.3
2026-05-08 22:09:09 -0700: Memory Usage (2233880K) : Executing rule LRES.4
2026-05-08 22:09:09 -0700: Memory Usage (2233880K) : Executing rule LRES.5
2026-05-08 22:09:09 -0700: Memory Usage (2233880K) : Executing rule LRES.6
2026-05-08 22:09:09 -0700: Memory Usage (2233880K) : Executing rule LRES.7
2026-05-08 22:09:09 -0700: Memory Usage (2233880K) : Executing rule LRES.9a
2026-05-08 22:09:09 -0700: Memory Usage (2233880K) : Executing rule LRES.9b
2026-05-08 22:09:09 -0700: Memory Usage (2235416K) : Starting LVPWELL derivations
2026-05-08 22:09:09 -0700: Memory Usage (2235416K) : Executing rule LPW.1_LV
2026-05-08 22:09:09 -0700: Memory Usage (2235416K) : Executing rule LPW.1_MV
2026-05-08 22:09:10 -0700: Memory Usage (2235416K) : CONNECTIVITY_RULES section
2026-05-08 22:09:10 -0700: Memory Usage (2235416K) : Executing rule LPW.2a_LV
2026-05-08 22:09:10 -0700: Memory Usage (2235416K) : Executing rule LPW.2a_MV
2026-05-08 22:09:10 -0700: Memory Usage (2235416K) : Executing rule LPW.2b_LV
2026-05-08 22:09:10 -0700: Memory Usage (2235416K) : Executing rule LPW.2b_MV
2026-05-08 22:09:10 -0700: Memory Usage (2235416K) : Executing rule LPW.3_LV
2026-05-08 22:09:10 -0700: Memory Usage (2235416K) : Executing rule LPW.5
2026-05-08 22:09:10 -0700: Memory Usage (2238488K) : Executing rule LPW.11
2026-05-08 22:09:10 -0700: Memory Usage (2238488K) : Executing rule LPW.12
2026-05-08 22:09:11 -0700: Memory Usage (2243096K) : Executing rule LVS_BJT.1
2026-05-08 22:09:11 -0700: Memory Usage (2243096K) : Executing rule MC.1
2026-05-08 22:09:11 -0700: Memory Usage (2243096K) : Executing rule MC.2
2026-05-08 22:09:11 -0700: Memory Usage (2243096K) : Executing rule MC.3
2026-05-08 22:09:11 -0700: Memory Usage (2243096K) : Executing rule MC.4
2026-05-08 22:09:12 -0700: Memory Usage (2243096K) : Executing rule M1.1
2026-05-08 22:09:14 -0700: Memory Usage (2243096K) : Executing rule M1.2a
2026-05-08 22:09:17 -0700: Memory Usage (2289176K) : Executing rule M1.2b
2026-05-08 22:09:19 -0700: Memory Usage (2292248K) : Executing rule M1.3
2026-05-08 22:09:19 -0700: Memory Usage (2292248K) : Executing rule M2.1
2026-05-08 22:09:19 -0700: Memory Usage (2292248K) : Executing rule M2.2a
2026-05-08 22:09:21 -0700: Memory Usage (2295320K) : Executing rule M2.2b
2026-05-08 22:09:21 -0700: Memory Usage (2295320K) : Executing rule M2.3
2026-05-08 22:09:21 -0700: Memory Usage (2295320K) : Executing rule M3.1
2026-05-08 22:09:21 -0700: Memory Usage (2295320K) : Executing rule M3.2a
2026-05-08 22:09:23 -0700: Memory Usage (2298392K) : Executing rule M3.2b
2026-05-08 22:09:23 -0700: Memory Usage (2299928K) : Executing rule M3.3
2026-05-08 22:09:23 -0700: Memory Usage (2299928K) : Executing rule M4.1
2026-05-08 22:09:23 -0700: Memory Usage (2299928K) : Executing rule M4.2a
2026-05-08 22:09:24 -0700: Memory Usage (2301464K) : Executing rule M4.2b
2026-05-08 22:09:24 -0700: Memory Usage (2301464K) : Executing rule M4.3
2026-05-08 22:09:24 -0700: Memory Usage (2301464K) : MetalTop thickness 9k/11k section
2026-05-08 22:09:24 -0700: Memory Usage (2301464K) : Executing rule MT.1
2026-05-08 22:09:24 -0700: Memory Usage (2301464K) : Executing rule MT.2a
2026-05-08 22:09:24 -0700: Memory Usage (2301464K) : Executing rule MT.2b
2026-05-08 22:09:24 -0700: Memory Usage (2301464K) : Executing rule MT.4
2026-05-08 22:09:24 -0700: Memory Usage (2301464K) : MIM Capacitor Option B section
2026-05-08 22:09:24 -0700: Memory Usage (2301464K) : Executing rule MIMTM.1
2026-05-08 22:09:24 -0700: Memory Usage (2301464K) : Executing rule MIMTM.2
2026-05-08 22:09:24 -0700: Memory Usage (2301464K) : Executing rule MIMTM.3
2026-05-08 22:09:24 -0700: Memory Usage (2301464K) : Executing rule MIMTM.4
2026-05-08 22:09:24 -0700: Memory Usage (2301464K) : Executing rule MIMTM.5
2026-05-08 22:09:24 -0700: Memory Usage (2303000K) : Executing rule MIMTM.6
2026-05-08 22:09:24 -0700: Memory Usage (2303000K) : Executing rule MIMTM.7
2026-05-08 22:09:24 -0700: Memory Usage (2303000K) : Executing rule MIMTM.8a
2026-05-08 22:09:24 -0700: Memory Usage (2303000K) : Executing rule MIMTM.8b
2026-05-08 22:09:24 -0700: Memory Usage (2303000K) : Executing rule MIMTM.9
2026-05-08 22:09:24 -0700: Memory Usage (2303000K) : Executing rule MIMTM.10
2026-05-08 22:09:24 -0700: Memory Usage (2303000K) : Executing rule MIMTM.11
2026-05-08 22:09:24 -0700: Memory Usage (2303000K) : Starting NAT derivations
2026-05-08 22:09:24 -0700: Memory Usage (2303000K) : Executing rule NAT.1
2026-05-08 22:09:25 -0700: Memory Usage (2309140K) : Executing rule NAT.2
2026-05-08 22:09:25 -0700: Memory Usage (2309140K) : Executing rule NAT.3
2026-05-08 22:09:25 -0700: Memory Usage (2309140K) : Executing rule NAT.4
2026-05-08 22:09:27 -0700: Memory Usage (2309136K) : Executing rule NAT.5
2026-05-08 22:09:28 -0700: Memory Usage (2313744K) : CONNECTIVITY_RULES section
2026-05-08 22:09:28 -0700: Memory Usage (2313744K) : Executing rule NAT.6
2026-05-08 22:09:28 -0700: Memory Usage (2313744K) : Executing rule NAT.7
2026-05-08 22:09:28 -0700: Memory Usage (2313744K) : Executing rule NAT.8
2026-05-08 22:09:28 -0700: Memory Usage (2313744K) : Executing rule NAT.9
2026-05-08 22:09:28 -0700: Memory Usage (2313744K) : Executing rule NAT.10
2026-05-08 22:09:28 -0700: Memory Usage (2313744K) : Executing rule NAT.11
2026-05-08 22:09:28 -0700: Memory Usage (2313744K) : Executing rule NAT.12
2026-05-08 22:09:28 -0700: Memory Usage (2313744K) : Starting NPLUS derivations
2026-05-08 22:09:30 -0700: Memory Usage (2315280K) : Executing rule NP.1
2026-05-08 22:09:30 -0700: Memory Usage (2315280K) : Executing rule NP.2
2026-05-08 22:09:32 -0700: Memory Usage (2324496K) : Executing rule NP.3a
2026-05-08 22:09:35 -0700: Memory Usage (2339856K) : Executing rule NP.3bi
2026-05-08 22:09:35 -0700: Memory Usage (2339856K) : Executing rule NP.3bii
2026-05-08 22:09:35 -0700: Memory Usage (2339856K) : Executing rule NP.3ci
2026-05-08 22:09:37 -0700: Memory Usage (2344464K) : Executing rule NP.3cii
2026-05-08 22:09:39 -0700: Memory Usage (2352144K) : Executing rule NP.3d
2026-05-08 22:09:40 -0700: Memory Usage (2355216K) : Executing rule NP.3e
2026-05-08 22:09:41 -0700: Memory Usage (2353676K) : Executing rule NP.4a
2026-05-08 22:09:48 -0700: Memory Usage (2358280K) : Executing rule NP.4b
2026-05-08 22:09:48 -0700: Memory Usage (2361348K) : Executing rule NP.5a
2026-05-08 22:09:52 -0700: Memory Usage (2373636K) : Executing rule PP.5b
2026-05-08 22:09:54 -0700: Memory Usage (2407076K) : Executing rule NP.5ci
2026-05-08 22:09:56 -0700: Memory Usage (2430112K) : Executing rule NP.5cii
2026-05-08 22:09:58 -0700: Memory Usage (2450080K) : Executing rule NP.5di
2026-05-08 22:10:02 -0700: Memory Usage (2414712K) : Executing rule NP.5dii
2026-05-08 22:10:05 -0700: Memory Usage (2419308K) : Executing rule NP.6
2026-05-08 22:10:07 -0700: Memory Usage (2439276K) : Executing rule NP.7
2026-05-08 22:10:07 -0700: Memory Usage (2439276K) : Executing rule NP.8a
2026-05-08 22:10:07 -0700: Memory Usage (2439276K) : Executing rule NP.8b
2026-05-08 22:10:07 -0700: Memory Usage (2439276K) : Executing rule NP.9
2026-05-08 22:10:07 -0700: Memory Usage (2439276K) : Executing rule NP.10
2026-05-08 22:10:07 -0700: Memory Usage (2439276K) : Executing rule NP.11
2026-05-08 22:10:07 -0700: Memory Usage (2451564K) : Executing rule NP.12
2026-05-08 22:10:08 -0700: Memory Usage (2451564K) : Starting NWELL derivations
2026-05-08 22:10:09 -0700: Memory Usage (2451564K) : Executing rule NW.1a_LV
2026-05-08 22:10:09 -0700: Memory Usage (2451564K) : Executing rule NW.1a_MV
2026-05-08 22:10:09 -0700: Memory Usage (2451564K) : Executing rule NW.1b_LV
2026-05-08 22:10:09 -0700: Memory Usage (2451564K) : Executing rule NW.1b_MV
2026-05-08 22:10:09 -0700: Memory Usage (2451564K) : CONNECTIVITY_RULES section
2026-05-08 22:10:13 -0700: Memory Usage (2491496K) : Executing rule NW.2a_LV
2026-05-08 22:10:13 -0700: Memory Usage (2491496K) : Executing rule NW.2a_MV
2026-05-08 22:10:13 -0700: Memory Usage (2491496K) : Executing rule NW.2b_LV
2026-05-08 22:10:13 -0700: Memory Usage (2491496K) : Executing rule NW.2b_MV
2026-05-08 22:10:13 -0700: Memory Usage (2491496K) : Executing rule NW.3
2026-05-08 22:10:13 -0700: Memory Usage (2491496K) : Executing rule NW.4
2026-05-08 22:10:14 -0700: Memory Usage (2493032K) : Executing rule NW.5_LV
2026-05-08 22:10:14 -0700: Memory Usage (2493032K) : Executing rule NW.5_MV
2026-05-08 22:10:14 -0700: Memory Usage (2493032K) : Executing rule NW.6
2026-05-08 22:10:14 -0700: Memory Usage (2493032K) : Starting OTP_MK derivations
2026-05-08 22:10:15 -0700: Memory Usage (2494564K) : Executing rule O.DF.3a
2026-05-08 22:10:15 -0700: Memory Usage (2494564K) : Executing rule O.DF.6
2026-05-08 22:10:15 -0700: Memory Usage (2494564K) : Executing rule O.DF.9
2026-05-08 22:10:15 -0700: Memory Usage (2494564K) : Executing rule O.PL.2
2026-05-08 22:10:15 -0700: Memory Usage (2496100K) : Executing rule O.PL.3a
2026-05-08 22:10:17 -0700: Memory Usage (2496100K) : Executing rule O.PL.4
2026-05-08 22:10:17 -0700: Memory Usage (2496100K) : Executing rule O.SB.2
2026-05-08 22:10:17 -0700: Memory Usage (2496100K) : Executing rule O.SB.3
2026-05-08 22:10:17 -0700: Memory Usage (2496100K) : Executing rule O.SB.4
2026-05-08 22:10:17 -0700: Memory Usage (2496100K) : Executing rule O.SB.5b_LV
2026-05-08 22:10:17 -0700: Memory Usage (2496100K) : Executing rule O.SB.9
2026-05-08 22:10:17 -0700: Memory Usage (2496100K) : Executing rule O.SB.11
2026-05-08 22:10:17 -0700: Memory Usage (2496100K) : Executing rule O.SB.13_LV
2026-05-08 22:10:17 -0700: Memory Usage (2496100K) : Executing rule O.SB.13_MV
2026-05-08 22:10:17 -0700: Memory Usage (2496100K) : Executing rule O.CO.7
2026-05-08 22:10:17 -0700: Memory Usage (2496100K) : Executing rule O.PL.ORT
2026-05-08 22:10:17 -0700: Memory Usage (2496100K) : Starting POLY2 derivations
2026-05-08 22:10:18 -0700: Memory Usage (2496100K) : Executing rule PL.1_LV
2026-05-08 22:10:18 -0700: Memory Usage (2496100K) : Executing rule PL.1_MV
2026-05-08 22:10:18 -0700: Memory Usage (2496100K) : Executing rule PL.1a_LV
2026-05-08 22:10:18 -0700: Memory Usage (2496100K) : Executing rule PL.1a_MV
2026-05-08 22:10:18 -0700: Memory Usage (2496100K) : Executing rule PL.2_LV
2026-05-08 22:10:22 -0700: Memory Usage (2499172K) : Executing rule PL.2_MV
2026-05-08 22:10:22 -0700: Memory Usage (2500704K) : Executing rule PL.3a
2026-05-08 22:10:25 -0700: Memory Usage (2503776K) : Executing rule PL.4_LV
2026-05-08 22:10:27 -0700: Memory Usage (2545240K) : Executing rule PL.4_MV
2026-05-08 22:10:27 -0700: Memory Usage (2545240K) : Executing rule PL.5a_LV
2026-05-08 22:10:28 -0700: Memory Usage (2548312K) : Executing rule PL.5a_MV
2026-05-08 22:10:28 -0700: Memory Usage (2548312K) : Executing rule PL.5b_LV
2026-05-08 22:10:30 -0700: Memory Usage (2551384K) : Executing rule PL.5b_MV
2026-05-08 22:10:30 -0700: Memory Usage (2551384K) : Executing rule PL.6
2026-05-08 22:10:32 -0700: Memory Usage (2552920K) : Executing rule PL.7_LV
2026-05-08 22:10:36 -0700: Memory Usage (2554444K) : Executing rule PL.7_MV
2026-05-08 22:10:36 -0700: Memory Usage (2554444K) : Executing rule PL.9
2026-05-08 22:10:38 -0700: Memory Usage (2565196K) : Executing rule PL.11
2026-05-08 22:10:38 -0700: Memory Usage (2565196K) : Executing rule PL.12
2026-05-08 22:10:39 -0700: Memory Usage (2568756K) : Starting PPLUS derivations
2026-05-08 22:10:40 -0700: Memory Usage (2574896K) : Executing rule PP.1
2026-05-08 22:10:40 -0700: Memory Usage (2574896K) : Executing rule PP.2
2026-05-08 22:10:42 -0700: Memory Usage (2587184K) : Executing rule PP.3a
2026-05-08 22:10:46 -0700: Memory Usage (2611756K) : Executing rule PP.3bi
2026-05-08 22:10:46 -0700: Memory Usage (2611756K) : Executing rule PP.3bii
2026-05-08 22:10:46 -0700: Memory Usage (2611756K) : Executing rule PP.3ci
2026-05-08 22:10:50 -0700: Memory Usage (2636332K) : Executing rule PP.3cii
2026-05-08 22:10:55 -0700: Memory Usage (2659372K) : Executing rule PP.3d
2026-05-08 22:10:56 -0700: Memory Usage (2660904K) : Executing rule PP.3e
2026-05-08 22:10:57 -0700: Memory Usage (2663976K) : Executing rule PP.4a
2026-05-08 22:10:58 -0700: Memory Usage (2665512K) : Executing rule PP.4b
2026-05-08 22:11:03 -0700: Memory Usage (2687016K) : Executing rule PP.5a
2026-05-08 22:11:05 -0700: Memory Usage (2700840K) : Executing rule PP.5b
2026-05-08 22:11:07 -0700: Memory Usage (2732404K) : Executing rule PP.5ci
2026-05-08 22:11:08 -0700: Memory Usage (2737008K) : Executing rule PP.5cii
2026-05-08 22:11:09 -0700: Memory Usage (2741612K) : Executing rule PP.5di
2026-05-08 22:11:11 -0700: Memory Usage (2760036K) : Executing rule PP.5dii
2026-05-08 22:11:12 -0700: Memory Usage (2783068K) : Executing rule PP.6
2026-05-08 22:11:15 -0700: Memory Usage (2789208K) : Executing rule PP.7
2026-05-08 22:11:15 -0700: Memory Usage (2789208K) : Executing rule PP.8a
2026-05-08 22:11:15 -0700: Memory Usage (2789208K) : Executing rule PP.8b
2026-05-08 22:11:15 -0700: Memory Usage (2789208K) : Executing rule PP.9
2026-05-08 22:11:15 -0700: Memory Usage (2789208K) : Executing rule PP.10
2026-05-08 22:11:15 -0700: Memory Usage (2789208K) : Executing rule PP.11
2026-05-08 22:11:17 -0700: Memory Usage (2799960K) : Executing rule PP.12
2026-05-08 22:11:18 -0700: Memory Usage (2818388K) : Starting PRES derivations
2026-05-08 22:11:20 -0700: Memory Usage (2826068K) : Executing rule PRES.1
2026-05-08 22:11:20 -0700: Memory Usage (2826068K) : Executing rule PRES.2
2026-05-08 22:11:20 -0700: Memory Usage (2826068K) : Executing rule PRES.3
2026-05-08 22:11:20 -0700: Memory Usage (2826068K) : Executing rule PRES.4
2026-05-08 22:11:20 -0700: Memory Usage (2826068K) : Executing rule PRES.5
2026-05-08 22:11:20 -0700: Memory Usage (2826068K) : Executing rule PRES.6
2026-05-08 22:11:20 -0700: Memory Usage (2826068K) : Executing rule PRES.7
2026-05-08 22:11:20 -0700: Memory Usage (2826068K) : Executing rule PRES.9a
2026-05-08 22:11:21 -0700: Memory Usage (2832212K) : Executing rule PRES.9b
2026-05-08 22:11:21 -0700: Memory Usage (2832208K) : Starting sab derivations
2026-05-08 22:11:21 -0700: Memory Usage (2832208K) : Executing rule SB.1
2026-05-08 22:11:21 -0700: Memory Usage (2832208K) : Executing rule SB.2
2026-05-08 22:11:21 -0700: Memory Usage (2832208K) : Executing rule SB.3
2026-05-08 22:11:21 -0700: Memory Usage (2832208K) : Executing rule SB.4
2026-05-08 22:11:21 -0700: Memory Usage (2832208K) : Executing rule SB.5a
2026-05-08 22:11:23 -0700: Memory Usage (2832204K) : Executing rule SB.5b
2026-05-08 22:11:24 -0700: Memory Usage (2833740K) : Executing rule SB.6
2026-05-08 22:11:24 -0700: Memory Usage (2833740K) : Executing rule SB.7
2026-05-08 22:11:24 -0700: Memory Usage (2833740K) : Executing rule SB.8
2026-05-08 22:11:24 -0700: Memory Usage (2833740K) : Executing rule SB.9
2026-05-08 22:11:24 -0700: Memory Usage (2833740K) : Executing rule SB.10
2026-05-08 22:11:24 -0700: Memory Usage (2833740K) : Executing rule SB.11
2026-05-08 22:11:24 -0700: Memory Usage (2833740K) : Executing rule SB.12
2026-05-08 22:11:24 -0700: Memory Usage (2833740K) : Executing rule SB.13
2026-05-08 22:11:24 -0700: Memory Usage (2833740K) : Executing rule SB.14a
2026-05-08 22:11:24 -0700: Memory Usage (2836812K) : Executing rule SB.14b
2026-05-08 22:11:24 -0700: Memory Usage (2836812K) : Executing rule SB.15a
2026-05-08 22:11:25 -0700: Memory Usage (2836812K) : Executing rule SB.15b
2026-05-08 22:11:26 -0700: Memory Usage (2836812K) : Executing rule SB.16
2026-05-08 22:11:26 -0700: Memory Usage (2836812K) : Starting 3.3V SRAM derivations
2026-05-08 22:11:31 -0700: Memory Usage (2846028K) : Executing rule S.DF.4c_LV
2026-05-08 22:11:33 -0700: Memory Usage (2849096K) : Executing rule S.DF.16_LV
2026-05-08 22:11:37 -0700: Memory Usage (2852164K) : Executing rule S.CO.3_LV
2026-05-08 22:11:41 -0700: Memory Usage (2852164K) : Executing rule S.CO.4_LV
2026-05-08 22:11:45 -0700: Memory Usage (2856768K) : Executing rule S.CO.6_ii_LV
2026-05-08 22:11:54 -0700: Memory Usage (2858296K) : Executing rule S.M1.1_LV
2026-05-08 22:11:54 -0700: Memory Usage (2858296K) : Starting 5V SRAM derivations
2026-05-08 22:11:54 -0700: Memory Usage (2858296K) : Executing rule S.DF.4c_MV
2026-05-08 22:11:54 -0700: Memory Usage (2858296K) : Executing rule S.DF.6_MV
2026-05-08 22:11:54 -0700: Memory Usage (2858296K) : Executing rule S.DF.7_MV
2026-05-08 22:11:54 -0700: Memory Usage (2858296K) : Executing rule S.DF.8_MV
2026-05-08 22:11:54 -0700: Memory Usage (2858296K) : Executing rule S.DF.16_MV
2026-05-08 22:11:55 -0700: Memory Usage (2861368K) : Executing rule S.PL.5a_MV
2026-05-08 22:11:55 -0700: Memory Usage (2861368K) : Executing rule S.PL.5b_MV
2026-05-08 22:11:55 -0700: Memory Usage (2861368K) : Executing rule S.CO.4_MV
2026-05-08 22:11:55 -0700: Memory Usage (2861368K) :  DRC Total Run time 328.678217752 seconds
2026-05-08 22:11:55 -0700: Memory Usage (2861368K) : Executing rule V1.1
2026-05-08 22:11:55 -0700: Memory Usage (2861368K) : Executing rule V1.2a
2026-05-08 22:11:57 -0700: Memory Usage (2864440K) : Executing rule V1.2b
2026-05-08 22:11:59 -0700: Memory Usage (2865972K) : Executing rule V1.3a
2026-05-08 22:12:00 -0700: Memory Usage (2881324K) : Executing rule V1.3c
2026-05-08 22:12:08 -0700: Memory Usage (2938156K) : Executing rule V1.3d
2026-05-08 22:12:18 -0700: Memory Usage (2982692K) : Executing rule V1.4a
2026-05-08 22:12:21 -0700: Memory Usage (3001124K) : Executing rule V1.4b
2026-05-08 22:12:24 -0700: Memory Usage (3013412K) : Executing rule V1.4c
2026-05-08 22:12:30 -0700: Memory Usage (3065636K) : Executing rule V2.1
2026-05-08 22:12:30 -0700: Memory Usage (3065636K) : Executing rule V2.2a
2026-05-08 22:12:31 -0700: Memory Usage (3067168K) : Executing rule V2.2b
2026-05-08 22:12:32 -0700: Memory Usage (3071776K) : Executing rule V2.3b
2026-05-08 22:12:33 -0700: Memory Usage (3093280K) : Executing rule V2.3c
2026-05-08 22:12:35 -0700: Memory Usage (3105568K) : Executing rule V2.3d
2026-05-08 22:12:38 -0700: Memory Usage (3166988K) : Executing rule V2.4a
2026-05-08 22:12:39 -0700: Memory Usage (3174660K) : Executing rule V2.4b
2026-05-08 22:12:41 -0700: Memory Usage (3185404K) : Executing rule V2.4c
2026-05-08 22:12:44 -0700: Memory Usage (3248372K) : Executing rule V3.1
2026-05-08 22:12:44 -0700: Memory Usage (3248372K) : Executing rule V3.2a
2026-05-08 22:12:44 -0700: Memory Usage (3249908K) : Executing rule V3.2b
2026-05-08 22:12:44 -0700: Memory Usage (3252980K) : Executing rule V3.3b
2026-05-08 22:12:45 -0700: Memory Usage (3260660K) : Executing rule V3.3c
2026-05-08 22:12:46 -0700: Memory Usage (3272936K) : Executing rule V3.3d
2026-05-08 22:12:47 -0700: Memory Usage (3283680K) : Executing rule V3.4a
2026-05-08 22:12:47 -0700: Memory Usage (3283680K) : Executing rule V3.4b
2026-05-08 22:12:48 -0700: Memory Usage (3282136K) : Executing rule V3.4c
2026-05-08 22:12:49 -0700: Memory Usage (3282120K) : Executing rule V4.1
2026-05-08 22:12:49 -0700: Memory Usage (3282120K) : Executing rule V4.2a
2026-05-08 22:12:50 -0700: Memory Usage (3283656K) : Executing rule V4.2b
2026-05-08 22:12:50 -0700: Memory Usage (3283656K) : Executing rule V4.3b
2026-05-08 22:12:50 -0700: Memory Usage (3283656K) : Executing rule V4.3c
2026-05-08 22:12:51 -0700: Memory Usage (3286724K) : Executing rule V4.3d
2026-05-08 22:12:52 -0700: Memory Usage (3288256K) : Executing rule V4.4a
2026-05-08 22:12:52 -0700: Memory Usage (3288256K) : Executing rule V4.4b
2026-05-08 22:12:52 -0700: Memory Usage (3286712K) : Executing rule V4.4c
2026-05-08 22:12:53 -0700: Memory Usage (3289784K) : Starting YMTP_MK derivations
2026-05-08 22:12:53 -0700: Memory Usage (3289784K) : Executing rule Y.NW.2b_LV
2026-05-08 22:12:53 -0700: Memory Usage (3289784K) : Executing rule Y.NW.2b_MV
2026-05-08 22:12:53 -0700: Memory Usage (3289784K) : Executing rule Y.DF.6_MV
2026-05-08 22:12:53 -0700: Memory Usage (3289784K) : Executing rule Y.DF.16_LV
2026-05-08 22:12:53 -0700: Memory Usage (3289784K) : Executing rule Y.DF.16_MV
2026-05-08 22:12:53 -0700: Memory Usage (3289784K) : Executing rule Y.PL.1_LV
2026-05-08 22:12:53 -0700: Memory Usage (3289784K) : Executing rule Y.PL.1_MV
2026-05-08 22:12:53 -0700: Memory Usage (3289784K) : Executing rule Y.PL.2_LV
2026-05-08 22:12:53 -0700: Memory Usage (3291320K) : Executing rule Y.PL.2_MV
2026-05-08 22:12:53 -0700: Memory Usage (3291316K) : Executing rule Y.PL.4_MV
2026-05-08 22:12:53 -0700: Memory Usage (3289780K) : Executing rule Y.PL.5a_LV
2026-05-08 22:12:53 -0700: Memory Usage (3289780K) : Executing rule Y.PL.5a_MV
2026-05-08 22:12:53 -0700: Memory Usage (3289780K) : Executing rule Y.PL.5b_LV
2026-05-08 22:12:53 -0700: Memory Usage (3289780K) : Executing rule Y.PL.5b_MV
2026-05-08 22:12:53 -0700: Memory Usage (3289780K) : Executing rule CUP.2
2026-05-08 22:12:53 -0700: Memory Usage (3292852K) : Executing rule CUP.3
2026-05-08 22:12:53 -0700: Memory Usage (3288240K) : Starting Metal Slotting rules derivations
2026-05-08 22:12:53 -0700: Memory Usage (3288240K) : Checking slots for: metal1
2026-05-08 22:12:59 -0700: Memory Usage (3408048K) : Executing rule MSLOT.1
2026-05-08 22:13:04 -0700: Memory Usage (3430400K) : Executing rule MSLOT.2
2026-05-08 22:13:04 -0700: Memory Usage (3430400K) : Executing rule MSLOT.3
2026-05-08 22:13:04 -0700: Memory Usage (3431936K) : Executing rule MSLOT.4
2026-05-08 22:13:04 -0700: Memory Usage (3433472K) : Executing rule MSLOT.5
2026-05-08 22:13:04 -0700: Memory Usage (3433472K) : Executing rule MSLOT.7
2026-05-08 22:13:04 -0700: Memory Usage (3433472K) : Executing rule MSLOT.8
2026-05-08 22:13:04 -0700: Memory Usage (3435008K) : Executing rule MSLOT.9
2026-05-08 22:13:04 -0700: Memory Usage (3435004K) : Checking slots for: metal2
2026-05-08 22:13:08 -0700: Memory Usage (3453436K) : Executing rule MSLOT.1
2026-05-08 22:13:09 -0700: Memory Usage (3453436K) : Executing rule MSLOT.2
2026-05-08 22:13:09 -0700: Memory Usage (3454972K) : Executing rule MSLOT.3
2026-05-08 22:13:09 -0700: Memory Usage (3458044K) : Executing rule MSLOT.4
2026-05-08 22:13:09 -0700: Memory Usage (3459580K) : Executing rule MSLOT.5
2026-05-08 22:13:09 -0700: Memory Usage (3459580K) : Executing rule MSLOT.7
2026-05-08 22:13:09 -0700: Memory Usage (3459576K) : Executing rule MSLOT.8
2026-05-08 22:13:09 -0700: Memory Usage (3461112K) : Executing rule MSLOT.9
2026-05-08 22:13:09 -0700: Memory Usage (3462644K) : Checking slots for: metal3
2026-05-08 22:13:13 -0700: Memory Usage (3477996K) : Executing rule MSLOT.1
2026-05-08 22:13:13 -0700: Memory Usage (3477996K) : Executing rule MSLOT.2
2026-05-08 22:13:13 -0700: Memory Usage (3477996K) : Executing rule MSLOT.3
2026-05-08 22:13:13 -0700: Memory Usage (3479532K) : Executing rule MSLOT.4
2026-05-08 22:13:13 -0700: Memory Usage (3477996K) : Executing rule MSLOT.5
2026-05-08 22:13:13 -0700: Memory Usage (3477996K) : Executing rule MSLOT.7
2026-05-08 22:13:13 -0700: Memory Usage (3476456K) : Executing rule MSLOT.8
2026-05-08 22:13:13 -0700: Memory Usage (3476452K) : Executing rule MSLOT.9
2026-05-08 22:13:13 -0700: Memory Usage (3476452K) : Checking slots for: metal4
2026-05-08 22:13:14 -0700: Memory Usage (3474912K) : Executing rule MSLOT.1
2026-05-08 22:13:14 -0700: Memory Usage (3474912K) : Executing rule MSLOT.2
2026-05-08 22:13:14 -0700: Memory Usage (3476448K) : Executing rule MSLOT.3
2026-05-08 22:13:14 -0700: Memory Usage (3474908K) : Executing rule MSLOT.4
2026-05-08 22:13:14 -0700: Memory Usage (3474908K) : Executing rule MSLOT.5
2026-05-08 22:13:14 -0700: Memory Usage (3471828K) : Executing rule MSLOT.7
2026-05-08 22:13:14 -0700: Memory Usage (3471828K) : Executing rule MSLOT.8
2026-05-08 22:13:14 -0700: Memory Usage (3473364K) : Executing rule MSLOT.9
2026-05-08 22:13:14 -0700: Memory Usage (3473364K) : Checking slots for: metal5
2026-05-08 22:13:15 -0700: Memory Usage (3471824K) : Executing rule MSLOT.1
2026-05-08 22:13:15 -0700: Memory Usage (3471824K) : Executing rule MSLOT.2
2026-05-08 22:13:15 -0700: Memory Usage (3473360K) : Executing rule MSLOT.3
2026-05-08 22:13:15 -0700: Memory Usage (3474896K) : Executing rule MSLOT.4
2026-05-08 22:13:15 -0700: Memory Usage (3477968K) : Executing rule MSLOT.5
2026-05-08 22:13:15 -0700: Memory Usage (3477968K) : Executing rule MSLOT.7
2026-05-08 22:13:15 -0700: Memory Usage (3477968K) : Executing rule MSLOT.8
2026-05-08 22:13:15 -0700: Memory Usage (3477968K) : Executing rule MSLOT.9
2026-05-08 22:13:15 -0700: Memory Usage (3479504K) : Executing rule DE.2
2026-05-08 22:13:15 -0700: Memory Usage (3479504K) : Executing rule DE.3
2026-05-08 22:13:15 -0700: Memory Usage (3479504K) : Executing rule DE.4
2026-05-08 22:13:15 -0700: Memory Usage (3479504K) : Starting dummy comp derivations
2026-05-08 22:13:15 -0700: Memory Usage (3479504K) : Executing rule DCF.2b
2026-05-08 22:13:15 -0700: Memory Usage (3479504K) : Executing rule DCF.4
2026-05-08 22:13:15 -0700: Memory Usage (3479504K) : Executing rule DCF.5
2026-05-08 22:13:15 -0700: Memory Usage (3479504K) : Executing rule DCF.6a
2026-05-08 22:13:15 -0700: Memory Usage (3479504K) : Executing rule DCF.6b
2026-05-08 22:13:15 -0700: Memory Usage (3479504K) : Executing rule DCF.6c
2026-05-08 22:13:15 -0700: Memory Usage (3479504K) : Executing rule DCF.6d
2026-05-08 22:13:15 -0700: Memory Usage (3479504K) : Executing rule DCF.8a
2026-05-08 22:13:15 -0700: Memory Usage (3479504K) : Executing rule DCF.11a
2026-05-08 22:13:15 -0700: Memory Usage (3479504K) : Executing rule DCF.12
2026-05-08 22:13:15 -0700: Memory Usage (3479504K) : Starting Dummy Poly2 derivations
2026-05-08 22:13:15 -0700: Memory Usage (3479504K) : Executing rule DPF.1
2026-05-08 22:13:15 -0700: Memory Usage (3479504K) : Executing rule DPF.2b
2026-05-08 22:13:15 -0700: Memory Usage (3479504K) : Executing rule DPF.4
2026-05-08 22:13:15 -0700: Memory Usage (3479504K) : Executing rule DPF.5
2026-05-08 22:13:15 -0700: Memory Usage (3479504K) : Executing rule DPF.6a
2026-05-08 22:13:15 -0700: Memory Usage (3479504K) : Executing rule DPF.6b
2026-05-08 22:13:15 -0700: Memory Usage (3479504K) : Executing rule DPF.6c
2026-05-08 22:13:15 -0700: Memory Usage (3479504K) : Executing rule DPF.6d
2026-05-08 22:13:15 -0700: Memory Usage (3479504K) : Executing rule DPF.8
2026-05-08 22:13:15 -0700: Memory Usage (3479504K) : Executing rule DPF.9
2026-05-08 22:13:15 -0700: Memory Usage (3479504K) : Executing rule DPF.11
2026-05-08 22:13:15 -0700: Memory Usage (3479504K) : Executing rule DPF.14
2026-05-08 22:13:15 -0700: Memory Usage (3479504K) : Executing rule DPF.16
2026-05-08 22:13:15 -0700: Memory Usage (3479504K) : Executing rule DPF.19
2026-05-08 22:13:15 -0700: Memory Usage (3479504K) : Executing rule DM1.2b
2026-05-08 22:13:15 -0700: Memory Usage (3479504K) : Executing rule DM1.3
2026-05-08 22:13:15 -0700: Memory Usage (3479504K) : Executing rule DM1.8
2026-05-08 22:13:15 -0700: Memory Usage (3479504K) : Executing rule DM2.2b
2026-05-08 22:13:15 -0700: Memory Usage (3479504K) : Executing rule DM2.3
2026-05-08 22:13:15 -0700: Memory Usage (3479504K) : Executing rule DM2.8
2026-05-08 22:13:16 -0700: Memory Usage (3479504K) : Executing rule DM3.2b
2026-05-08 22:13:16 -0700: Memory Usage (3479504K) : Executing rule DM3.3
2026-05-08 22:13:16 -0700: Memory Usage (3479504K) : Executing rule DM3.8
2026-05-08 22:13:16 -0700: Memory Usage (3479504K) : Executing rule DM4.2b
2026-05-08 22:13:16 -0700: Memory Usage (3479504K) : Executing rule DM4.3
2026-05-08 22:13:16 -0700: Memory Usage (3479504K) : Executing rule DM4.8
2026-05-08 22:13:16 -0700: Memory Usage (3479504K) : Executing rule DM5.2b
2026-05-08 22:13:16 -0700: Memory Usage (3479504K) : Executing rule DM5.8
2026-05-08 22:13:16 -0700: Memory Usage (3479504K) :  DRC Total Run time 408.853263024 seconds
