
===========================================================================
report_checks -unconstrained
===========================================================================
======================= nom_tt_025C_3v30 Corner ===================================

Startpoint: sram2048.u_bank0 (rising edge-triggered flip-flop clocked by clk)
Endpoint: dft_rdata[7] (output port clocked by clk)
Path Group: clk
Path Type: max

Fanout         Cap        Slew       Delay        Time   Description
---------------------------------------------------------------------------------------------
                                  0.000000    0.000000   clock clk (rise edge)
                                  0.000000    0.000000   clock source latency
     2    0.182451    0.283613    0.228842    0.228842 ^ clk (in)
                                                         clk (net)
                      0.283759    0.000000    0.228842 ^ delaybuf_0_clk/A (gf180mcu_as_sc_mcu7t3v3__clkbuff_12)
     1    0.023883    0.029095    0.149819    0.378662 ^ delaybuf_0_clk/Y (gf180mcu_as_sc_mcu7t3v3__clkbuff_12)
                                                         delaynet_0_clk (net)
                      0.029130    0.001506    0.380167 ^ delaybuf_1_clk/A (gf180mcu_as_sc_mcu7t3v3__clkbuff_12)
     1    0.024828    0.028334    0.116113    0.496280 ^ delaybuf_1_clk/Y (gf180mcu_as_sc_mcu7t3v3__clkbuff_12)
                                                         delaynet_1_clk (net)
                      0.028402    0.001518    0.497798 ^ clkbuf_0_clk/A (gf180mcu_as_sc_mcu7t3v3__clkbuff_12)
     2    0.147396    0.090633    0.162474    0.660273 ^ clkbuf_0_clk/Y (gf180mcu_as_sc_mcu7t3v3__clkbuff_12)
                                                         clknet_0_clk (net)
                      0.093618    0.010146    0.670419 ^ clkbuf_1_1__f_clk/A (gf180mcu_as_sc_mcu7t3v3__clkbuff_12)
     1    0.331839    0.205623    0.201261    0.871680 ^ clkbuf_1_1__f_clk/Y (gf180mcu_as_sc_mcu7t3v3__clkbuff_12)
                                                         clknet_1_1__leaf_clk (net)
                      0.228794    0.043262    0.914942 ^ sram2048.u_bank0/CLK (gf180mcu_ocd_ip_sram__sram1024x8m8wm1)
     1    0.103986    0.347711    7.296595    8.211536 v sram2048.u_bank0/Q[7] (gf180mcu_ocd_ip_sram__sram1024x8m8wm1)
                                                         sram2048.q_bank0[7] (net)
                      0.350104    0.008858    8.220394 v _2744_/A (gf180mcu_as_sc_mcu7t3v3__mux2_2)
     1    0.025840    0.088539    0.335762    8.556156 v _2744_/Y (gf180mcu_as_sc_mcu7t3v3__mux2_2)
                                                         core_inst.rf_mem_if.o_wb_rdt[31] (net)
                      0.088607    0.001635    8.557791 v wire740/A (gf180mcu_as_sc_mcu7t3v3__clkbuff_12)
     7    0.115546    0.067530    0.167352    8.725143 v wire740/Y (gf180mcu_as_sc_mcu7t3v3__clkbuff_12)
                                                         net740 (net)
                      0.068231    0.004407    8.729550 v _5485_/A (gf180mcu_as_sc_mcu7t3v3__buff_2)
     1    0.010844    0.032497    0.127101    8.856651 v _5485_/Y (gf180mcu_as_sc_mcu7t3v3__buff_2)
                                                         net324 (net)
                      0.032518    0.000536    8.857188 v output324/A (gf180mcu_as_sc_mcu7t3v3__buff_2)
     1    0.123381    0.244891    0.286829    9.144017 v output324/Y (gf180mcu_as_sc_mcu7t3v3__buff_2)
                                                         dft_rdata[7] (net)
                      0.244893    0.005472    9.149489 v dft_rdata[7] (out)
                                              9.149489   data arrival time

                                 40.000000   40.000000   clock clk (rise edge)
                                  0.000000   40.000000   clock network delay (propagated)
                                 -0.250000   39.750000   clock uncertainty
                                  0.000000   39.750000   clock reconvergence pessimism
                                 -8.000000   31.750000   output external delay
                                             31.750000   data required time
---------------------------------------------------------------------------------------------
                                             31.750000   data required time
                                             -9.149489   data arrival time
---------------------------------------------------------------------------------------------
                                             22.600510   slack (MET)




===========================================================================
report_checks --slack_max -0.01
============================================================================
======================= nom_tt_025C_3v30 Corner ===================================

No paths found.


===========================================================================
 report_check_types -max_slew -max_cap -max_fanout -violators
============================================================================
======================= nom_tt_025C_3v30 Corner ===================================

max fanout

Pin                                   Limit Fanout  Slack
---------------------------------------------------------
clkbuf_leaf_11_clk_regs/Y                 9     18     -9 (VIOLATED)
clkbuf_leaf_10_clk_regs/Y                 9     17     -8 (VIOLATED)
clkbuf_leaf_19_clk_regs/Y                 9     17     -8 (VIOLATED)
clkbuf_leaf_23_clk_regs/Y                 9     17     -8 (VIOLATED)
clkbuf_leaf_3_clk_regs/Y                  9     17     -8 (VIOLATED)
clkbuf_leaf_14_clk_regs/Y                 9     16     -7 (VIOLATED)
clkbuf_leaf_18_clk_regs/Y                 9     16     -7 (VIOLATED)
clkbuf_leaf_22_clk_regs/Y                 9     16     -7 (VIOLATED)
clkbuf_leaf_2_clk_regs/Y                  9     16     -7 (VIOLATED)
clkbuf_leaf_6_clk_regs/Y                  9     16     -7 (VIOLATED)
clkbuf_leaf_8_clk_regs/Y                  9     16     -7 (VIOLATED)
clkbuf_leaf_9_clk_regs/Y                  9     16     -7 (VIOLATED)
clkbuf_leaf_15_clk_regs/Y                 9     15     -6 (VIOLATED)
clkbuf_leaf_20_clk_regs/Y                 9     15     -6 (VIOLATED)
clkbuf_leaf_26_clk_regs/Y                 9     15     -6 (VIOLATED)
clkbuf_leaf_35_clk_regs/Y                 9     15     -6 (VIOLATED)
clkbuf_leaf_36_clk_regs/Y                 9     15     -6 (VIOLATED)
clkbuf_leaf_4_clk_regs/Y                  9     15     -6 (VIOLATED)
clkbuf_leaf_0_clk_regs/Y                  9     14     -5 (VIOLATED)
clkbuf_leaf_12_clk_regs/Y                 9     14     -5 (VIOLATED)
clkbuf_leaf_13_clk_regs/Y                 9     14     -5 (VIOLATED)
clkbuf_leaf_1_clk_regs/Y                  9     14     -5 (VIOLATED)
clkbuf_leaf_25_clk_regs/Y                 9     14     -5 (VIOLATED)
clkbuf_leaf_27_clk_regs/Y                 9     14     -5 (VIOLATED)
clkbuf_leaf_29_clk_regs/Y                 9     14     -5 (VIOLATED)
clkbuf_leaf_30_clk_regs/Y                 9     14     -5 (VIOLATED)
clkbuf_leaf_32_clk_regs/Y                 9     14     -5 (VIOLATED)
clkbuf_leaf_5_clk_regs/Y                  9     14     -5 (VIOLATED)
clkbuf_leaf_21_clk_regs/Y                 9     13     -4 (VIOLATED)
clkbuf_leaf_24_clk_regs/Y                 9     13     -4 (VIOLATED)
clkbuf_leaf_28_clk_regs/Y                 9     13     -4 (VIOLATED)
clkbuf_leaf_34_clk_regs/Y                 9     13     -4 (VIOLATED)
clkbuf_leaf_37_clk_regs/Y                 9     13     -4 (VIOLATED)
clkbuf_leaf_16_clk_regs/Y                 9     12     -3 (VIOLATED)
clkbuf_leaf_17_clk_regs/Y                 9     12     -3 (VIOLATED)
clkbuf_leaf_33_clk_regs/Y                 9     12     -3 (VIOLATED)
clkbuf_leaf_7_clk_regs/Y                  9     12     -3 (VIOLATED)
clkbuf_leaf_31_clk_regs/Y                 9     11     -2 (VIOLATED)

max capacitance

Pin                                        Limit         Cap       Slack
------------------------------------------------------------------------
clkbuf_1_1__f_clk/Y                     0.200000    0.331839   -0.131839 (VIOLATED)
clkbuf_1_0__f_clk/Y                     0.200000    0.314478   -0.114478 (VIOLATED)
clkbuf_0_clk_regs/Y                     0.200000    0.291710   -0.091710 (VIOLATED)
clkbuf_3_0_0_clk_regs/Y                 0.200000    0.233813   -0.033813 (VIOLATED)
clkbuf_3_1_0_clk_regs/Y                 0.200000    0.230657   -0.030657 (VIOLATED)
_2629_/Y                                0.200000    0.210418   -0.010418 (VIOLATED)
_2668_/Y                                0.200000    0.204701   -0.004701 (VIOLATED)
_2672_/Y                                0.200000    0.200970   -0.000970 (VIOLATED)



===========================================================================
report_parasitic_annotation -report_unannotated
============================================================================
Found 31 unannotated drivers.
 clkload0/Y
 clkload1/Y
 clkload10/Y
 clkload11/Y
 clkload12/Y
 clkload13/Y
 clkload14/Y
 clkload15/Y
 clkload16/Y
 clkload17/Y
 clkload18/Y
 clkload19/Y
 clkload2/Y
 clkload20/Y
 clkload21/Y
 clkload22/Y
 clkload23/Y
 clkload24/Y
 clkload25/Y
 clkload26/Y
 clkload27/Y
 clkload28/Y
 clkload29/Y
 clkload3/Y
 clkload30/Y
 clkload4/Y
 clkload5/Y
 clkload6/Y
 clkload7/Y
 clkload8/Y
 clkload9/Y
Found 0 partially unannotated drivers.

===========================================================================
max slew violation count 0
Writing metric design__max_slew_violation__count__corner:nom_tt_025C_3v30: 0
max fanout violation count 38
Writing metric design__max_fanout_violation__count__corner:nom_tt_025C_3v30: 38
max cap violation count 8
Writing metric design__max_cap_violation__count__corner:nom_tt_025C_3v30: 8
============================================================================

===========================================================================
check_setup -verbose -unconstrained_endpoints -multiple_clock -no_clock -no_input_delay -loops -generated_clocks
===========================================================================
