Clock: clk
Sources: clk 
Generated: no
Virtual: yes
Propagated: no
Period: 40.000000

===========================================================================
report_clock_properties
============================================================================
Clock                   Period          Waveform
----------------------------------------------------
clk                  40.000000    0.000000 20.000000

===========================================================================
report_clock_latency
============================================================================
Clock clk
rise -> rise
    min     max
0.000000 0.000000 source latency
0.899136         network latency sram2048.u_bank1/CLK
        1.028782 network latency _5278_/CLK
---------------
0.899136 1.028782 latency
        0.129647 skew

fall -> fall
    min     max
0.000000 0.000000 source latency
0.807679         network latency sram2048.u_bank1/CLK
        0.936859 network latency _5278_/CLK
---------------
0.807679 0.936859 latency
        0.129180 skew



===========================================================================
report_clock_min_period
============================================================================
clk period_min = 11.19 fmax = 89.37
