
===========================================================================
 report_power
============================================================================
======================= nom_tt_025C_3v30 Corner ===================================

Group                    Internal    Switching      Leakage        Total
                            Power        Power        Power        Power (Watts)
------------------------------------------------------------------------
Sequential           0.000000e+00 5.439884e-05 0.000000e+00 5.439884e-05   0.3%
Combinational        1.517536e-03 9.536266e-04 0.000000e+00 2.471163e-03  14.7%
Clock                3.212624e-03 2.053949e-03 0.000000e+00 5.266573e-03  31.4%
Macro                9.005347e-03 0.000000e+00 5.433186e-07 9.005890e-03  53.6%
Pad                  0.000000e+00 0.000000e+00 0.000000e+00 0.000000e+00   0.0%
------------------------------------------------------------------------
Total                1.373551e-02 3.061975e-03 5.433186e-07 1.679803e-02 100.0%
                            81.8%        18.2%         0.0%
Writing metric power__internal__total: 0.013735509477555752
Writing metric power__switching__total: 0.003061974886804819
Writing metric power__leakage__total: 5.433186061054585e-7
Writing metric power__total: 0.016798028722405434

