Reading timing models for corner min_ff_n40C_3v60…
Reading timing library for the 'min_ff_n40C_3v60' corner at '/home/etcfranc/NoCNoC/gf180mcu/gf180mcuD/libs.ref/gf180mcu_as_sc_mcu7t3v3/lib/gf180mcu_as_sc_mcu7t3v3__ff_n40C_3v60.lib'…
Reading timing library for the 'min_ff_n40C_3v60' corner at '/home/etcfranc/NoCNoC/gf180mcu/gf180mcuD/libs.ref/gf180mcu_fd_io/lib/gf180mcu_fd_io__ff_n40C_3v63.lib'…
Reading timing library for the 'min_ff_n40C_3v60' corner at '/home/etcfranc/NoCNoC/gf180mcu/gf180mcuD/libs.ref/gf180mcu_fd_io/lib/gf180mcu_ws_io__ff_n40C_5v50.lib'…
Reading timing library for the 'min_ff_n40C_3v60' corner at '/home/etcfranc/NoCNoC/libs/gf180mcu_ocd_ip_sram/cells/gf180mcu_ocd_ip_sram__sram1024x8m8wm1/gf180mcu_ocd_ip_sram__sram1024x8m8wm1__ff_n40C_3v60.lib'…
Reading timing models for corner max_tt_025C_3v30…
Reading timing library for the 'max_tt_025C_3v30' corner at '/home/etcfranc/NoCNoC/gf180mcu/gf180mcuD/libs.ref/gf180mcu_as_sc_mcu7t3v3/lib/gf180mcu_as_sc_mcu7t3v3__tt_025C_3v30.lib'…
Reading timing library for the 'max_tt_025C_3v30' corner at '/home/etcfranc/NoCNoC/gf180mcu/gf180mcuD/libs.ref/gf180mcu_fd_io/lib/gf180mcu_fd_io__tt_025C_3v30.lib'…
Reading timing library for the 'max_tt_025C_3v30' corner at '/home/etcfranc/NoCNoC/gf180mcu/gf180mcuD/libs.ref/gf180mcu_fd_io/lib/gf180mcu_ws_io__tt_025C_5v00.lib'…
Reading timing library for the 'max_tt_025C_3v30' corner at '/home/etcfranc/NoCNoC/libs/gf180mcu_ocd_ip_sram/cells/gf180mcu_ocd_ip_sram__sram1024x8m8wm1/gf180mcu_ocd_ip_sram__sram1024x8m8wm1__tt_025C_3v30.lib'…
Reading timing models for corner nom_tt_025C_3v30…
Reading timing library for the 'nom_tt_025C_3v30' corner at '/home/etcfranc/NoCNoC/gf180mcu/gf180mcuD/libs.ref/gf180mcu_as_sc_mcu7t3v3/lib/gf180mcu_as_sc_mcu7t3v3__tt_025C_3v30.lib'…
[WARNING STA-1140] /home/etcfranc/NoCNoC/gf180mcu/gf180mcuD/libs.ref/gf180mcu_as_sc_mcu7t3v3/lib/gf180mcu_as_sc_mcu7t3v3__tt_025C_3v30.lib line 1, library gf180mcu_as_sc_mcu7t3v3__tt_025C_3v30 already exists.
Reading timing library for the 'nom_tt_025C_3v30' corner at '/home/etcfranc/NoCNoC/gf180mcu/gf180mcuD/libs.ref/gf180mcu_fd_io/lib/gf180mcu_fd_io__tt_025C_3v30.lib'…
[WARNING STA-1140] /home/etcfranc/NoCNoC/gf180mcu/gf180mcuD/libs.ref/gf180mcu_fd_io/lib/gf180mcu_fd_io__tt_025C_3v30.lib line 17, library gf180mcu_fd_io__tt_025C_3v30 already exists.
Reading timing library for the 'nom_tt_025C_3v30' corner at '/home/etcfranc/NoCNoC/gf180mcu/gf180mcuD/libs.ref/gf180mcu_fd_io/lib/gf180mcu_ws_io__tt_025C_5v00.lib'…
[WARNING STA-1140] /home/etcfranc/NoCNoC/gf180mcu/gf180mcuD/libs.ref/gf180mcu_fd_io/lib/gf180mcu_ws_io__tt_025C_5v00.lib line 17, library gf180mcu_ws_io__tt_025C_5v00 already exists.
Reading timing library for the 'nom_tt_025C_3v30' corner at '/home/etcfranc/NoCNoC/libs/gf180mcu_ocd_ip_sram/cells/gf180mcu_ocd_ip_sram__sram1024x8m8wm1/gf180mcu_ocd_ip_sram__sram1024x8m8wm1__tt_025C_3v30.lib'…
[WARNING STA-1140] /home/etcfranc/NoCNoC/libs/gf180mcu_ocd_ip_sram/cells/gf180mcu_ocd_ip_sram__sram1024x8m8wm1/gf180mcu_ocd_ip_sram__sram1024x8m8wm1__tt_025C_3v30.lib line 34, library gf180mcu_ocd_ip_sram__sram1024x8m8wm1__tt_025C_3v30 already exists.
Reading timing models for corner max_ff_n40C_3v60…
Reading timing library for the 'max_ff_n40C_3v60' corner at '/home/etcfranc/NoCNoC/gf180mcu/gf180mcuD/libs.ref/gf180mcu_as_sc_mcu7t3v3/lib/gf180mcu_as_sc_mcu7t3v3__ff_n40C_3v60.lib'…
[WARNING STA-1140] /home/etcfranc/NoCNoC/gf180mcu/gf180mcuD/libs.ref/gf180mcu_as_sc_mcu7t3v3/lib/gf180mcu_as_sc_mcu7t3v3__ff_n40C_3v60.lib line 1, library gf180mcu_as_sc_mcu7t3v3__ff_n40C_3v60 already exists.
Reading timing library for the 'max_ff_n40C_3v60' corner at '/home/etcfranc/NoCNoC/gf180mcu/gf180mcuD/libs.ref/gf180mcu_fd_io/lib/gf180mcu_fd_io__ff_n40C_3v63.lib'…
[WARNING STA-1140] /home/etcfranc/NoCNoC/gf180mcu/gf180mcuD/libs.ref/gf180mcu_fd_io/lib/gf180mcu_fd_io__ff_n40C_3v63.lib line 17, library gf180mcu_fd_io__ff_n40C_3v63 already exists.
Reading timing library for the 'max_ff_n40C_3v60' corner at '/home/etcfranc/NoCNoC/gf180mcu/gf180mcuD/libs.ref/gf180mcu_fd_io/lib/gf180mcu_ws_io__ff_n40C_5v50.lib'…
[WARNING STA-1140] /home/etcfranc/NoCNoC/gf180mcu/gf180mcuD/libs.ref/gf180mcu_fd_io/lib/gf180mcu_ws_io__ff_n40C_5v50.lib line 17, library gf180mcu_ws_io__ff_n40C_5v50 already exists.
Reading timing library for the 'max_ff_n40C_3v60' corner at '/home/etcfranc/NoCNoC/libs/gf180mcu_ocd_ip_sram/cells/gf180mcu_ocd_ip_sram__sram1024x8m8wm1/gf180mcu_ocd_ip_sram__sram1024x8m8wm1__ff_n40C_3v60.lib'…
[WARNING STA-1140] /home/etcfranc/NoCNoC/libs/gf180mcu_ocd_ip_sram/cells/gf180mcu_ocd_ip_sram__sram1024x8m8wm1/gf180mcu_ocd_ip_sram__sram1024x8m8wm1__ff_n40C_3v60.lib line 34, library gf180mcu_ocd_ip_sram__sram1024x8m8wm1__ff_n40C_3v60 already exists.
Reading timing models for corner nom_ff_n40C_3v60…
Reading timing library for the 'nom_ff_n40C_3v60' corner at '/home/etcfranc/NoCNoC/gf180mcu/gf180mcuD/libs.ref/gf180mcu_as_sc_mcu7t3v3/lib/gf180mcu_as_sc_mcu7t3v3__ff_n40C_3v60.lib'…
[WARNING STA-1140] /home/etcfranc/NoCNoC/gf180mcu/gf180mcuD/libs.ref/gf180mcu_as_sc_mcu7t3v3/lib/gf180mcu_as_sc_mcu7t3v3__ff_n40C_3v60.lib line 1, library gf180mcu_as_sc_mcu7t3v3__ff_n40C_3v60 already exists.
Reading timing library for the 'nom_ff_n40C_3v60' corner at '/home/etcfranc/NoCNoC/gf180mcu/gf180mcuD/libs.ref/gf180mcu_fd_io/lib/gf180mcu_fd_io__ff_n40C_3v63.lib'…
[WARNING STA-1140] /home/etcfranc/NoCNoC/gf180mcu/gf180mcuD/libs.ref/gf180mcu_fd_io/lib/gf180mcu_fd_io__ff_n40C_3v63.lib line 17, library gf180mcu_fd_io__ff_n40C_3v63 already exists.
Reading timing library for the 'nom_ff_n40C_3v60' corner at '/home/etcfranc/NoCNoC/gf180mcu/gf180mcuD/libs.ref/gf180mcu_fd_io/lib/gf180mcu_ws_io__ff_n40C_5v50.lib'…
[WARNING STA-1140] /home/etcfranc/NoCNoC/gf180mcu/gf180mcuD/libs.ref/gf180mcu_fd_io/lib/gf180mcu_ws_io__ff_n40C_5v50.lib line 17, library gf180mcu_ws_io__ff_n40C_5v50 already exists.
Reading timing library for the 'nom_ff_n40C_3v60' corner at '/home/etcfranc/NoCNoC/libs/gf180mcu_ocd_ip_sram/cells/gf180mcu_ocd_ip_sram__sram1024x8m8wm1/gf180mcu_ocd_ip_sram__sram1024x8m8wm1__ff_n40C_3v60.lib'…
[WARNING STA-1140] /home/etcfranc/NoCNoC/libs/gf180mcu_ocd_ip_sram/cells/gf180mcu_ocd_ip_sram__sram1024x8m8wm1/gf180mcu_ocd_ip_sram__sram1024x8m8wm1__ff_n40C_3v60.lib line 34, library gf180mcu_ocd_ip_sram__sram1024x8m8wm1__ff_n40C_3v60 already exists.
Reading timing models for corner min_tt_025C_3v30…
Reading timing library for the 'min_tt_025C_3v30' corner at '/home/etcfranc/NoCNoC/gf180mcu/gf180mcuD/libs.ref/gf180mcu_as_sc_mcu7t3v3/lib/gf180mcu_as_sc_mcu7t3v3__tt_025C_3v30.lib'…
[WARNING STA-1140] /home/etcfranc/NoCNoC/gf180mcu/gf180mcuD/libs.ref/gf180mcu_as_sc_mcu7t3v3/lib/gf180mcu_as_sc_mcu7t3v3__tt_025C_3v30.lib line 1, library gf180mcu_as_sc_mcu7t3v3__tt_025C_3v30 already exists.
Reading timing library for the 'min_tt_025C_3v30' corner at '/home/etcfranc/NoCNoC/gf180mcu/gf180mcuD/libs.ref/gf180mcu_fd_io/lib/gf180mcu_fd_io__tt_025C_3v30.lib'…
[WARNING STA-1140] /home/etcfranc/NoCNoC/gf180mcu/gf180mcuD/libs.ref/gf180mcu_fd_io/lib/gf180mcu_fd_io__tt_025C_3v30.lib line 17, library gf180mcu_fd_io__tt_025C_3v30 already exists.
Reading timing library for the 'min_tt_025C_3v30' corner at '/home/etcfranc/NoCNoC/gf180mcu/gf180mcuD/libs.ref/gf180mcu_fd_io/lib/gf180mcu_ws_io__tt_025C_5v00.lib'…
[WARNING STA-1140] /home/etcfranc/NoCNoC/gf180mcu/gf180mcuD/libs.ref/gf180mcu_fd_io/lib/gf180mcu_ws_io__tt_025C_5v00.lib line 17, library gf180mcu_ws_io__tt_025C_5v00 already exists.
Reading timing library for the 'min_tt_025C_3v30' corner at '/home/etcfranc/NoCNoC/libs/gf180mcu_ocd_ip_sram/cells/gf180mcu_ocd_ip_sram__sram1024x8m8wm1/gf180mcu_ocd_ip_sram__sram1024x8m8wm1__tt_025C_3v30.lib'…
[WARNING STA-1140] /home/etcfranc/NoCNoC/libs/gf180mcu_ocd_ip_sram/cells/gf180mcu_ocd_ip_sram__sram1024x8m8wm1/gf180mcu_ocd_ip_sram__sram1024x8m8wm1__tt_025C_3v30.lib line 34, library gf180mcu_ocd_ip_sram__sram1024x8m8wm1__tt_025C_3v30 already exists.
Reading OpenROAD database at '/home/etcfranc/NoCNoC/librelane/noc_tile/runs/RUN_2026-05-08_18-38-35/34-openroad-detailedplacement/mesh_tile.odb'…
[WARNING ORD-2001] LEF macro gf180mcu_ef_io__bi_t pin ANA missing from liberty cell.
Reading design constraints file at '/nix/store/xjkk69lna4pw6jkb6bhsvqkgmfkjqxg5-python3-3.13.9-env/lib/python3.13/site-packages/librelane/scripts/base.sdc'…
[INFO] Using clock clk…
[INFO] Setting output delay to: 8
[INFO] Setting input delay to: 8
[INFO] Setting load to: 0.07291
[INFO] Setting clock uncertainty to: 0.25
[INFO] Setting clock transition to: 0.15
[INFO] Setting timing derate to: 5%
[INFO] Configuring cts characterization…
+ configure_cts_characterization 
[INFO] Performing clock tree synthesis…
[INFO] Looking for the following net(s): clk
[INFO] Running Clock Tree Synthesis…
+ clock_tree_synthesis -buf_list gf180mcu_as_sc_mcu7t3v3__clkbuff_4 gf180mcu_as_sc_mcu7t3v3__clkbuff_8 gf180mcu_as_sc_mcu7t3v3__clkbuff_12 -root_buf gf180mcu_as_sc_mcu7t3v3__clkbuff_12 -sink_clustering_enable -apply_ndr half
[INFO CTS-0050] Root buffer is gf180mcu_as_sc_mcu7t3v3__clkbuff_12.
[INFO CTS-0051] Sink buffer is gf180mcu_as_sc_mcu7t3v3__clkbuff_12.
[INFO CTS-0052] The following clock buffers will be used for CTS:
                    gf180mcu_as_sc_mcu7t3v3__clkbuff_4
                    gf180mcu_as_sc_mcu7t3v3__clkbuff_8
                    gf180mcu_as_sc_mcu7t3v3__clkbuff_12
[INFO CTS-0049] Characterization buffer is gf180mcu_as_sc_mcu7t3v3__clkbuff_12.
[INFO CTS-0007] Net "clk" found for clock "clk".
[INFO CTS-0011]  Clock net "clk" for macros has 2 sinks.
[INFO CTS-0011]  Clock net "clk_regs" for registers has 532 sinks.
[INFO CTS-0008] TritonCTS found 2 clock nets.
[INFO CTS-0097] Characterization used 3 buffer(s) types.
[INFO CTS-0201] 2 blockages from hard placement blockages and placed macros will be used.
[INFO CTS-0027] Generating H-Tree topology for net clk.
[INFO CTS-0028]  Total number of sinks: 2.
[INFO CTS-0029]  Macro  sinks will be clustered in groups of up to 4 and with maximum cluster diameter of 1031.6 um.
[INFO CTS-0030]  Number of static layers: 0.
[INFO CTS-0020]  Wire segment unit: 39200  dbu (19 um).
[INFO CTS-0023]  Original sink region: [(576335, 26000), (1216335, 26000)].
[INFO CTS-0024]  Normalized sink region: [(14.7024, 0.663265), (31.029, 0.663265)].
[INFO CTS-0025]     Width:  16.3265.
[INFO CTS-0026]     Height: 0.0000.
 Level 1
    Direction: Horizontal
    Sinks per sub-region: 1
    Sub-region size: 8.1633 X 0.0000
[INFO CTS-0034]     Segment length (rounded): 4.
[INFO CTS-0032]  Stop criterion found. Max number of sinks is 9.
[INFO CTS-0035]  Number of sinks covered: 2.
[INFO CTS-0201] 2 blockages from hard placement blockages and placed macros will be used.
[INFO CTS-0027] Generating H-Tree topology for net clk_regs.
[INFO CTS-0028]  Total number of sinks: 532.
[INFO CTS-0090]  Sinks will be clustered based on buffer max cap.
[INFO CTS-0030]  Number of static layers: 0.
[INFO CTS-0020]  Wire segment unit: 39200  dbu (19 um).
[INFO CTS-0206] Best clustering solution was found from clustering size of 9 and clustering diameter of 50.
[INFO CTS-0019]  Total number of sinks after clustering: 40.
[INFO CTS-0024]  Normalized sink region: [(2.44809, 6.56003), (44.4227, 36.8677)].
[INFO CTS-0025]     Width:  41.9746.
[INFO CTS-0026]     Height: 30.3077.
 Level 1
    Direction: Horizontal
    Sinks per sub-region: 20
    Sub-region size: 20.9873 X 30.3077
[INFO CTS-0034]     Segment length (rounded): 10.
 Level 2
    Direction: Vertical
    Sinks per sub-region: 10
    Sub-region size: 20.9873 X 15.1538
[INFO CTS-0034]     Segment length (rounded): 8.
 Level 3
    Direction: Horizontal
    Sinks per sub-region: 5
    Sub-region size: 10.4937 X 15.1538
[INFO CTS-0034]     Segment length (rounded): 6.
[INFO CTS-0032]  Stop criterion found. Max number of sinks is 9.
[INFO CTS-0035]  Number of sinks covered: 40.
[INFO CTS-0018]     Created 3 clock buffers.
[INFO CTS-0012]     Minimum number of buffers in the clock path: 2.
[INFO CTS-0013]     Maximum number of buffers in the clock path: 2.
[INFO CTS-0015]     Created 3 clock nets.
[INFO CTS-0016]     Fanout distribution for the current clock = 1:2..
[INFO CTS-0017]     Max level of the clock tree: 1.
[INFO CTS-0018]     Created 49 clock buffers.
[INFO CTS-0012]     Minimum number of buffers in the clock path: 3.
[INFO CTS-0013]     Maximum number of buffers in the clock path: 3.
[INFO CTS-0015]     Created 49 clock nets.
[INFO CTS-0016]     Fanout distribution for the current clock = 3:1, 5:8, 6:1, 10:1, 11:4, 12:5, 13:8, 14:6, 15:7, 16:4, 17:2, 18:1..
[INFO CTS-0017]     Max level of the clock tree: 3.
[INFO CTS-0098] Clock net "clk"
[INFO CTS-0099]  Sinks 2
[INFO CTS-0100]  Leaf buffers 0
[INFO CTS-0101]  Average sink wire length 609.49 um
[INFO CTS-0102]  Path depth 2 - 2
[INFO CTS-0207]  Dummy loads inserted 0
[INFO CTS-0098] Clock net "clk_regs"
[INFO CTS-0099]  Sinks 563
[INFO CTS-0100]  Leaf buffers 40
[INFO CTS-0101]  Average sink wire length 603.89 um
[INFO CTS-0102]  Path depth 3 - 3
[INFO CTS-0207]  Dummy loads inserted 31
[INFO CTS-0033] Balancing latency for clock clk
[INFO CTS-0036]  inserted 2 delay buffers
[INFO CTS-0037] Total number of delay buffers: 2
[INFO] Repairing long wires on clock nets…
[INFO RSZ-0058] Using max wire length 689537um.
Setting global connections for newly added cells…
[INFO] Setting global connections...
sram2048.u_bank0 matched with sram2048.u_bank0
sram2048.u_bank1 matched with sram2048.u_bank1
[INFO ODB-0403] 344 connections made, 0 conflicts skipped.
Updating metrics…
Cell type report:                       Count       Area
  Macro                                     2  310827.11
  Tap cell                               2550   11195.52
  Tie cell                                192    1685.91
  Buffer                                    8     105.37
  Clock buffer                             64    3266.46
  Timing Repair Buffer                    809   11066.00
  Inverter                                 89     781.49
  Clock inverter                           22     338.06
  Sequential cell                         532   31553.80
  Multi-Input combinational cell         2275   50757.41
  Total                                  6543  421577.14
Writing OpenROAD database to '/home/etcfranc/NoCNoC/librelane/noc_tile/runs/RUN_2026-05-08_18-38-35/35-openroad-cts/mesh_tile.odb'…
Writing netlist to '/home/etcfranc/NoCNoC/librelane/noc_tile/runs/RUN_2026-05-08_18-38-35/35-openroad-cts/mesh_tile.nl.v'…
Writing powered netlist to '/home/etcfranc/NoCNoC/librelane/noc_tile/runs/RUN_2026-05-08_18-38-35/35-openroad-cts/mesh_tile.pnl.v'…
Writing layout to '/home/etcfranc/NoCNoC/librelane/noc_tile/runs/RUN_2026-05-08_18-38-35/35-openroad-cts/mesh_tile.def'…
Writing timing constraints to '/home/etcfranc/NoCNoC/librelane/noc_tile/runs/RUN_2026-05-08_18-38-35/35-openroad-cts/mesh_tile.sdc'…
[INFO] Legalizing…
+ detailed_placement -max_displacement  500 100 
Placement Analysis
---------------------------------
total displacement       6681.9 u
average displacement        1.0 u
max displacement          320.8 u
original HPWL          283181.8 u
legalized HPWL         293936.5 u
delta HPWL                    4 %

[INFO DPL-0020] Mirrored 1547 instances
[INFO DPL-0021] HPWL before          293936.5 u
[INFO DPL-0022] HPWL after           289663.0 u
[INFO DPL-0023] HPWL delta               -1.5 %
Setting global connections for newly added cells…
[INFO] Setting global connections...
sram2048.u_bank0 matched with sram2048.u_bank0
sram2048.u_bank1 matched with sram2048.u_bank1
[INFO ODB-0403] 0 connections made, 0 conflicts skipped.
Updating metrics…
Cell type report:                       Count       Area
  Macro                                     2  310827.11
  Tap cell                               2550   11195.52
  Tie cell                                192    1685.91
  Buffer                                    8     105.37
  Clock buffer                             64    3266.46
  Timing Repair Buffer                    809   11066.00
  Inverter                                 89     781.49
  Clock inverter                           22     338.06
  Sequential cell                         532   31553.80
  Multi-Input combinational cell         2275   50757.41
  Total                                  6543  421577.14
Writing OpenROAD database to '/home/etcfranc/NoCNoC/librelane/noc_tile/runs/RUN_2026-05-08_18-38-35/35-openroad-cts/mesh_tile.odb'…
Writing netlist to '/home/etcfranc/NoCNoC/librelane/noc_tile/runs/RUN_2026-05-08_18-38-35/35-openroad-cts/mesh_tile.nl.v'…
Writing powered netlist to '/home/etcfranc/NoCNoC/librelane/noc_tile/runs/RUN_2026-05-08_18-38-35/35-openroad-cts/mesh_tile.pnl.v'…
Writing layout to '/home/etcfranc/NoCNoC/librelane/noc_tile/runs/RUN_2026-05-08_18-38-35/35-openroad-cts/mesh_tile.def'…
Writing timing constraints to '/home/etcfranc/NoCNoC/librelane/noc_tile/runs/RUN_2026-05-08_18-38-35/35-openroad-cts/mesh_tile.sdc'…
%OL_CREATE_REPORT cts.rpt
Total number of Clock Roots: 2.
Total number of Buffers Inserted: 52.
Total number of Clock Subnets: 52.
Total number of Sinks: 534.
Cells used:
  gf180mcu_as_sc_mcu7t3v3__clkbuff_12: 55
Dummys used:
  gf180mcu_as_sc_mcu7t3v3__clkbuff_12: 2
  gf180mcu_as_sc_mcu7t3v3__clkbuff_4: 7
  gf180mcu_as_sc_mcu7t3v3__inv_2: 7
  gf180mcu_as_sc_mcu7t3v3__inv_4: 8
  gf180mcu_as_sc_mcu7t3v3__inv_6: 7
%OL_END_REPORT
