Reading timing models for corner min_ff_n40C_3v60…
Reading timing library for the 'min_ff_n40C_3v60' corner at '/home/etcfranc/NoCNoC/gf180mcu/gf180mcuD/libs.ref/gf180mcu_as_sc_mcu7t3v3/lib/gf180mcu_as_sc_mcu7t3v3__ff_n40C_3v60.lib'…
Reading timing library for the 'min_ff_n40C_3v60' corner at '/home/etcfranc/NoCNoC/gf180mcu/gf180mcuD/libs.ref/gf180mcu_fd_io/lib/gf180mcu_fd_io__ff_n40C_3v63.lib'…
Reading timing library for the 'min_ff_n40C_3v60' corner at '/home/etcfranc/NoCNoC/gf180mcu/gf180mcuD/libs.ref/gf180mcu_fd_io/lib/gf180mcu_ws_io__ff_n40C_5v50.lib'…
Reading timing library for the 'min_ff_n40C_3v60' corner at '/home/etcfranc/NoCNoC/libs/gf180mcu_ocd_ip_sram/cells/gf180mcu_ocd_ip_sram__sram1024x8m8wm1/gf180mcu_ocd_ip_sram__sram1024x8m8wm1__ff_n40C_3v60.lib'…
Reading timing models for corner max_tt_025C_3v30…
Reading timing library for the 'max_tt_025C_3v30' corner at '/home/etcfranc/NoCNoC/gf180mcu/gf180mcuD/libs.ref/gf180mcu_as_sc_mcu7t3v3/lib/gf180mcu_as_sc_mcu7t3v3__tt_025C_3v30.lib'…
Reading timing library for the 'max_tt_025C_3v30' corner at '/home/etcfranc/NoCNoC/gf180mcu/gf180mcuD/libs.ref/gf180mcu_fd_io/lib/gf180mcu_fd_io__tt_025C_3v30.lib'…
Reading timing library for the 'max_tt_025C_3v30' corner at '/home/etcfranc/NoCNoC/gf180mcu/gf180mcuD/libs.ref/gf180mcu_fd_io/lib/gf180mcu_ws_io__tt_025C_5v00.lib'…
Reading timing library for the 'max_tt_025C_3v30' corner at '/home/etcfranc/NoCNoC/libs/gf180mcu_ocd_ip_sram/cells/gf180mcu_ocd_ip_sram__sram1024x8m8wm1/gf180mcu_ocd_ip_sram__sram1024x8m8wm1__tt_025C_3v30.lib'…
Reading timing models for corner nom_tt_025C_3v30…
Reading timing library for the 'nom_tt_025C_3v30' corner at '/home/etcfranc/NoCNoC/gf180mcu/gf180mcuD/libs.ref/gf180mcu_as_sc_mcu7t3v3/lib/gf180mcu_as_sc_mcu7t3v3__tt_025C_3v30.lib'…
[WARNING STA-1140] /home/etcfranc/NoCNoC/gf180mcu/gf180mcuD/libs.ref/gf180mcu_as_sc_mcu7t3v3/lib/gf180mcu_as_sc_mcu7t3v3__tt_025C_3v30.lib line 1, library gf180mcu_as_sc_mcu7t3v3__tt_025C_3v30 already exists.
Reading timing library for the 'nom_tt_025C_3v30' corner at '/home/etcfranc/NoCNoC/gf180mcu/gf180mcuD/libs.ref/gf180mcu_fd_io/lib/gf180mcu_fd_io__tt_025C_3v30.lib'…
[WARNING STA-1140] /home/etcfranc/NoCNoC/gf180mcu/gf180mcuD/libs.ref/gf180mcu_fd_io/lib/gf180mcu_fd_io__tt_025C_3v30.lib line 17, library gf180mcu_fd_io__tt_025C_3v30 already exists.
Reading timing library for the 'nom_tt_025C_3v30' corner at '/home/etcfranc/NoCNoC/gf180mcu/gf180mcuD/libs.ref/gf180mcu_fd_io/lib/gf180mcu_ws_io__tt_025C_5v00.lib'…
[WARNING STA-1140] /home/etcfranc/NoCNoC/gf180mcu/gf180mcuD/libs.ref/gf180mcu_fd_io/lib/gf180mcu_ws_io__tt_025C_5v00.lib line 17, library gf180mcu_ws_io__tt_025C_5v00 already exists.
Reading timing library for the 'nom_tt_025C_3v30' corner at '/home/etcfranc/NoCNoC/libs/gf180mcu_ocd_ip_sram/cells/gf180mcu_ocd_ip_sram__sram1024x8m8wm1/gf180mcu_ocd_ip_sram__sram1024x8m8wm1__tt_025C_3v30.lib'…
[WARNING STA-1140] /home/etcfranc/NoCNoC/libs/gf180mcu_ocd_ip_sram/cells/gf180mcu_ocd_ip_sram__sram1024x8m8wm1/gf180mcu_ocd_ip_sram__sram1024x8m8wm1__tt_025C_3v30.lib line 34, library gf180mcu_ocd_ip_sram__sram1024x8m8wm1__tt_025C_3v30 already exists.
Reading timing models for corner max_ff_n40C_3v60…
Reading timing library for the 'max_ff_n40C_3v60' corner at '/home/etcfranc/NoCNoC/gf180mcu/gf180mcuD/libs.ref/gf180mcu_as_sc_mcu7t3v3/lib/gf180mcu_as_sc_mcu7t3v3__ff_n40C_3v60.lib'…
[WARNING STA-1140] /home/etcfranc/NoCNoC/gf180mcu/gf180mcuD/libs.ref/gf180mcu_as_sc_mcu7t3v3/lib/gf180mcu_as_sc_mcu7t3v3__ff_n40C_3v60.lib line 1, library gf180mcu_as_sc_mcu7t3v3__ff_n40C_3v60 already exists.
Reading timing library for the 'max_ff_n40C_3v60' corner at '/home/etcfranc/NoCNoC/gf180mcu/gf180mcuD/libs.ref/gf180mcu_fd_io/lib/gf180mcu_fd_io__ff_n40C_3v63.lib'…
[WARNING STA-1140] /home/etcfranc/NoCNoC/gf180mcu/gf180mcuD/libs.ref/gf180mcu_fd_io/lib/gf180mcu_fd_io__ff_n40C_3v63.lib line 17, library gf180mcu_fd_io__ff_n40C_3v63 already exists.
Reading timing library for the 'max_ff_n40C_3v60' corner at '/home/etcfranc/NoCNoC/gf180mcu/gf180mcuD/libs.ref/gf180mcu_fd_io/lib/gf180mcu_ws_io__ff_n40C_5v50.lib'…
[WARNING STA-1140] /home/etcfranc/NoCNoC/gf180mcu/gf180mcuD/libs.ref/gf180mcu_fd_io/lib/gf180mcu_ws_io__ff_n40C_5v50.lib line 17, library gf180mcu_ws_io__ff_n40C_5v50 already exists.
Reading timing library for the 'max_ff_n40C_3v60' corner at '/home/etcfranc/NoCNoC/libs/gf180mcu_ocd_ip_sram/cells/gf180mcu_ocd_ip_sram__sram1024x8m8wm1/gf180mcu_ocd_ip_sram__sram1024x8m8wm1__ff_n40C_3v60.lib'…
[WARNING STA-1140] /home/etcfranc/NoCNoC/libs/gf180mcu_ocd_ip_sram/cells/gf180mcu_ocd_ip_sram__sram1024x8m8wm1/gf180mcu_ocd_ip_sram__sram1024x8m8wm1__ff_n40C_3v60.lib line 34, library gf180mcu_ocd_ip_sram__sram1024x8m8wm1__ff_n40C_3v60 already exists.
Reading timing models for corner nom_ff_n40C_3v60…
Reading timing library for the 'nom_ff_n40C_3v60' corner at '/home/etcfranc/NoCNoC/gf180mcu/gf180mcuD/libs.ref/gf180mcu_as_sc_mcu7t3v3/lib/gf180mcu_as_sc_mcu7t3v3__ff_n40C_3v60.lib'…
[WARNING STA-1140] /home/etcfranc/NoCNoC/gf180mcu/gf180mcuD/libs.ref/gf180mcu_as_sc_mcu7t3v3/lib/gf180mcu_as_sc_mcu7t3v3__ff_n40C_3v60.lib line 1, library gf180mcu_as_sc_mcu7t3v3__ff_n40C_3v60 already exists.
Reading timing library for the 'nom_ff_n40C_3v60' corner at '/home/etcfranc/NoCNoC/gf180mcu/gf180mcuD/libs.ref/gf180mcu_fd_io/lib/gf180mcu_fd_io__ff_n40C_3v63.lib'…
[WARNING STA-1140] /home/etcfranc/NoCNoC/gf180mcu/gf180mcuD/libs.ref/gf180mcu_fd_io/lib/gf180mcu_fd_io__ff_n40C_3v63.lib line 17, library gf180mcu_fd_io__ff_n40C_3v63 already exists.
Reading timing library for the 'nom_ff_n40C_3v60' corner at '/home/etcfranc/NoCNoC/gf180mcu/gf180mcuD/libs.ref/gf180mcu_fd_io/lib/gf180mcu_ws_io__ff_n40C_5v50.lib'…
[WARNING STA-1140] /home/etcfranc/NoCNoC/gf180mcu/gf180mcuD/libs.ref/gf180mcu_fd_io/lib/gf180mcu_ws_io__ff_n40C_5v50.lib line 17, library gf180mcu_ws_io__ff_n40C_5v50 already exists.
Reading timing library for the 'nom_ff_n40C_3v60' corner at '/home/etcfranc/NoCNoC/libs/gf180mcu_ocd_ip_sram/cells/gf180mcu_ocd_ip_sram__sram1024x8m8wm1/gf180mcu_ocd_ip_sram__sram1024x8m8wm1__ff_n40C_3v60.lib'…
[WARNING STA-1140] /home/etcfranc/NoCNoC/libs/gf180mcu_ocd_ip_sram/cells/gf180mcu_ocd_ip_sram__sram1024x8m8wm1/gf180mcu_ocd_ip_sram__sram1024x8m8wm1__ff_n40C_3v60.lib line 34, library gf180mcu_ocd_ip_sram__sram1024x8m8wm1__ff_n40C_3v60 already exists.
Reading timing models for corner min_tt_025C_3v30…
Reading timing library for the 'min_tt_025C_3v30' corner at '/home/etcfranc/NoCNoC/gf180mcu/gf180mcuD/libs.ref/gf180mcu_as_sc_mcu7t3v3/lib/gf180mcu_as_sc_mcu7t3v3__tt_025C_3v30.lib'…
[WARNING STA-1140] /home/etcfranc/NoCNoC/gf180mcu/gf180mcuD/libs.ref/gf180mcu_as_sc_mcu7t3v3/lib/gf180mcu_as_sc_mcu7t3v3__tt_025C_3v30.lib line 1, library gf180mcu_as_sc_mcu7t3v3__tt_025C_3v30 already exists.
Reading timing library for the 'min_tt_025C_3v30' corner at '/home/etcfranc/NoCNoC/gf180mcu/gf180mcuD/libs.ref/gf180mcu_fd_io/lib/gf180mcu_fd_io__tt_025C_3v30.lib'…
[WARNING STA-1140] /home/etcfranc/NoCNoC/gf180mcu/gf180mcuD/libs.ref/gf180mcu_fd_io/lib/gf180mcu_fd_io__tt_025C_3v30.lib line 17, library gf180mcu_fd_io__tt_025C_3v30 already exists.
Reading timing library for the 'min_tt_025C_3v30' corner at '/home/etcfranc/NoCNoC/gf180mcu/gf180mcuD/libs.ref/gf180mcu_fd_io/lib/gf180mcu_ws_io__tt_025C_5v00.lib'…
[WARNING STA-1140] /home/etcfranc/NoCNoC/gf180mcu/gf180mcuD/libs.ref/gf180mcu_fd_io/lib/gf180mcu_ws_io__tt_025C_5v00.lib line 17, library gf180mcu_ws_io__tt_025C_5v00 already exists.
Reading timing library for the 'min_tt_025C_3v30' corner at '/home/etcfranc/NoCNoC/libs/gf180mcu_ocd_ip_sram/cells/gf180mcu_ocd_ip_sram__sram1024x8m8wm1/gf180mcu_ocd_ip_sram__sram1024x8m8wm1__tt_025C_3v30.lib'…
[WARNING STA-1140] /home/etcfranc/NoCNoC/libs/gf180mcu_ocd_ip_sram/cells/gf180mcu_ocd_ip_sram__sram1024x8m8wm1/gf180mcu_ocd_ip_sram__sram1024x8m8wm1__tt_025C_3v30.lib line 34, library gf180mcu_ocd_ip_sram__sram1024x8m8wm1__tt_025C_3v30 already exists.
Reading OpenROAD database at '/home/etcfranc/NoCNoC/librelane/noc_tile/runs/RUN_2026-05-08_18-38-35/28-openroad-globalplacement/mesh_tile.odb'…
[WARNING ORD-2001] LEF macro gf180mcu_ef_io__bi_t pin ANA missing from liberty cell.
Reading design constraints file at '/nix/store/xjkk69lna4pw6jkb6bhsvqkgmfkjqxg5-python3-3.13.9-env/lib/python3.13/site-packages/librelane/scripts/base.sdc'…
[INFO] Using clock clk…
[INFO] Setting output delay to: 8
[INFO] Setting input delay to: 8
[INFO] Setting load to: 0.07291
[INFO] Setting clock uncertainty to: 0.25
[INFO] Setting clock transition to: 0.15
[INFO] Setting timing derate to: 5%
[INFO RSZ-0027] Inserted 316 gf180mcu_as_sc_mcu7t3v3__buff_2 input buffers.
[INFO RSZ-0028] Inserted 144 gf180mcu_as_sc_mcu7t3v3__buff_2 output buffers.
+ repair_design -verbose -max_wire_length 0 -slew_margin 20 -cap_margin 20
Iteration |   Area    | Resized | Buffers | Nets repaired | Remaining
---------------------------------------------------------------------
        0 |     +0.0% |       0 |       0 |             0 |      3889
       10 |     +0.0% |       0 |       0 |             0 |      3879
       20 |     +0.0% |       0 |       0 |             0 |      3869
       30 |     +0.0% |       0 |       0 |             0 |      3859
       40 |     +0.0% |       0 |       0 |             0 |      3849
       50 |     +0.0% |       0 |       0 |             0 |      3839
       60 |     +0.0% |       0 |       0 |             0 |      3829
       70 |     +0.0% |       0 |       0 |             0 |      3819
       80 |     +0.0% |       0 |       0 |             0 |      3809
       90 |     +0.0% |       0 |       0 |             0 |      3799
      100 |     +0.0% |       0 |       0 |             0 |      3789
      110 |     +0.0% |       0 |       0 |             0 |      3779
      120 |     +0.0% |       0 |       0 |             0 |      3769
      130 |     +0.0% |       0 |       0 |             0 |      3759
      140 |     +0.0% |       0 |       0 |             0 |      3749
      150 |     +0.0% |       0 |       0 |             0 |      3739
      160 |     +0.0% |       0 |       0 |             0 |      3729
      170 |     +0.0% |       0 |       0 |             0 |      3719
      180 |     +0.0% |       0 |       3 |             3 |      3709
      190 |     +0.0% |       0 |       3 |             3 |      3699
      200 |     +0.0% |       0 |       3 |             3 |      3689
      210 |     +0.0% |       0 |       3 |             3 |      3679
      220 |     +0.0% |       0 |       3 |             3 |      3669
      230 |     +0.0% |       0 |       3 |             3 |      3659
      240 |     +0.0% |       0 |       3 |             3 |      3649
      250 |     +0.0% |       0 |       3 |             3 |      3639
      260 |     +0.0% |       0 |       3 |             3 |      3629
      270 |     +0.0% |       0 |       3 |             3 |      3619
      280 |     +0.0% |       0 |       3 |             3 |      3609
      290 |     +0.0% |       0 |       3 |             3 |      3599
      300 |     +0.0% |       0 |       3 |             3 |      3589
      310 |     +0.0% |       0 |       3 |             3 |      3579
      320 |     +0.0% |       0 |       3 |             3 |      3569
      330 |     +0.1% |       0 |       6 |             6 |      3559
      340 |     +0.1% |       0 |       6 |             6 |      3549
      350 |     +0.1% |       0 |       6 |             6 |      3539
      360 |     +0.1% |       0 |       6 |             6 |      3529
      370 |     +0.1% |       0 |       6 |             6 |      3519
      380 |     +0.1% |       0 |       6 |             6 |      3509
      390 |     +0.1% |       0 |       6 |             6 |      3499
      400 |     +0.1% |       0 |      10 |             7 |      3489
      410 |     +0.1% |       0 |      10 |             7 |      3479
      420 |     +0.1% |       0 |      10 |             7 |      3469
      430 |     +0.1% |       0 |      14 |             8 |      3459
      440 |     +0.1% |       0 |      14 |             8 |      3449
      450 |     +0.1% |       0 |      14 |             8 |      3439
      460 |     +0.1% |       0 |      16 |             9 |      3429
      470 |     +0.1% |       0 |      16 |             9 |      3419
      480 |     +0.1% |       0 |      16 |             9 |      3409
      490 |     +0.1% |       0 |      16 |             9 |      3399
      500 |     +0.1% |       0 |      16 |             9 |      3389
      510 |     +0.1% |       0 |      16 |             9 |      3379
      520 |     +0.1% |       0 |      16 |             9 |      3369
      530 |     +0.1% |       0 |      19 |            12 |      3359
      540 |     +0.1% |       0 |      20 |            13 |      3349
      550 |     +0.1% |       0 |      20 |            13 |      3339
      560 |     +0.1% |       0 |      20 |            13 |      3329
      570 |     +0.1% |       0 |      20 |            13 |      3319
      580 |     +0.1% |       0 |      25 |            14 |      3309
      590 |     +0.2% |       0 |      29 |            15 |      3299
      600 |     +0.2% |       0 |      29 |            15 |      3289
      610 |     +0.2% |       0 |      29 |            15 |      3279
      620 |     +0.2% |       0 |      29 |            15 |      3269
      630 |     +0.2% |       0 |      29 |            15 |      3259
      640 |     +0.2% |       0 |      33 |            16 |      3249
      650 |     +0.2% |       0 |      33 |            16 |      3239
      660 |     +0.2% |       0 |      33 |            16 |      3229
      670 |     +0.2% |       0 |      33 |            16 |      3219
      680 |     +0.2% |       0 |      45 |            18 |      3209
      690 |     +0.2% |       0 |      45 |            18 |      3199
      700 |     +0.2% |       0 |      45 |            18 |      3189
      710 |     +0.2% |       0 |      51 |            19 |      3179
      720 |     +0.2% |       0 |      51 |            19 |      3169
      730 |     +0.2% |       0 |      51 |            19 |      3159
      740 |     +0.2% |       0 |      51 |            19 |      3149
      750 |     +0.2% |       0 |      52 |            20 |      3139
      760 |     +0.2% |       0 |      52 |            20 |      3129
      770 |     +0.2% |       0 |      52 |            20 |      3119
      780 |     +0.3% |       0 |      62 |            23 |      3109
      790 |     +0.3% |       0 |      62 |            23 |      3099
      800 |     +0.3% |       0 |      62 |            23 |      3089
      810 |     +0.3% |       0 |      62 |            23 |      3079
      820 |     +0.3% |       0 |      74 |            27 |      3069
      830 |     +0.3% |       0 |      74 |            27 |      3059
      840 |     +0.3% |       0 |      74 |            27 |      3049
      850 |     +0.3% |       0 |      74 |            27 |      3039
      860 |     +0.3% |       0 |      78 |            28 |      3029
      870 |     +0.3% |       0 |      78 |            28 |      3019
      880 |     +0.3% |       0 |      78 |            28 |      3009
      890 |     +0.4% |       0 |      83 |            29 |      2999
      900 |     +0.4% |       0 |      83 |            29 |      2989
      910 |     +0.4% |       0 |      93 |            31 |      2979
      920 |     +0.4% |       0 |      93 |            31 |      2969
      930 |     +0.4% |       0 |      93 |            31 |      2959
      940 |     +0.4% |       0 |      93 |            31 |      2949
      950 |     +0.4% |       0 |     100 |            33 |      2939
      960 |     +0.4% |       0 |     100 |            33 |      2929
      970 |     +0.4% |       0 |     100 |            33 |      2919
      980 |     +0.4% |       0 |     100 |            33 |      2909
      990 |     +0.4% |       0 |     100 |            33 |      2899
     1000 |     +0.4% |       0 |     100 |            33 |      2889
     1010 |     +0.4% |       0 |     100 |            33 |      2879
     1020 |     +0.4% |       0 |     104 |            34 |      2869
     1030 |     +0.4% |       0 |     104 |            34 |      2859
     1040 |     +0.4% |       0 |     104 |            34 |      2849
     1050 |     +0.5% |       0 |     116 |            37 |      2839
     1060 |     +0.5% |       0 |     116 |            37 |      2829
     1070 |     +0.5% |       0 |     116 |            37 |      2819
     1080 |     +0.5% |       0 |     116 |            37 |      2809
     1090 |     +0.5% |       0 |     116 |            37 |      2799
     1100 |     +0.5% |       0 |     118 |            38 |      2789
     1110 |     +0.5% |       0 |     118 |            38 |      2779
     1120 |     +0.5% |       0 |     118 |            38 |      2769
     1130 |     +0.5% |       0 |     118 |            38 |      2759
     1140 |     +0.5% |       0 |     118 |            38 |      2749
     1150 |     +0.5% |       0 |     118 |            38 |      2739
     1160 |     +0.5% |       0 |     118 |            38 |      2729
     1170 |     +0.5% |       0 |     129 |            40 |      2719
     1180 |     +0.5% |       0 |     132 |            42 |      2709
     1190 |     +0.5% |       0 |     132 |            42 |      2699
     1200 |     +0.5% |       0 |     132 |            42 |      2689
     1210 |     +0.5% |       0 |     132 |            42 |      2679
     1220 |     +0.5% |       0 |     132 |            42 |      2669
     1230 |     +0.5% |       0 |     132 |            42 |      2659
     1240 |     +0.5% |       0 |     132 |            42 |      2649
     1250 |     +0.5% |       0 |     132 |            42 |      2639
     1260 |     +0.6% |       0 |     142 |            44 |      2629
     1270 |     +0.6% |       0 |     142 |            44 |      2619
     1280 |     +0.6% |       0 |     142 |            44 |      2609
     1290 |     +0.6% |       0 |     152 |            47 |      2599
     1300 |     +0.6% |       0 |     152 |            47 |      2589
     1310 |     +0.6% |       0 |     152 |            47 |      2579
     1320 |     +0.6% |       0 |     162 |            49 |      2569
     1330 |     +0.6% |       0 |     171 |            51 |      2559
     1340 |     +0.6% |       0 |     171 |            51 |      2549
     1350 |     +0.6% |       0 |     171 |            51 |      2539
     1360 |     +0.7% |       0 |     176 |            52 |      2529
     1370 |     +0.7% |       0 |     176 |            52 |      2519
     1380 |     +0.7% |       0 |     176 |            52 |      2509
     1390 |     +0.7% |       0 |     186 |            54 |      2499
     1400 |     +0.7% |       0 |     186 |            54 |      2489
     1410 |     +0.7% |       0 |     186 |            54 |      2479
     1420 |     +0.7% |       0 |     191 |            55 |      2469
     1430 |     +0.7% |       0 |     191 |            55 |      2459
     1440 |     +0.7% |       0 |     191 |            55 |      2449
     1450 |     +0.7% |       0 |     195 |            56 |      2439
     1460 |     +0.7% |       0 |     195 |            56 |      2429
     1470 |     +0.7% |       0 |     195 |            56 |      2419
     1480 |     +0.7% |       0 |     195 |            56 |      2409
     1490 |     +0.7% |       0 |     195 |            56 |      2399
     1500 |     +0.7% |       0 |     195 |            56 |      2389
     1510 |     +0.7% |       0 |     200 |            57 |      2379
     1520 |     +0.7% |       0 |     200 |            57 |      2369
     1530 |     +0.7% |       0 |     200 |            57 |      2359
     1540 |     +0.7% |       0 |     200 |            57 |      2349
     1550 |     +0.7% |       0 |     200 |            57 |      2339
     1560 |     +0.7% |       0 |     200 |            57 |      2329
     1570 |     +0.7% |       0 |     200 |            57 |      2319
     1580 |     +0.7% |       0 |     200 |            57 |      2309
     1590 |     +0.7% |       0 |     201 |            58 |      2299
     1600 |     +0.7% |       0 |     201 |            58 |      2289
     1610 |     +0.8% |       0 |     206 |            59 |      2279
     1620 |     +0.8% |       0 |     215 |            61 |      2269
     1630 |     +0.8% |       0 |     228 |            64 |      2259
     1640 |     +0.8% |       0 |     228 |            64 |      2249
     1650 |     +0.8% |       0 |     228 |            64 |      2239
     1660 |     +0.8% |       0 |     228 |            64 |      2229
     1670 |     +0.8% |       0 |     228 |            64 |      2219
     1680 |     +0.8% |       0 |     228 |            64 |      2209
     1690 |     +0.8% |       0 |     232 |            65 |      2199
     1700 |     +0.8% |       0 |     232 |            65 |      2189
     1710 |     +0.8% |       0 |     232 |            65 |      2179
     1720 |     +0.8% |       0 |     232 |            65 |      2169
     1730 |     +0.8% |       0 |     232 |            65 |      2159
     1740 |     +0.8% |       0 |     232 |            65 |      2149
     1750 |     +0.8% |       0 |     232 |            65 |      2139
     1760 |     +0.8% |       0 |     232 |            65 |      2129
     1770 |     +0.8% |       0 |     232 |            65 |      2119
     1780 |     +0.8% |       0 |     232 |            65 |      2109
     1790 |     +0.9% |       0 |     237 |            67 |      2099
     1800 |     +0.9% |       0 |     241 |            68 |      2089
     1810 |     +0.9% |       0 |     241 |            68 |      2079
     1820 |     +0.9% |       0 |     241 |            68 |      2069
     1830 |     +0.9% |       0 |     254 |            71 |      2059
     1840 |     +0.9% |       0 |     261 |            73 |      2049
     1850 |     +0.9% |       0 |     261 |            73 |      2039
     1860 |     +0.9% |       0 |     261 |            73 |      2029
     1870 |     +0.9% |       0 |     261 |            73 |      2019
     1880 |     +0.9% |       0 |     261 |            73 |      2009
     1890 |     +0.9% |       0 |     261 |            73 |      1999
     1900 |     +0.9% |       0 |     261 |            73 |      1989
     1910 |     +0.9% |       0 |     261 |            73 |      1979
     1920 |     +0.9% |       0 |     261 |            73 |      1969
     1930 |     +0.9% |       0 |     261 |            73 |      1959
     1940 |     +0.9% |       0 |     261 |            73 |      1949
     1950 |     +0.9% |       0 |     261 |            73 |      1939
     1960 |     +0.9% |       0 |     261 |            73 |      1929
     1970 |     +0.9% |       0 |     261 |            73 |      1919
     1980 |     +0.9% |       0 |     261 |            73 |      1909
     1990 |     +0.9% |       0 |     261 |            73 |      1899
     2000 |     +0.9% |       0 |     261 |            73 |      1889
     2010 |     +0.9% |       0 |     261 |            73 |      1879
     2020 |     +1.0% |       0 |     270 |            75 |      1869
     2030 |     +1.0% |       0 |     270 |            75 |      1859
     2040 |     +1.0% |       0 |     270 |            75 |      1849
     2050 |     +1.0% |       0 |     274 |            77 |      1839
     2060 |     +1.0% |       0 |     275 |            78 |      1829
     2070 |     +1.0% |       0 |     275 |            78 |      1819
     2080 |     +1.0% |       0 |     275 |            78 |      1809
     2090 |     +1.0% |       0 |     275 |            78 |      1799
     2100 |     +1.0% |       0 |     275 |            78 |      1789
     2110 |     +1.0% |       0 |     275 |            78 |      1779
     2120 |     +1.0% |       0 |     275 |            78 |      1769
     2130 |     +1.0% |       0 |     275 |            78 |      1759
     2140 |     +1.0% |       0 |     275 |            78 |      1749
     2150 |     +1.0% |       0 |     275 |            78 |      1739
     2160 |     +1.0% |       0 |     279 |            79 |      1729
     2170 |     +1.0% |       0 |     279 |            79 |      1719
     2180 |     +1.0% |       0 |     279 |            79 |      1709
     2190 |     +1.0% |       0 |     279 |            79 |      1699
     2200 |     +1.0% |       0 |     279 |            79 |      1689
     2210 |     +1.0% |       0 |     281 |            81 |      1679
     2220 |     +1.0% |       0 |     281 |            81 |      1669
     2230 |     +1.0% |       0 |     281 |            81 |      1659
     2240 |     +1.0% |       0 |     283 |            82 |      1649
     2250 |     +1.0% |       0 |     283 |            82 |      1639
     2260 |     +1.0% |       0 |     285 |            83 |      1629
     2270 |     +1.0% |       0 |     285 |            83 |      1619
     2280 |     +1.0% |       0 |     285 |            83 |      1609
     2290 |     +1.0% |       0 |     285 |            83 |      1599
     2300 |     +1.0% |       0 |     285 |            83 |      1589
     2310 |     +1.0% |       0 |     286 |            84 |      1579
     2320 |     +1.0% |       0 |     286 |            84 |      1569
     2330 |     +1.0% |       0 |     286 |            84 |      1559
     2340 |     +1.0% |       0 |     286 |            84 |      1549
     2350 |     +1.0% |       0 |     286 |            84 |      1539
     2360 |     +1.0% |       0 |     286 |            84 |      1529
     2370 |     +1.0% |       0 |     286 |            84 |      1519
     2380 |     +1.0% |       0 |     286 |            84 |      1509
     2390 |     +1.0% |       0 |     286 |            84 |      1499
     2400 |     +1.0% |       0 |     286 |            84 |      1489
     2410 |     +1.0% |       0 |     286 |            84 |      1479
     2420 |     +1.0% |       0 |     286 |            84 |      1469
     2430 |     +1.0% |       0 |     286 |            84 |      1459
     2440 |     +1.0% |       0 |     286 |            84 |      1449
     2450 |     +1.0% |       0 |     286 |            84 |      1439
     2460 |     +1.0% |       0 |     286 |            84 |      1429
     2470 |     +1.0% |       0 |     286 |            84 |      1419
     2480 |     +1.0% |       0 |     286 |            84 |      1409
     2490 |     +1.0% |       0 |     287 |            85 |      1399
     2500 |     +1.0% |       0 |     287 |            85 |      1389
     2510 |     +1.0% |       0 |     287 |            85 |      1379
     2520 |     +1.0% |       0 |     287 |            85 |      1369
     2530 |     +1.1% |       0 |     294 |            89 |      1359
     2540 |     +1.1% |       0 |     295 |            90 |      1349
     2550 |     +1.1% |       0 |     295 |            90 |      1339
     2560 |     +1.1% |       0 |     295 |            90 |      1329
     2570 |     +1.1% |       0 |     295 |            90 |      1319
     2580 |     +1.1% |       0 |     295 |            90 |      1309
     2590 |     +1.1% |       0 |     295 |            90 |      1299
     2600 |     +1.1% |       0 |     295 |            90 |      1289
     2610 |     +1.1% |       0 |     295 |            90 |      1279
     2620 |     +1.1% |       0 |     295 |            90 |      1269
     2630 |     +1.1% |       0 |     295 |            90 |      1259
     2640 |     +1.1% |       0 |     295 |            90 |      1249
     2650 |     +1.1% |       0 |     295 |            90 |      1239
     2660 |     +1.1% |       0 |     318 |            93 |      1229
     2670 |     +1.1% |       0 |     318 |            93 |      1219
     2680 |     +1.1% |       0 |     318 |            93 |      1209
     2690 |     +1.1% |       0 |     318 |            93 |      1199
     2700 |     +1.1% |       0 |     318 |            93 |      1189
     2710 |     +1.1% |       0 |     318 |            93 |      1179
     2720 |     +1.1% |       0 |     318 |            93 |      1169
     2730 |     +1.1% |       0 |     318 |            93 |      1159
     2740 |     +1.1% |       0 |     318 |            93 |      1149
     2750 |     +1.1% |       0 |     318 |            93 |      1139
     2760 |     +1.1% |       0 |     318 |            93 |      1129
     2770 |     +1.1% |       0 |     318 |            93 |      1119
     2780 |     +1.2% |       0 |     321 |            95 |      1109
     2790 |     +1.2% |       0 |     321 |            95 |      1099
     2800 |     +1.2% |       0 |     321 |            95 |      1089
     2810 |     +1.2% |       0 |     321 |            95 |      1079
     2820 |     +1.2% |       0 |     321 |            95 |      1069
     2830 |     +1.2% |       0 |     321 |            95 |      1059
     2840 |     +1.2% |       0 |     321 |            95 |      1049
     2850 |     +1.2% |       0 |     321 |            95 |      1039
     2860 |     +1.2% |       0 |     321 |            95 |      1029
     2870 |     +1.2% |       0 |     321 |            95 |      1019
     2880 |     +1.2% |       0 |     321 |            95 |      1009
     2890 |     +1.2% |       0 |     321 |            95 |       999
     2900 |     +1.2% |       0 |     321 |            95 |       989
     2910 |     +1.2% |       0 |     321 |            95 |       979
     2920 |     +1.2% |       0 |     321 |            95 |       969
     2930 |     +1.2% |       0 |     321 |            95 |       959
     2940 |     +1.2% |       0 |     321 |            95 |       949
     2950 |     +1.2% |       0 |     321 |            95 |       939
     2960 |     +1.2% |       0 |     321 |            95 |       929
     2970 |     +1.2% |       0 |     321 |            95 |       919
     2980 |     +1.2% |       0 |     321 |            95 |       909
     2990 |     +1.2% |       0 |     321 |            95 |       899
     3000 |     +1.2% |       0 |     321 |            95 |       889
     3010 |     +1.2% |       0 |     321 |            95 |       879
     3020 |     +1.2% |       0 |     321 |            95 |       869
     3030 |     +1.2% |       0 |     325 |            97 |       859
     3040 |     +1.2% |       0 |     325 |            97 |       849
     3050 |     +1.2% |       0 |     325 |            97 |       839
     3060 |     +1.2% |       0 |     325 |            97 |       829
     3070 |     +1.2% |       0 |     329 |            98 |       819
     3080 |     +1.2% |       0 |     329 |            98 |       809
     3090 |     +1.2% |       0 |     329 |            98 |       799
     3100 |     +1.2% |       0 |     329 |            98 |       789
     3110 |     +1.2% |       0 |     329 |            98 |       779
     3120 |     +1.2% |       0 |     329 |            98 |       769
     3130 |     +1.2% |       0 |     329 |            98 |       759
     3140 |     +1.2% |       0 |     333 |            99 |       749
     3150 |     +1.2% |       0 |     333 |            99 |       739
     3160 |     +1.2% |       0 |     333 |            99 |       729
     3170 |     +1.2% |       0 |     333 |            99 |       719
     3180 |     +1.2% |       0 |     333 |            99 |       709
     3190 |     +1.2% |       0 |     333 |            99 |       699
     3200 |     +1.2% |       0 |     333 |            99 |       689
     3210 |     +1.2% |       0 |     333 |            99 |       679
     3220 |     +1.2% |       0 |     333 |            99 |       669
     3230 |     +1.2% |       0 |     333 |            99 |       659
     3240 |     +1.2% |       0 |     333 |            99 |       649
     3250 |     +1.2% |       0 |     333 |            99 |       639
     3260 |     +1.2% |       0 |     333 |            99 |       629
     3270 |     +1.2% |       0 |     333 |            99 |       619
     3280 |     +1.2% |       0 |     333 |            99 |       609
     3290 |     +1.2% |       0 |     333 |            99 |       599
     3300 |     +1.2% |       0 |     349 |           100 |       589
     3310 |     +1.2% |       0 |     349 |           100 |       579
     3320 |     +1.2% |       0 |     349 |           100 |       569
     3330 |     +1.2% |       0 |     349 |           100 |       559
     3340 |     +1.2% |       0 |     349 |           100 |       549
     3350 |     +1.2% |       0 |     349 |           100 |       539
     3360 |     +1.2% |       0 |     349 |           100 |       529
     3370 |     +1.2% |       0 |     349 |           100 |       519
     3380 |     +1.2% |       0 |     349 |           100 |       509
     3390 |     +1.2% |       0 |     349 |           100 |       499
     3400 |     +1.2% |       0 |     349 |           100 |       489
     3410 |     +1.2% |       0 |     349 |           100 |       479
     3420 |     +1.2% |       0 |     349 |           100 |       469
     3430 |     +1.2% |       0 |     349 |           100 |       459
     3440 |     +1.2% |       0 |     349 |           100 |       449
     3450 |     +1.2% |       0 |     349 |           100 |       439
     3460 |     +1.2% |       0 |     349 |           100 |       429
     3470 |     +1.2% |       0 |     349 |           100 |       419
     3480 |     +1.2% |       0 |     349 |           100 |       409
     3490 |     +1.2% |       0 |     349 |           100 |       399
     3500 |     +1.2% |       0 |     349 |           100 |       389
     3510 |     +1.2% |       0 |     349 |           100 |       379
     3520 |     +1.2% |       0 |     349 |           100 |       369
     3530 |     +1.2% |       0 |     349 |           100 |       359
     3540 |     +1.2% |       0 |     349 |           100 |       349
     3550 |     +1.2% |       0 |     349 |           100 |       339
     3560 |     +1.2% |       0 |     349 |           100 |       329
     3570 |     +1.2% |       0 |     349 |           100 |       319
     3580 |     +1.2% |       0 |     349 |           100 |       309
     3590 |     +1.2% |       0 |     349 |           100 |       299
     3600 |     +1.2% |       0 |     349 |           100 |       289
     3610 |     +1.2% |       0 |     349 |           100 |       279
     3620 |     +1.2% |       0 |     349 |           100 |       269
     3630 |     +1.2% |       0 |     349 |           100 |       259
     3640 |     +1.2% |       0 |     349 |           100 |       249
     3650 |     +1.2% |       0 |     349 |           100 |       239
     3660 |     +1.2% |       0 |     349 |           100 |       229
     3670 |     +1.2% |       0 |     349 |           100 |       219
     3680 |     +1.2% |       0 |     349 |           100 |       209
     3690 |     +1.2% |       0 |     349 |           100 |       199
     3700 |     +1.2% |       0 |     349 |           100 |       189
     3710 |     +1.2% |       0 |     349 |           100 |       179
     3720 |     +1.2% |       0 |     349 |           100 |       169
     3730 |     +1.2% |       0 |     349 |           100 |       159
     3740 |     +1.2% |       0 |     349 |           100 |       149
     3750 |     +1.2% |       0 |     349 |           100 |       139
     3760 |     +1.2% |       0 |     349 |           100 |       129
     3770 |     +1.2% |       0 |     349 |           100 |       119
     3780 |     +1.2% |       0 |     349 |           100 |       109
     3790 |     +1.2% |       0 |     349 |           100 |        99
     3800 |     +1.2% |       0 |     349 |           100 |        89
     3810 |     +1.2% |       0 |     349 |           100 |        79
     3820 |     +1.2% |       0 |     349 |           100 |        69
     3830 |     +1.2% |       0 |     349 |           100 |        59
     3840 |     +1.2% |       0 |     349 |           100 |        49
     3850 |     +1.2% |       0 |     349 |           100 |        39
     3860 |     +1.2% |       0 |     349 |           100 |        29
     3870 |     +1.2% |       0 |     349 |           100 |        19
     3880 |     +1.2% |       0 |     349 |           100 |         9
    final |     +1.2% |       0 |     349 |           100 |         0
---------------------------------------------------------------------
[INFO RSZ-0034] Found 30 slew violations.
[INFO RSZ-0035] Found 87 fanout violations.
[INFO RSZ-0036] Found 13 capacitance violations.
[INFO RSZ-0038] Inserted 349 buffers in 100 nets.
[INFO RSZ-0042] Inserted 191 tie gf180mcu_as_sc_mcu7t3v3__tiel_4 instances.
[INFO RSZ-0042] Inserted 1 tie gf180mcu_as_sc_mcu7t3v3__tieh_4 instances.
[WARNING RSZ-0020] found 2 floating nets.
 VDD
 VSS
+ detailed_placement -max_displacement  500 100 
Placement Analysis
---------------------------------
total displacement      48021.1 u
average displacement        7.4 u
max displacement          328.1 u
original HPWL          243873.3 u
legalized HPWL         276668.9 u
delta HPWL                   13 %

[INFO DPL-0020] Mirrored 1516 instances
[INFO DPL-0021] HPWL before          276668.9 u
[INFO DPL-0022] HPWL after           272615.4 u
[INFO DPL-0023] HPWL delta               -1.5 %
Setting global connections for newly added cells…
[INFO] Setting global connections...
sram2048.u_bank0 matched with sram2048.u_bank0
sram2048.u_bank1 matched with sram2048.u_bank1
[INFO ODB-0403] 4004 connections made, 0 conflicts skipped.
Updating metrics…
Cell type report:                       Count       Area
  Macro                                     2  310827.11
  Tap cell                               2550   11195.52
  Tie cell                                192    1685.91
  Buffer                                    8     105.37
  Timing Repair Buffer                    809   11066.00
  Inverter                                 89     781.49
  Sequential cell                         532   31553.80
  Multi-Input combinational cell         2275   50757.41
  Total                                  6457  417972.62
Writing OpenROAD database to '/home/etcfranc/NoCNoC/librelane/noc_tile/runs/RUN_2026-05-08_18-38-35/32-openroad-repairdesignpostgpl/mesh_tile.odb'…
Writing netlist to '/home/etcfranc/NoCNoC/librelane/noc_tile/runs/RUN_2026-05-08_18-38-35/32-openroad-repairdesignpostgpl/mesh_tile.nl.v'…
Writing powered netlist to '/home/etcfranc/NoCNoC/librelane/noc_tile/runs/RUN_2026-05-08_18-38-35/32-openroad-repairdesignpostgpl/mesh_tile.pnl.v'…
Writing layout to '/home/etcfranc/NoCNoC/librelane/noc_tile/runs/RUN_2026-05-08_18-38-35/32-openroad-repairdesignpostgpl/mesh_tile.def'…
Writing timing constraints to '/home/etcfranc/NoCNoC/librelane/noc_tile/runs/RUN_2026-05-08_18-38-35/32-openroad-repairdesignpostgpl/mesh_tile.sdc'…
