Clock: clk
Sources: clk 
Generated: no
Virtual: yes
Propagated: no
Period: 40.000000

===========================================================================
report_clock_properties
============================================================================
Clock                   Period          Waveform
----------------------------------------------------
clk                  40.000000    0.000000 20.000000

===========================================================================
report_clock_latency
============================================================================
Clock clk
rise -> rise
    min     max
0.000000 0.000000 source latency
0.820204         network latency sram2048.u_bank1/CLK
        0.982996 network latency _5273_/CLK
---------------
0.820204 0.982996 latency
        0.162791 skew

fall -> fall
    min     max
0.000000 0.000000 source latency
0.752550         network latency sram2048.u_bank1/CLK
        0.921855 network latency _5273_/CLK
---------------
0.752550 0.921855 latency
        0.169305 skew



===========================================================================
report_clock_min_period
============================================================================
clk period_min = 11.24 fmax = 89.01
