
===========================================================================
 report_power
============================================================================
======================= max_tt_025C_3v30 Corner ===================================

Group                    Internal    Switching      Leakage        Total
                            Power        Power        Power        Power (Watts)
------------------------------------------------------------------------
Sequential           0.000000e+00 6.256150e-05 0.000000e+00 6.256150e-05   0.4%
Combinational        1.662820e-03 1.084046e-03 0.000000e+00 2.746866e-03  16.0%
Clock                3.253770e-03 2.082932e-03 0.000000e+00 5.336702e-03  31.1%
Macro                9.005347e-03 0.000000e+00 5.433186e-07 9.005890e-03  52.5%
Pad                  0.000000e+00 0.000000e+00 0.000000e+00 0.000000e+00   0.0%
------------------------------------------------------------------------
Total                1.392195e-02 3.229541e-03 5.433186e-07 1.715203e-02 100.0%
                            81.2%        18.8%         0.0%

