[WARNING ORD-0039] .openroad ignored with -python
[INFO ODB-0388] unsupported LEF58_EOLENCLOSURE property for layer Via1 :"
  	EOLENCLOSURE 0.34 0.06 ;"
[INFO ODB-0388] unsupported LEF58_EOLENCLOSURE property for layer Via2 :" EOLENCLOSURE 0.34 0.06 ; "
[INFO ODB-0388] unsupported LEF58_EOLENCLOSURE property for layer Via3 :" EOLENCLOSURE 0.34 0.06 ; "
[INFO ODB-0388] unsupported LEF58_EOLENCLOSURE property for layer Via4 :" EOLENCLOSURE 0.34 0.06 ; "
[INFO ODB-0227] LEF file: /home/etcfranc/NoCNoC/gf180mcu/gf180mcuD/libs.ref/gf180mcu_as_sc_mcu7t3v3/techlef/gf180mcu_as_sc_mcu7t3v3__nom.tlef, created 15 layers, 56 vias
[WARNING ODB-0220] WARNING (LEFPARS-2008): NOWIREEXTENSIONATPIN statement is obsolete in version 5.6 or later.
The NOWIREEXTENSIONATPIN statement will be ignored. See file /home/etcfranc/NoCNoC/gf180mcu/gf180mcuD/libs.ref/gf180mcu_as_sc_mcu7t3v3/lef/gf180mcu_as_sc_mcu7t3v3.lef at line 2.

[WARNING ODB-0220] WARNING (LEFPARS-2008): NOWIREEXTENSIONATPIN statement is obsolete in version 5.6 or later.
The NOWIREEXTENSIONATPIN statement will be ignored. See file /home/etcfranc/NoCNoC/gf180mcu/gf180mcuD/libs.ref/gf180mcu_as_sc_mcu7t3v3/lef/gf180mcu_as_sc_mcu7t3v3.lef at line 92.

[WARNING ODB-0220] WARNING (LEFPARS-2008): NOWIREEXTENSIONATPIN statement is obsolete in version 5.6 or later.
The NOWIREEXTENSIONATPIN statement will be ignored. See file /home/etcfranc/NoCNoC/gf180mcu/gf180mcuD/libs.ref/gf180mcu_as_sc_mcu7t3v3/lef/gf180mcu_as_sc_mcu7t3v3.lef at line 188.

[WARNING ODB-0220] WARNING (LEFPARS-2008): NOWIREEXTENSIONATPIN statement is obsolete in version 5.6 or later.
The NOWIREEXTENSIONATPIN statement will be ignored. See file /home/etcfranc/NoCNoC/gf180mcu/gf180mcuD/libs.ref/gf180mcu_as_sc_mcu7t3v3/lef/gf180mcu_as_sc_mcu7t3v3.lef at line 303.

[WARNING ODB-0220] WARNING (LEFPARS-2008): NOWIREEXTENSIONATPIN statement is obsolete in version 5.6 or later.
The NOWIREEXTENSIONATPIN statement will be ignored. See file /home/etcfranc/NoCNoC/gf180mcu/gf180mcuD/libs.ref/gf180mcu_as_sc_mcu7t3v3/lef/gf180mcu_as_sc_mcu7t3v3.lef at line 424.

[WARNING ODB-0220] WARNING (LEFPARS-2008): NOWIREEXTENSIONATPIN statement is obsolete in version 5.6 or later.
The NOWIREEXTENSIONATPIN statement will be ignored. See file /home/etcfranc/NoCNoC/gf180mcu/gf180mcuD/libs.ref/gf180mcu_as_sc_mcu7t3v3/lef/gf180mcu_as_sc_mcu7t3v3.lef at line 528.

[WARNING ODB-0220] WARNING (LEFPARS-2008): NOWIREEXTENSIONATPIN statement is obsolete in version 5.6 or later.
The NOWIREEXTENSIONATPIN statement will be ignored. See file /home/etcfranc/NoCNoC/gf180mcu/gf180mcuD/libs.ref/gf180mcu_as_sc_mcu7t3v3/lef/gf180mcu_as_sc_mcu7t3v3.lef at line 638.

[WARNING ODB-0220] WARNING (LEFPARS-2008): NOWIREEXTENSIONATPIN statement is obsolete in version 5.6 or later.
The NOWIREEXTENSIONATPIN statement will be ignored. See file /home/etcfranc/NoCNoC/gf180mcu/gf180mcuD/libs.ref/gf180mcu_as_sc_mcu7t3v3/lef/gf180mcu_as_sc_mcu7t3v3.lef at line 754.

[WARNING ODB-0220] WARNING (LEFPARS-2008): NOWIREEXTENSIONATPIN statement is obsolete in version 5.6 or later.
The NOWIREEXTENSIONATPIN statement will be ignored. See file /home/etcfranc/NoCNoC/gf180mcu/gf180mcuD/libs.ref/gf180mcu_as_sc_mcu7t3v3/lef/gf180mcu_as_sc_mcu7t3v3.lef at line 876.

[WARNING ODB-0220] WARNING (LEFPARS-2008): NOWIREEXTENSIONATPIN statement is obsolete in version 5.6 or later.
The NOWIREEXTENSIONATPIN statement will be ignored. See file /home/etcfranc/NoCNoC/gf180mcu/gf180mcuD/libs.ref/gf180mcu_as_sc_mcu7t3v3/lef/gf180mcu_as_sc_mcu7t3v3.lef at line 987.

[WARNING ODB-0220] WARNING (LEFPARS-2008): NOWIREEXTENSIONATPIN statement is obsolete in version 5.6 or later.
The NOWIREEXTENSIONATPIN statement will be ignored. See file /home/etcfranc/NoCNoC/gf180mcu/gf180mcuD/libs.ref/gf180mcu_as_sc_mcu7t3v3/lef/gf180mcu_as_sc_mcu7t3v3.lef at line 1104.

[WARNING ODB-0220] WARNING (LEFPARS-2008): NOWIREEXTENSIONATPIN statement is obsolete in version 5.6 or later.
The NOWIREEXTENSIONATPIN statement will be ignored. See file /home/etcfranc/NoCNoC/gf180mcu/gf180mcuD/libs.ref/gf180mcu_as_sc_mcu7t3v3/lef/gf180mcu_as_sc_mcu7t3v3.lef at line 1216.

[WARNING ODB-0220] WARNING (LEFPARS-2008): NOWIREEXTENSIONATPIN statement is obsolete in version 5.6 or later.
The NOWIREEXTENSIONATPIN statement will be ignored. See file /home/etcfranc/NoCNoC/gf180mcu/gf180mcuD/libs.ref/gf180mcu_as_sc_mcu7t3v3/lef/gf180mcu_as_sc_mcu7t3v3.lef at line 1334.

[WARNING ODB-0220] WARNING (LEFPARS-2008): NOWIREEXTENSIONATPIN statement is obsolete in version 5.6 or later.
The NOWIREEXTENSIONATPIN statement will be ignored. See file /home/etcfranc/NoCNoC/gf180mcu/gf180mcuD/libs.ref/gf180mcu_as_sc_mcu7t3v3/lef/gf180mcu_as_sc_mcu7t3v3.lef at line 1451.

[WARNING ODB-0220] WARNING (LEFPARS-2008): NOWIREEXTENSIONATPIN statement is obsolete in version 5.6 or later.
The NOWIREEXTENSIONATPIN statement will be ignored. See file /home/etcfranc/NoCNoC/gf180mcu/gf180mcuD/libs.ref/gf180mcu_as_sc_mcu7t3v3/lef/gf180mcu_as_sc_mcu7t3v3.lef at line 1588.

[WARNING ODB-0220] WARNING (LEFPARS-2008): NOWIREEXTENSIONATPIN statement is obsolete in version 5.6 or later.
The NOWIREEXTENSIONATPIN statement will be ignored. See file /home/etcfranc/NoCNoC/gf180mcu/gf180mcuD/libs.ref/gf180mcu_as_sc_mcu7t3v3/lef/gf180mcu_as_sc_mcu7t3v3.lef at line 1691.

[WARNING ODB-0220] WARNING (LEFPARS-2008): NOWIREEXTENSIONATPIN statement is obsolete in version 5.6 or later.
The NOWIREEXTENSIONATPIN statement will be ignored. See file /home/etcfranc/NoCNoC/gf180mcu/gf180mcuD/libs.ref/gf180mcu_as_sc_mcu7t3v3/lef/gf180mcu_as_sc_mcu7t3v3.lef at line 1802.

[WARNING ODB-0220] WARNING (LEFPARS-2008): NOWIREEXTENSIONATPIN statement is obsolete in version 5.6 or later.
The NOWIREEXTENSIONATPIN statement will be ignored. See file /home/etcfranc/NoCNoC/gf180mcu/gf180mcuD/libs.ref/gf180mcu_as_sc_mcu7t3v3/lef/gf180mcu_as_sc_mcu7t3v3.lef at line 1912.

[WARNING ODB-0220] WARNING (LEFPARS-2008): NOWIREEXTENSIONATPIN statement is obsolete in version 5.6 or later.
The NOWIREEXTENSIONATPIN statement will be ignored. See file /home/etcfranc/NoCNoC/gf180mcu/gf180mcuD/libs.ref/gf180mcu_as_sc_mcu7t3v3/lef/gf180mcu_as_sc_mcu7t3v3.lef at line 2030.

[WARNING ODB-0220] WARNING (LEFPARS-2008): NOWIREEXTENSIONATPIN statement is obsolete in version 5.6 or later.
The NOWIREEXTENSIONATPIN statement will be ignored. See file /home/etcfranc/NoCNoC/gf180mcu/gf180mcuD/libs.ref/gf180mcu_as_sc_mcu7t3v3/lef/gf180mcu_as_sc_mcu7t3v3.lef at line 2147.

[WARNING ODB-0220] WARNING (LEFPARS-2008): NOWIREEXTENSIONATPIN statement is obsolete in version 5.6 or later.
The NOWIREEXTENSIONATPIN statement will be ignored. See file /home/etcfranc/NoCNoC/gf180mcu/gf180mcuD/libs.ref/gf180mcu_as_sc_mcu7t3v3/lef/gf180mcu_as_sc_mcu7t3v3.lef at line 2269.

[WARNING ODB-0220] WARNING (LEFPARS-2008): NOWIREEXTENSIONATPIN statement is obsolete in version 5.6 or later.
The NOWIREEXTENSIONATPIN statement will be ignored. See file /home/etcfranc/NoCNoC/gf180mcu/gf180mcuD/libs.ref/gf180mcu_as_sc_mcu7t3v3/lef/gf180mcu_as_sc_mcu7t3v3.lef at line 2393.

[WARNING ODB-0220] WARNING (LEFPARS-2008): NOWIREEXTENSIONATPIN statement is obsolete in version 5.6 or later.
The NOWIREEXTENSIONATPIN statement will be ignored. See file /home/etcfranc/NoCNoC/gf180mcu/gf180mcuD/libs.ref/gf180mcu_as_sc_mcu7t3v3/lef/gf180mcu_as_sc_mcu7t3v3.lef at line 2521.

[WARNING ODB-0220] WARNING (LEFPARS-2008): NOWIREEXTENSIONATPIN statement is obsolete in version 5.6 or later.
The NOWIREEXTENSIONATPIN statement will be ignored. See file /home/etcfranc/NoCNoC/gf180mcu/gf180mcuD/libs.ref/gf180mcu_as_sc_mcu7t3v3/lef/gf180mcu_as_sc_mcu7t3v3.lef at line 2633.

[WARNING ODB-0220] WARNING (LEFPARS-2008): NOWIREEXTENSIONATPIN statement is obsolete in version 5.6 or later.
The NOWIREEXTENSIONATPIN statement will be ignored. See file /home/etcfranc/NoCNoC/gf180mcu/gf180mcuD/libs.ref/gf180mcu_as_sc_mcu7t3v3/lef/gf180mcu_as_sc_mcu7t3v3.lef at line 2713.

[WARNING ODB-0220] WARNING (LEFPARS-2008): NOWIREEXTENSIONATPIN statement is obsolete in version 5.6 or later.
The NOWIREEXTENSIONATPIN statement will be ignored. See file /home/etcfranc/NoCNoC/gf180mcu/gf180mcuD/libs.ref/gf180mcu_as_sc_mcu7t3v3/lef/gf180mcu_as_sc_mcu7t3v3.lef at line 2799.

[WARNING ODB-0220] WARNING (LEFPARS-2008): NOWIREEXTENSIONATPIN statement is obsolete in version 5.6 or later.
The NOWIREEXTENSIONATPIN statement will be ignored. See file /home/etcfranc/NoCNoC/gf180mcu/gf180mcuD/libs.ref/gf180mcu_as_sc_mcu7t3v3/lef/gf180mcu_as_sc_mcu7t3v3.lef at line 2899.

[WARNING ODB-0220] WARNING (LEFPARS-2008): NOWIREEXTENSIONATPIN statement is obsolete in version 5.6 or later.
The NOWIREEXTENSIONATPIN statement will be ignored. See file /home/etcfranc/NoCNoC/gf180mcu/gf180mcuD/libs.ref/gf180mcu_as_sc_mcu7t3v3/lef/gf180mcu_as_sc_mcu7t3v3.lef at line 3011.

[WARNING ODB-0220] WARNING (LEFPARS-2008): NOWIREEXTENSIONATPIN statement is obsolete in version 5.6 or later.
The NOWIREEXTENSIONATPIN statement will be ignored. See file /home/etcfranc/NoCNoC/gf180mcu/gf180mcuD/libs.ref/gf180mcu_as_sc_mcu7t3v3/lef/gf180mcu_as_sc_mcu7t3v3.lef at line 3097.

[WARNING ODB-0220] WARNING (LEFPARS-2008): NOWIREEXTENSIONATPIN statement is obsolete in version 5.6 or later.
The NOWIREEXTENSIONATPIN statement will be ignored. See file /home/etcfranc/NoCNoC/gf180mcu/gf180mcuD/libs.ref/gf180mcu_as_sc_mcu7t3v3/lef/gf180mcu_as_sc_mcu7t3v3.lef at line 3197.

[WARNING ODB-0220] WARNING (LEFPARS-2008): NOWIREEXTENSIONATPIN statement is obsolete in version 5.6 or later.
The NOWIREEXTENSIONATPIN statement will be ignored. See file /home/etcfranc/NoCNoC/gf180mcu/gf180mcuD/libs.ref/gf180mcu_as_sc_mcu7t3v3/lef/gf180mcu_as_sc_mcu7t3v3.lef at line 3403.

[WARNING ODB-0220] WARNING (LEFPARS-2008): NOWIREEXTENSIONATPIN statement is obsolete in version 5.6 or later.
The NOWIREEXTENSIONATPIN statement will be ignored. See file /home/etcfranc/NoCNoC/gf180mcu/gf180mcuD/libs.ref/gf180mcu_as_sc_mcu7t3v3/lef/gf180mcu_as_sc_mcu7t3v3.lef at line 3551.

[WARNING ODB-0220] WARNING (LEFPARS-2008): NOWIREEXTENSIONATPIN statement is obsolete in version 5.6 or later.
The NOWIREEXTENSIONATPIN statement will be ignored. See file /home/etcfranc/NoCNoC/gf180mcu/gf180mcuD/libs.ref/gf180mcu_as_sc_mcu7t3v3/lef/gf180mcu_as_sc_mcu7t3v3.lef at line 3697.

[WARNING ODB-0220] WARNING (LEFPARS-2008): NOWIREEXTENSIONATPIN statement is obsolete in version 5.6 or later.
The NOWIREEXTENSIONATPIN statement will be ignored. See file /home/etcfranc/NoCNoC/gf180mcu/gf180mcuD/libs.ref/gf180mcu_as_sc_mcu7t3v3/lef/gf180mcu_as_sc_mcu7t3v3.lef at line 3754.

[WARNING ODB-0220] WARNING (LEFPARS-2008): NOWIREEXTENSIONATPIN statement is obsolete in version 5.6 or later.
The NOWIREEXTENSIONATPIN statement will be ignored. See file /home/etcfranc/NoCNoC/gf180mcu/gf180mcuD/libs.ref/gf180mcu_as_sc_mcu7t3v3/lef/gf180mcu_as_sc_mcu7t3v3.lef at line 3802.

[WARNING ODB-0220] WARNING (LEFPARS-2008): NOWIREEXTENSIONATPIN statement is obsolete in version 5.6 or later.
The NOWIREEXTENSIONATPIN statement will be ignored. See file /home/etcfranc/NoCNoC/gf180mcu/gf180mcuD/libs.ref/gf180mcu_as_sc_mcu7t3v3/lef/gf180mcu_as_sc_mcu7t3v3.lef at line 3850.

[WARNING ODB-0220] WARNING (LEFPARS-2008): NOWIREEXTENSIONATPIN statement is obsolete in version 5.6 or later.
The NOWIREEXTENSIONATPIN statement will be ignored. See file /home/etcfranc/NoCNoC/gf180mcu/gf180mcuD/libs.ref/gf180mcu_as_sc_mcu7t3v3/lef/gf180mcu_as_sc_mcu7t3v3.lef at line 3898.

[WARNING ODB-0220] WARNING (LEFPARS-2008): NOWIREEXTENSIONATPIN statement is obsolete in version 5.6 or later.
The NOWIREEXTENSIONATPIN statement will be ignored. See file /home/etcfranc/NoCNoC/gf180mcu/gf180mcuD/libs.ref/gf180mcu_as_sc_mcu7t3v3/lef/gf180mcu_as_sc_mcu7t3v3.lef at line 3946.

[WARNING ODB-0220] WARNING (LEFPARS-2008): NOWIREEXTENSIONATPIN statement is obsolete in version 5.6 or later.
The NOWIREEXTENSIONATPIN statement will be ignored. See file /home/etcfranc/NoCNoC/gf180mcu/gf180mcuD/libs.ref/gf180mcu_as_sc_mcu7t3v3/lef/gf180mcu_as_sc_mcu7t3v3.lef at line 4004.

[WARNING ODB-0220] WARNING (LEFPARS-2008): NOWIREEXTENSIONATPIN statement is obsolete in version 5.6 or later.
The NOWIREEXTENSIONATPIN statement will be ignored. See file /home/etcfranc/NoCNoC/gf180mcu/gf180mcuD/libs.ref/gf180mcu_as_sc_mcu7t3v3/lef/gf180mcu_as_sc_mcu7t3v3.lef at line 4062.

[WARNING ODB-0220] WARNING (LEFPARS-2008): NOWIREEXTENSIONATPIN statement is obsolete in version 5.6 or later.
The NOWIREEXTENSIONATPIN statement will be ignored. See file /home/etcfranc/NoCNoC/gf180mcu/gf180mcuD/libs.ref/gf180mcu_as_sc_mcu7t3v3/lef/gf180mcu_as_sc_mcu7t3v3.lef at line 4120.

[WARNING ODB-0220] WARNING (LEFPARS-2008): NOWIREEXTENSIONATPIN statement is obsolete in version 5.6 or later.
The NOWIREEXTENSIONATPIN statement will be ignored. See file /home/etcfranc/NoCNoC/gf180mcu/gf180mcuD/libs.ref/gf180mcu_as_sc_mcu7t3v3/lef/gf180mcu_as_sc_mcu7t3v3.lef at line 4192.

[WARNING ODB-0220] WARNING (LEFPARS-2008): NOWIREEXTENSIONATPIN statement is obsolete in version 5.6 or later.
The NOWIREEXTENSIONATPIN statement will be ignored. See file /home/etcfranc/NoCNoC/gf180mcu/gf180mcuD/libs.ref/gf180mcu_as_sc_mcu7t3v3/lef/gf180mcu_as_sc_mcu7t3v3.lef at line 4270.

[WARNING ODB-0220] WARNING (LEFPARS-2008): NOWIREEXTENSIONATPIN statement is obsolete in version 5.6 or later.
The NOWIREEXTENSIONATPIN statement will be ignored. See file /home/etcfranc/NoCNoC/gf180mcu/gf180mcuD/libs.ref/gf180mcu_as_sc_mcu7t3v3/lef/gf180mcu_as_sc_mcu7t3v3.lef at line 4352.

[WARNING ODB-0220] WARNING (LEFPARS-2008): NOWIREEXTENSIONATPIN statement is obsolete in version 5.6 or later.
The NOWIREEXTENSIONATPIN statement will be ignored. See file /home/etcfranc/NoCNoC/gf180mcu/gf180mcuD/libs.ref/gf180mcu_as_sc_mcu7t3v3/lef/gf180mcu_as_sc_mcu7t3v3.lef at line 4477.

[WARNING ODB-0220] WARNING (LEFPARS-2008): NOWIREEXTENSIONATPIN statement is obsolete in version 5.6 or later.
The NOWIREEXTENSIONATPIN statement will be ignored. See file /home/etcfranc/NoCNoC/gf180mcu/gf180mcuD/libs.ref/gf180mcu_as_sc_mcu7t3v3/lef/gf180mcu_as_sc_mcu7t3v3.lef at line 4580.

[WARNING ODB-0220] WARNING (LEFPARS-2008): NOWIREEXTENSIONATPIN statement is obsolete in version 5.6 or later.
The NOWIREEXTENSIONATPIN statement will be ignored. See file /home/etcfranc/NoCNoC/gf180mcu/gf180mcuD/libs.ref/gf180mcu_as_sc_mcu7t3v3/lef/gf180mcu_as_sc_mcu7t3v3.lef at line 4689.

[WARNING ODB-0220] WARNING (LEFPARS-2008): NOWIREEXTENSIONATPIN statement is obsolete in version 5.6 or later.
The NOWIREEXTENSIONATPIN statement will be ignored. See file /home/etcfranc/NoCNoC/gf180mcu/gf180mcuD/libs.ref/gf180mcu_as_sc_mcu7t3v3/lef/gf180mcu_as_sc_mcu7t3v3.lef at line 4800.

[WARNING ODB-0220] WARNING (LEFPARS-2008): NOWIREEXTENSIONATPIN statement is obsolete in version 5.6 or later.
The NOWIREEXTENSIONATPIN statement will be ignored. See file /home/etcfranc/NoCNoC/gf180mcu/gf180mcuD/libs.ref/gf180mcu_as_sc_mcu7t3v3/lef/gf180mcu_as_sc_mcu7t3v3.lef at line 4917.

[WARNING ODB-0220] WARNING (LEFPARS-2008): NOWIREEXTENSIONATPIN statement is obsolete in version 5.6 or later.
The NOWIREEXTENSIONATPIN statement will be ignored. See file /home/etcfranc/NoCNoC/gf180mcu/gf180mcuD/libs.ref/gf180mcu_as_sc_mcu7t3v3/lef/gf180mcu_as_sc_mcu7t3v3.lef at line 5009.

[WARNING ODB-0220] WARNING (LEFPARS-2008): NOWIREEXTENSIONATPIN statement is obsolete in version 5.6 or later.
The NOWIREEXTENSIONATPIN statement will be ignored. See file /home/etcfranc/NoCNoC/gf180mcu/gf180mcuD/libs.ref/gf180mcu_as_sc_mcu7t3v3/lef/gf180mcu_as_sc_mcu7t3v3.lef at line 5106.

[WARNING ODB-0220] WARNING (LEFPARS-2008): NOWIREEXTENSIONATPIN statement is obsolete in version 5.6 or later.
The NOWIREEXTENSIONATPIN statement will be ignored. See file /home/etcfranc/NoCNoC/gf180mcu/gf180mcuD/libs.ref/gf180mcu_as_sc_mcu7t3v3/lef/gf180mcu_as_sc_mcu7t3v3.lef at line 5205.

[WARNING ODB-0220] WARNING (LEFPARS-2008): NOWIREEXTENSIONATPIN statement is obsolete in version 5.6 or later.
The NOWIREEXTENSIONATPIN statement will be ignored. See file /home/etcfranc/NoCNoC/gf180mcu/gf180mcuD/libs.ref/gf180mcu_as_sc_mcu7t3v3/lef/gf180mcu_as_sc_mcu7t3v3.lef at line 5309.

[WARNING ODB-0220] WARNING (LEFPARS-2008): NOWIREEXTENSIONATPIN statement is obsolete in version 5.6 or later.
The NOWIREEXTENSIONATPIN statement will be ignored. See file /home/etcfranc/NoCNoC/gf180mcu/gf180mcuD/libs.ref/gf180mcu_as_sc_mcu7t3v3/lef/gf180mcu_as_sc_mcu7t3v3.lef at line 5417.

[WARNING ODB-0220] WARNING (LEFPARS-2008): NOWIREEXTENSIONATPIN statement is obsolete in version 5.6 or later.
The NOWIREEXTENSIONATPIN statement will be ignored. See file /home/etcfranc/NoCNoC/gf180mcu/gf180mcuD/libs.ref/gf180mcu_as_sc_mcu7t3v3/lef/gf180mcu_as_sc_mcu7t3v3.lef at line 5534.

[WARNING ODB-0220] WARNING (LEFPARS-2008): NOWIREEXTENSIONATPIN statement is obsolete in version 5.6 or later.
The NOWIREEXTENSIONATPIN statement will be ignored. See file /home/etcfranc/NoCNoC/gf180mcu/gf180mcuD/libs.ref/gf180mcu_as_sc_mcu7t3v3/lef/gf180mcu_as_sc_mcu7t3v3.lef at line 5627.

[WARNING ODB-0220] WARNING (LEFPARS-2008): NOWIREEXTENSIONATPIN statement is obsolete in version 5.6 or later.
The NOWIREEXTENSIONATPIN statement will be ignored. See file /home/etcfranc/NoCNoC/gf180mcu/gf180mcuD/libs.ref/gf180mcu_as_sc_mcu7t3v3/lef/gf180mcu_as_sc_mcu7t3v3.lef at line 5720.

[WARNING ODB-0220] WARNING (LEFPARS-2008): NOWIREEXTENSIONATPIN statement is obsolete in version 5.6 or later.
The NOWIREEXTENSIONATPIN statement will be ignored. See file /home/etcfranc/NoCNoC/gf180mcu/gf180mcuD/libs.ref/gf180mcu_as_sc_mcu7t3v3/lef/gf180mcu_as_sc_mcu7t3v3.lef at line 5818.

[WARNING ODB-0220] WARNING (LEFPARS-2008): NOWIREEXTENSIONATPIN statement is obsolete in version 5.6 or later.
The NOWIREEXTENSIONATPIN statement will be ignored. See file /home/etcfranc/NoCNoC/gf180mcu/gf180mcuD/libs.ref/gf180mcu_as_sc_mcu7t3v3/lef/gf180mcu_as_sc_mcu7t3v3.lef at line 5919.

[WARNING ODB-0220] WARNING (LEFPARS-2008): NOWIREEXTENSIONATPIN statement is obsolete in version 5.6 or later.
The NOWIREEXTENSIONATPIN statement will be ignored. See file /home/etcfranc/NoCNoC/gf180mcu/gf180mcuD/libs.ref/gf180mcu_as_sc_mcu7t3v3/lef/gf180mcu_as_sc_mcu7t3v3.lef at line 6024.

[WARNING ODB-0220] WARNING (LEFPARS-2008): NOWIREEXTENSIONATPIN statement is obsolete in version 5.6 or later.
The NOWIREEXTENSIONATPIN statement will be ignored. See file /home/etcfranc/NoCNoC/gf180mcu/gf180mcuD/libs.ref/gf180mcu_as_sc_mcu7t3v3/lef/gf180mcu_as_sc_mcu7t3v3.lef at line 6140.

[WARNING ODB-0220] WARNING (LEFPARS-2008): NOWIREEXTENSIONATPIN statement is obsolete in version 5.6 or later.
The NOWIREEXTENSIONATPIN statement will be ignored. See file /home/etcfranc/NoCNoC/gf180mcu/gf180mcuD/libs.ref/gf180mcu_as_sc_mcu7t3v3/lef/gf180mcu_as_sc_mcu7t3v3.lef at line 6229.

[WARNING ODB-0220] WARNING (LEFPARS-2008): NOWIREEXTENSIONATPIN statement is obsolete in version 5.6 or later.
The NOWIREEXTENSIONATPIN statement will be ignored. See file /home/etcfranc/NoCNoC/gf180mcu/gf180mcuD/libs.ref/gf180mcu_as_sc_mcu7t3v3/lef/gf180mcu_as_sc_mcu7t3v3.lef at line 6324.

[WARNING ODB-0220] WARNING (LEFPARS-2008): NOWIREEXTENSIONATPIN statement is obsolete in version 5.6 or later.
The NOWIREEXTENSIONATPIN statement will be ignored. See file /home/etcfranc/NoCNoC/gf180mcu/gf180mcuD/libs.ref/gf180mcu_as_sc_mcu7t3v3/lef/gf180mcu_as_sc_mcu7t3v3.lef at line 6362.

[WARNING ODB-0220] WARNING (LEFPARS-2008): NOWIREEXTENSIONATPIN statement is obsolete in version 5.6 or later.
The NOWIREEXTENSIONATPIN statement will be ignored. See file /home/etcfranc/NoCNoC/gf180mcu/gf180mcuD/libs.ref/gf180mcu_as_sc_mcu7t3v3/lef/gf180mcu_as_sc_mcu7t3v3.lef at line 6426.

[WARNING ODB-0220] WARNING (LEFPARS-2008): NOWIREEXTENSIONATPIN statement is obsolete in version 5.6 or later.
The NOWIREEXTENSIONATPIN statement will be ignored. See file /home/etcfranc/NoCNoC/gf180mcu/gf180mcuD/libs.ref/gf180mcu_as_sc_mcu7t3v3/lef/gf180mcu_as_sc_mcu7t3v3.lef at line 6490.

[WARNING ODB-0220] WARNING (LEFPARS-2008): NOWIREEXTENSIONATPIN statement is obsolete in version 5.6 or later.
The NOWIREEXTENSIONATPIN statement will be ignored. See file /home/etcfranc/NoCNoC/gf180mcu/gf180mcuD/libs.ref/gf180mcu_as_sc_mcu7t3v3/lef/gf180mcu_as_sc_mcu7t3v3.lef at line 6623.

[INFO ODB-0227] LEF file: /home/etcfranc/NoCNoC/gf180mcu/gf180mcuD/libs.ref/gf180mcu_as_sc_mcu7t3v3/lef/gf180mcu_as_sc_mcu7t3v3.lef, created 67 library cells
[WARNING ODB-0220] WARNING (LEFPARS-2008): NOWIREEXTENSIONATPIN statement is obsolete in version 5.6 or later.
The NOWIREEXTENSIONATPIN statement will be ignored. See file /home/etcfranc/NoCNoC/gf180mcu/gf180mcuD/libs.ref/gf180mcu_fd_io/lef/gf180mcu_fd_io__dvdd.lef at line 2.

[WARNING ODB-0186] macro gf180mcu_fd_io__dvdd references unknown site GF_IO_Site
[INFO ODB-0227] LEF file: /home/etcfranc/NoCNoC/gf180mcu/gf180mcuD/libs.ref/gf180mcu_fd_io/lef/gf180mcu_fd_io__dvdd.lef, created 1 library cells
[WARNING ODB-0220] WARNING (LEFPARS-2008): NOWIREEXTENSIONATPIN statement is obsolete in version 5.6 or later.
The NOWIREEXTENSIONATPIN statement will be ignored. See file /home/etcfranc/NoCNoC/gf180mcu/gf180mcuD/libs.ref/gf180mcu_fd_io/lef/gf180mcu_fd_io__cor.lef at line 2.

[WARNING ODB-0186] macro gf180mcu_fd_io__cor references unknown site GF_COR_Site
[INFO ODB-0227] LEF file: /home/etcfranc/NoCNoC/gf180mcu/gf180mcuD/libs.ref/gf180mcu_fd_io/lef/gf180mcu_fd_io__cor.lef, created 1 library cells
[WARNING ODB-0220] WARNING (LEFPARS-2008): NOWIREEXTENSIONATPIN statement is obsolete in version 5.6 or later.
The NOWIREEXTENSIONATPIN statement will be ignored. See file /home/etcfranc/NoCNoC/gf180mcu/gf180mcuD/libs.ref/gf180mcu_fd_io/lef/gf180mcu_fd_io__bi_24t.lef at line 2.

[WARNING ODB-0186] macro gf180mcu_fd_io__bi_24t references unknown site GF_IO_Site
[INFO ODB-0227] LEF file: /home/etcfranc/NoCNoC/gf180mcu/gf180mcuD/libs.ref/gf180mcu_fd_io/lef/gf180mcu_fd_io__bi_24t.lef, created 1 library cells
[WARNING ODB-0220] WARNING (LEFPARS-2008): NOWIREEXTENSIONATPIN statement is obsolete in version 5.6 or later.
The NOWIREEXTENSIONATPIN statement will be ignored. See file /home/etcfranc/NoCNoC/gf180mcu/gf180mcuD/libs.ref/gf180mcu_fd_io/lef/gf180mcu_fd_io__bi_t.lef at line 2.

[WARNING ODB-0186] macro gf180mcu_fd_io__bi_t references unknown site GF_IO_Site
[INFO ODB-0227] LEF file: /home/etcfranc/NoCNoC/gf180mcu/gf180mcuD/libs.ref/gf180mcu_fd_io/lef/gf180mcu_fd_io__bi_t.lef, created 1 library cells
[WARNING ODB-0220] WARNING (LEFPARS-2008): NOWIREEXTENSIONATPIN statement is obsolete in version 5.6 or later.
The NOWIREEXTENSIONATPIN statement will be ignored. See file /home/etcfranc/NoCNoC/gf180mcu/gf180mcuD/libs.ref/gf180mcu_fd_io/lef/gf180mcu_fd_io__dvss.lef at line 2.

[WARNING ODB-0186] macro gf180mcu_fd_io__dvss references unknown site GF_IO_Site
[INFO ODB-0227] LEF file: /home/etcfranc/NoCNoC/gf180mcu/gf180mcuD/libs.ref/gf180mcu_fd_io/lef/gf180mcu_fd_io__dvss.lef, created 1 library cells
[WARNING ODB-0220] WARNING (LEFPARS-2008): NOWIREEXTENSIONATPIN statement is obsolete in version 5.6 or later.
The NOWIREEXTENSIONATPIN statement will be ignored. See file /home/etcfranc/NoCNoC/gf180mcu/gf180mcuD/libs.ref/gf180mcu_fd_io/lef/gf180mcu_fd_io__asig_5p0.lef at line 2.

[WARNING ODB-0186] macro gf180mcu_fd_io__asig_5p0 references unknown site GF_IO_Site
[INFO ODB-0227] LEF file: /home/etcfranc/NoCNoC/gf180mcu/gf180mcuD/libs.ref/gf180mcu_fd_io/lef/gf180mcu_fd_io__asig_5p0.lef, created 1 library cells
[WARNING ODB-0220] WARNING (LEFPARS-2008): NOWIREEXTENSIONATPIN statement is obsolete in version 5.6 or later.
The NOWIREEXTENSIONATPIN statement will be ignored. See file /home/etcfranc/NoCNoC/gf180mcu/gf180mcuD/libs.ref/gf180mcu_fd_io/lef/gf180mcu_fd_io__in_c.lef at line 2.

[WARNING ODB-0186] macro gf180mcu_fd_io__in_c references unknown site GF_IO_Site
[INFO ODB-0227] LEF file: /home/etcfranc/NoCNoC/gf180mcu/gf180mcuD/libs.ref/gf180mcu_fd_io/lef/gf180mcu_fd_io__in_c.lef, created 1 library cells
[WARNING ODB-0220] WARNING (LEFPARS-2008): NOWIREEXTENSIONATPIN statement is obsolete in version 5.6 or later.
The NOWIREEXTENSIONATPIN statement will be ignored. See file /home/etcfranc/NoCNoC/gf180mcu/gf180mcuD/libs.ref/gf180mcu_fd_io/lef/gf180mcu_fd_io__fill5.lef at line 2.

[WARNING ODB-0186] macro gf180mcu_fd_io__fill5 references unknown site GF_IO_Site
[INFO ODB-0227] LEF file: /home/etcfranc/NoCNoC/gf180mcu/gf180mcuD/libs.ref/gf180mcu_fd_io/lef/gf180mcu_fd_io__fill5.lef, created 1 library cells
[WARNING ODB-0220] WARNING (LEFPARS-2008): NOWIREEXTENSIONATPIN statement is obsolete in version 5.6 or later.
The NOWIREEXTENSIONATPIN statement will be ignored. See file /home/etcfranc/NoCNoC/gf180mcu/gf180mcuD/libs.ref/gf180mcu_fd_io/lef/gf180mcu_fd_io__brk5.lef at line 2.

[WARNING ODB-0186] macro gf180mcu_fd_io__brk5 references unknown site GF_IO_Site
[INFO ODB-0227] LEF file: /home/etcfranc/NoCNoC/gf180mcu/gf180mcuD/libs.ref/gf180mcu_fd_io/lef/gf180mcu_fd_io__brk5.lef, created 1 library cells
[WARNING ODB-0220] WARNING (LEFPARS-2008): NOWIREEXTENSIONATPIN statement is obsolete in version 5.6 or later.
The NOWIREEXTENSIONATPIN statement will be ignored. See file /home/etcfranc/NoCNoC/gf180mcu/gf180mcuD/libs.ref/gf180mcu_fd_io/lef/gf180mcu_fd_io__fill1.lef at line 2.

[WARNING ODB-0186] macro gf180mcu_fd_io__fill1 references unknown site GF_IO_Site
[INFO ODB-0227] LEF file: /home/etcfranc/NoCNoC/gf180mcu/gf180mcuD/libs.ref/gf180mcu_fd_io/lef/gf180mcu_fd_io__fill1.lef, created 1 library cells
[WARNING ODB-0220] WARNING (LEFPARS-2008): NOWIREEXTENSIONATPIN statement is obsolete in version 5.6 or later.
The NOWIREEXTENSIONATPIN statement will be ignored. See file /home/etcfranc/NoCNoC/gf180mcu/gf180mcuD/libs.ref/gf180mcu_fd_io/lef/gf180mcu_fd_io__brk2.lef at line 2.

[WARNING ODB-0186] macro gf180mcu_fd_io__brk2 references unknown site GF_IO_Site
[INFO ODB-0227] LEF file: /home/etcfranc/NoCNoC/gf180mcu/gf180mcuD/libs.ref/gf180mcu_fd_io/lef/gf180mcu_fd_io__brk2.lef, created 1 library cells
[WARNING ODB-0220] WARNING (LEFPARS-2008): NOWIREEXTENSIONATPIN statement is obsolete in version 5.6 or later.
The NOWIREEXTENSIONATPIN statement will be ignored. See file /home/etcfranc/NoCNoC/gf180mcu/gf180mcuD/libs.ref/gf180mcu_fd_io/lef/gf180mcu_fd_io__fillnc.lef at line 2.

[WARNING ODB-0186] macro gf180mcu_fd_io__fillnc references unknown site GF_IO_Site
[INFO ODB-0227] LEF file: /home/etcfranc/NoCNoC/gf180mcu/gf180mcuD/libs.ref/gf180mcu_fd_io/lef/gf180mcu_fd_io__fillnc.lef, created 1 library cells
[WARNING ODB-0220] WARNING (LEFPARS-2008): NOWIREEXTENSIONATPIN statement is obsolete in version 5.6 or later.
The NOWIREEXTENSIONATPIN statement will be ignored. See file /home/etcfranc/NoCNoC/gf180mcu/gf180mcuD/libs.ref/gf180mcu_fd_io/lef/gf180mcu_ws_io__dvdd.lef at line 2.

[WARNING ODB-0186] macro gf180mcu_ws_io__dvdd references unknown site GF_IO_Site
[INFO ODB-0227] LEF file: /home/etcfranc/NoCNoC/gf180mcu/gf180mcuD/libs.ref/gf180mcu_fd_io/lef/gf180mcu_ws_io__dvdd.lef, created 1 library cells
[WARNING ODB-0220] WARNING (LEFPARS-2008): NOWIREEXTENSIONATPIN statement is obsolete in version 5.6 or later.
The NOWIREEXTENSIONATPIN statement will be ignored. See file /home/etcfranc/NoCNoC/gf180mcu/gf180mcuD/libs.ref/gf180mcu_fd_io/lef/gf180mcu_fd_io__in_s.lef at line 2.

[WARNING ODB-0186] macro gf180mcu_fd_io__in_s references unknown site GF_IO_Site
[INFO ODB-0227] LEF file: /home/etcfranc/NoCNoC/gf180mcu/gf180mcuD/libs.ref/gf180mcu_fd_io/lef/gf180mcu_fd_io__in_s.lef, created 1 library cells
[WARNING ODB-0220] WARNING (LEFPARS-2008): NOWIREEXTENSIONATPIN statement is obsolete in version 5.6 or later.
The NOWIREEXTENSIONATPIN statement will be ignored. See file /home/etcfranc/NoCNoC/gf180mcu/gf180mcuD/libs.ref/gf180mcu_fd_io/lef/gf180mcu_fd_io__fill10.lef at line 2.

[WARNING ODB-0186] macro gf180mcu_fd_io__fill10 references unknown site GF_IO_Site
[INFO ODB-0227] LEF file: /home/etcfranc/NoCNoC/gf180mcu/gf180mcuD/libs.ref/gf180mcu_fd_io/lef/gf180mcu_fd_io__fill10.lef, created 1 library cells
[WARNING ODB-0220] WARNING (LEFPARS-2008): NOWIREEXTENSIONATPIN statement is obsolete in version 5.6 or later.
The NOWIREEXTENSIONATPIN statement will be ignored. See file /home/etcfranc/NoCNoC/gf180mcu/gf180mcuD/libs.ref/gf180mcu_fd_io/lef/gf180mcu_ef_io__bi_t.lef at line 2.

[WARNING ODB-0186] macro gf180mcu_ef_io__bi_t references unknown site GF_IO_Site
[INFO ODB-0227] LEF file: /home/etcfranc/NoCNoC/gf180mcu/gf180mcuD/libs.ref/gf180mcu_fd_io/lef/gf180mcu_ef_io__bi_t.lef, created 1 library cells
[WARNING ODB-0220] WARNING (LEFPARS-2008): NOWIREEXTENSIONATPIN statement is obsolete in version 5.6 or later.
The NOWIREEXTENSIONATPIN statement will be ignored. See file /home/etcfranc/NoCNoC/gf180mcu/gf180mcuD/libs.ref/gf180mcu_fd_io/lef/gf180mcu_ws_io__dvss.lef at line 2.

[WARNING ODB-0186] macro gf180mcu_ws_io__dvss references unknown site GF_IO_Site
[INFO ODB-0227] LEF file: /home/etcfranc/NoCNoC/gf180mcu/gf180mcuD/libs.ref/gf180mcu_fd_io/lef/gf180mcu_ws_io__dvss.lef, created 1 library cells
[WARNING ODB-0220] WARNING (LEFPARS-2008): NOWIREEXTENSIONATPIN statement is obsolete in version 5.6 or later.
The NOWIREEXTENSIONATPIN statement will be ignored. See file /home/etcfranc/NoCNoC/librelane/noc_tile/runs/RUN_2026-05-08_18-38-35/59-magic-writelef/mesh_tile.lef at line 2.

[INFO ODB-0227] LEF file: /home/etcfranc/NoCNoC/librelane/noc_tile/runs/RUN_2026-05-08_18-38-35/59-magic-writelef/mesh_tile.lef, created 1 library cells
[INFO ODB-0127] Reading DEF file: /tmp/tmpfw1cmrfu
[INFO ODB-0128] Design: empty
[INFO ODB-0134] Finished DEF file: /tmp/tmpfw1cmrfu
