Reading timing models for corner nom_tt_025C_3v30…
Reading timing library for the 'nom_tt_025C_3v30' corner at '/home/etcfranc/NoCNoC/gf180mcu/gf180mcuD/libs.ref/gf180mcu_as_sc_mcu7t3v3/lib/gf180mcu_as_sc_mcu7t3v3__tt_025C_3v30.lib'…
Reading timing library for the 'nom_tt_025C_3v30' corner at '/home/etcfranc/NoCNoC/gf180mcu/gf180mcuD/libs.ref/gf180mcu_fd_io/lib/gf180mcu_fd_io__tt_025C_3v30.lib'…
Reading timing library for the 'nom_tt_025C_3v30' corner at '/home/etcfranc/NoCNoC/gf180mcu/gf180mcuD/libs.ref/gf180mcu_fd_io/lib/gf180mcu_ws_io__tt_025C_5v00.lib'…
Reading timing library for the 'nom_tt_025C_3v30' corner at '/home/etcfranc/NoCNoC/libs/gf180mcu_ocd_ip_sram/cells/gf180mcu_ocd_ip_sram__sram1024x8m8wm1/gf180mcu_ocd_ip_sram__sram1024x8m8wm1__tt_025C_3v30.lib'…
Reading OpenROAD database at '/home/etcfranc/NoCNoC/librelane/noc_tile/runs/RUN_2026-05-08_18-38-35/21-openroad-generatepdn/mesh_tile.odb'…
[WARNING ORD-2001] LEF macro gf180mcu_ef_io__bi_t pin ANA missing from liberty cell.
Reading design constraints file at '/nix/store/xjkk69lna4pw6jkb6bhsvqkgmfkjqxg5-python3-3.13.9-env/lib/python3.13/site-packages/librelane/scripts/base.sdc'…
[INFO] Using clock clk…
[INFO] Setting output delay to: 8
[INFO] Setting input delay to: 8
[INFO] Setting load to: 0.07291
[INFO] Setting clock uncertainty to: 0.25
[INFO] Setting clock transition to: 0.15
[INFO] Setting timing derate to: 5%
+ global_placement -density 0.5 -skip_io -pad_right 0 -pad_left 0 -init_wirelength_coef 0.25
[INFO GPL-0001] ---- Initialize GPL Main Data Structures
[INFO GPL-0002] DBU: 2000
[INFO GPL-0003] SiteSize: (  0.560  3.920 ) um
[INFO GPL-0004] CoreBBox: ( 10.080 11.760 ) ( 889.840 736.960 ) um
[INFO GPL-0036] Movable instances area:      84883.994 um^2
[INFO GPL-0037] Total instances area:       408447.693 um^2
[INFO GPL-0035] Pin density area adjust:     13588.616 um^2
[INFO GPL-0032] ---- Initialize Region: Top-level
[INFO GPL-0006] Number of instances:              6046
[INFO GPL-0007] Movable instances:                3096
[INFO GPL-0008] Fixed instances:                  2552
[INFO GPL-0009] Dummy instances:                   398
[INFO GPL-0010] Number of nets:                   3429
[INFO GPL-0011] Number of pins:                  11395
[INFO GPL-0012] Die BBox:  (  0.000  0.000 ) ( 900.000 750.000 ) um
[INFO GPL-0013] Core BBox: ( 10.080 11.760 ) ( 889.840 736.960 ) um
[INFO GPL-0016] Core area:                  638001.952 um^2
[INFO GPL-0014] Region name: top-level.
[INFO GPL-0015] Region area:                638001.952 um^2
[INFO GPL-0017] Fixed instances area:       348299.213 um^2
[INFO GPL-0018] Movable instances area:      98472.610 um^2
[INFO GPL-0019] Utilization:                    33.991 %
[INFO GPL-0020] Standard cells area:         98472.610 um^2
[INFO GPL-0021] Large instances area:            0.000 um^2
[INFO GPL-0005] ---- Execute Conjugate Gradient Initial Placement.
[INFO GPL-0051] Source of initial instance position counters:
	Odb location = 0	Core center = 3096	Region center = 0
[INFO GPL-0033] ---- Initialize Nesterov Region: Top-level
[INFO GPL-0023] Placement target density:       0.5000
[INFO GPL-0024] Movable insts average area:     31.806 um^2
[INFO GPL-0025] Ideal bin area:                 63.613 um^2
[INFO GPL-0026] Ideal bin count:                 10029
[INFO GPL-0027] Total bin area:             638001.952 um^2
[INFO GPL-0028] Bin count (X, Y):          64 ,     64
[INFO GPL-0029] Bin size (W * H):      13.746 * 11.331 um
[INFO GPL-0030] Number of bins:                   4096
[INFO GPL-0007] ---- Execute Nesterov Global Placement.
[INFO GPL-0031] HPWL: Half-Perimeter Wirelength
Iteration | Overflow |     HPWL (um) |  HPWL(%) |   Penalty | Group
---------------------------------------------------------------
        0 |   0.9998 |  3.434119e+04 |   +0.00% |  6.01e-16 |      
       10 |   0.9999 |  4.116914e+04 |  +19.88% |  9.77e-16 |      
       20 |   0.9999 |  4.336631e+04 |   +5.34% |  1.59e-15 |      
       30 |   0.9999 |  4.328613e+04 |   -0.18% |  2.59e-15 |      
       40 |   0.9999 |  4.281308e+04 |   -1.09% |  4.22e-15 |      
       50 |   0.9999 |  4.255895e+04 |   -0.59% |  6.87e-15 |      
       60 |   0.9999 |  4.168433e+04 |   -2.06% |  1.12e-14 |      
       70 |   0.9999 |  4.000238e+04 |   -4.03% |  1.82e-14 |      
       80 |   0.9999 |  3.782381e+04 |   -5.45% |  2.97e-14 |      
       90 |   0.9999 |  3.545845e+04 |   -6.25% |  4.84e-14 |      
      100 |   0.9999 |  3.321409e+04 |   -6.33% |  7.88e-14 |      
      110 |   0.9999 |  3.145025e+04 |   -5.31% |  1.28e-13 |      
      120 |   0.9999 |  3.061496e+04 |   -2.66% |  2.09e-13 |      
      130 |   0.9999 |  3.131553e+04 |   +2.29% |  3.41e-13 |      
      140 |   0.9999 |  3.460279e+04 |  +10.50% |  5.55e-13 |      
      150 |   0.9999 |  4.039447e+04 |  +16.74% |  9.02e-13 |      
      160 |   0.9999 |  4.726606e+04 |  +17.01% |  1.47e-12 |      
      170 |   0.9951 |  5.624244e+04 |  +18.99% |  2.39e-12 |      
      180 |   0.9887 |  6.875757e+04 |  +22.25% |  3.88e-12 |      
      190 |   0.9806 |  8.393876e+04 |  +22.08% |  6.29e-12 |      
      200 |   0.8896 |  9.832280e+04 |  +17.14% |  1.02e-11 |      
      210 |   0.8435 |  1.072806e+05 |   +9.11% |  1.66e-11 |      
      220 |   0.7819 |  1.142568e+05 |   +6.50% |  2.70e-11 |      
      230 |   0.7392 |  1.194617e+05 |   +4.56% |  4.39e-11 |      
      240 |   0.6819 |  1.252234e+05 |   +4.82% |  7.15e-11 |      
      250 |   0.6212 |  1.286311e+05 |   +2.72% |  1.16e-10 |      
      260 |   0.5569 |  1.330708e+05 |   +3.45% |  1.89e-10 |      
      270 |   0.4917 |  1.348074e+05 |   +1.31% |  3.08e-10 |      
      280 |   0.4436 |  1.346650e+05 |   -0.11% |  5.02e-10 |      
      290 |   0.4005 |  1.392485e+05 |   +3.40% |  8.17e-10 |      
      300 |   0.3594 |  1.381607e+05 |   -0.78% |  1.33e-09 |      
      310 |   0.3256 |  1.380054e+05 |   -0.11% |  2.02e-09 |      
      320 |   0.2965 |  1.386426e+05 |   +0.46% |  2.98e-09 |      
      330 |   0.2718 |  1.389939e+05 |   +0.25% |  4.38e-09 |      
      340 |   0.2422 |  1.399477e+05 |   +0.69% |  6.46e-09 |      
      350 |   0.2155 |  1.405557e+05 |   +0.43% |  9.51e-09 |      
      360 |   0.1916 |  1.409370e+05 |   +0.27% |  1.40e-08 |      
      370 |   0.1663 |  1.420208e+05 |   +0.77% |  2.06e-08 |      
      380 |   0.1456 |  1.426565e+05 |   +0.45% |  3.04e-08 |      
      390 |   0.1233 |  1.434386e+05 |   +0.55% |  4.48e-08 |      
      400 |   0.1014 |  1.439590e+05 |   +0.36% |  6.59e-08 |      
      401 |   0.0991 |  1.440005e+05 |          |  7.12e-08 |      
---------------------------------------------------------------
[INFO GPL-1001] Global placement finished at iteration 401
[INFO GPL-1002] Placed Cell Area            98472.6101
[INFO GPL-1003] Available Free Area         289702.7392
[INFO GPL-1004] Minimum Feasible Density        0.3400 (cell_area / free_area)
[INFO GPL-1006]   Suggested Target Densities:
[INFO GPL-1007]     - For 90% usage of free space: 0.3777
[INFO GPL-1008]     - For 80% usage of free space: 0.4249
[INFO GPL-1009]     - For 50% usage of free space: 0.6798
[INFO GPL-1014] Final placement area: 98472.61 (+0.00%)
Setting global connections for newly added cells…
[INFO] Setting global connections...
sram2048.u_bank0 matched with sram2048.u_bank0
sram2048.u_bank1 matched with sram2048.u_bank1
[INFO ODB-0403] 0 connections made, 0 conflicts skipped.
Updating metrics…
Cell type report:                       Count       Area
  Macro                                     2  310827.11
  Tap cell                               2550   11195.52
  Tie cell                                192    1685.91
  Buffer                                    8     105.37
  Inverter                                 89     781.49
  Sequential cell                         532   31553.80
  Multi-Input combinational cell         2275   50757.41
  Total                                  5648  406906.62
Writing OpenROAD database to '/home/etcfranc/NoCNoC/librelane/noc_tile/runs/RUN_2026-05-08_18-38-35/24-openroad-globalplacementskipio/mesh_tile.odb'…
Writing netlist to '/home/etcfranc/NoCNoC/librelane/noc_tile/runs/RUN_2026-05-08_18-38-35/24-openroad-globalplacementskipio/mesh_tile.nl.v'…
Writing powered netlist to '/home/etcfranc/NoCNoC/librelane/noc_tile/runs/RUN_2026-05-08_18-38-35/24-openroad-globalplacementskipio/mesh_tile.pnl.v'…
Writing layout to '/home/etcfranc/NoCNoC/librelane/noc_tile/runs/RUN_2026-05-08_18-38-35/24-openroad-globalplacementskipio/mesh_tile.def'…
Writing timing constraints to '/home/etcfranc/NoCNoC/librelane/noc_tile/runs/RUN_2026-05-08_18-38-35/24-openroad-globalplacementskipio/mesh_tile.sdc'…
