
 /----------------------------------------------------------------------------\
 |  yosys -- Yosys Open SYnthesis Suite                                       |
 |  Copyright (C) 2012 - 2026  Claire Xenia Wolf <claire@yosyshq.com>         |
 |  Distributed under an ISC-like license, type "license" to see terms        |
 \----------------------------------------------------------------------------/
 Yosys 0.62 (git sha1 7326bb7d6641500ecb285c291a54a662cb1e76cf, clang++ 21.1.2 -fPIC -O3)

-- Running command `
                    verilog_defines -DUSE_POWER_PINS;
read_verilog -sv -lib /home/etcfranc/NoCNoC/librelane/noc_tile/runs/RUN_2026-05-08_18-38-35/tmp/41835ff3bba04c30bce78734ad64bba7.bb.v;

                    blackbox;
                    write_verilog -noattr -noexpr -nohex -nodec -defparam -blackboxes /home/etcfranc/NoCNoC/librelane/noc_tile/runs/RUN_2026-05-08_18-38-35/tmp/41835ff3bba04c30bce78734ad64bba7.bb.v;
                    ' --

1. Executing Verilog-2005 frontend: /home/etcfranc/NoCNoC/librelane/noc_tile/runs/RUN_2026-05-08_18-38-35/tmp/41835ff3bba04c30bce78734ad64bba7.bb.v
Parsing SystemVerilog input from `/home/etcfranc/NoCNoC/librelane/noc_tile/runs/RUN_2026-05-08_18-38-35/tmp/41835ff3bba04c30bce78734ad64bba7.bb.v' to AST representation.
Generating RTLIL representation for module `\gf180mcu_as_sc_mcu7t3v3__dfxtp_2'.
Generating RTLIL representation for module `\gf180mcu_as_sc_mcu7t3v3__dfxtn_2'.
Generating RTLIL representation for module `\gf180mcu_as_sc_mcu7t3v3__dfsrtp_2'.
Warning: wire '\Q' is assigned in a block at /home/etcfranc/NoCNoC/librelane/noc_tile/runs/RUN_2026-05-08_18-38-35/tmp/41835ff3bba04c30bce78734ad64bba7.bb.v:56.3-56.12.
Warning: wire '\Q' is assigned in a block at /home/etcfranc/NoCNoC/librelane/noc_tile/runs/RUN_2026-05-08_18-38-35/tmp/41835ff3bba04c30bce78734ad64bba7.bb.v:58.3-58.12.
Warning: wire '\Q' is assigned in a block at /home/etcfranc/NoCNoC/librelane/noc_tile/runs/RUN_2026-05-08_18-38-35/tmp/41835ff3bba04c30bce78734ad64bba7.bb.v:61.3-61.13.
Generating RTLIL representation for module `\gf180mcu_as_sc_mcu7t3v3__buff_2'.
Generating RTLIL representation for module `\gf180mcu_as_sc_mcu7t3v3__buff_4'.
Generating RTLIL representation for module `\gf180mcu_as_sc_mcu7t3v3__buff_8'.
Generating RTLIL representation for module `\gf180mcu_as_sc_mcu7t3v3__buff_12'.
Generating RTLIL representation for module `\gf180mcu_as_sc_mcu7t3v3__clkbuff_4'.
Generating RTLIL representation for module `\gf180mcu_as_sc_mcu7t3v3__clkbuff_8'.
Generating RTLIL representation for module `\gf180mcu_as_sc_mcu7t3v3__clkbuff_12'.
Generating RTLIL representation for module `\gf180mcu_as_sc_mcu7t3v3__inv_2'.
Generating RTLIL representation for module `\gf180mcu_as_sc_mcu7t3v3__inv_4'.
Generating RTLIL representation for module `\gf180mcu_as_sc_mcu7t3v3__inv_6'.
Generating RTLIL representation for module `\gf180mcu_as_sc_mcu7t3v3__invz_2'.
Generating RTLIL representation for module `\gf180mcu_as_sc_mcu7t3v3__nand2_2'.
Generating RTLIL representation for module `\gf180mcu_as_sc_mcu7t3v3__nand2_4'.
Generating RTLIL representation for module `\gf180mcu_as_sc_mcu7t3v3__nand2b_2'.
Generating RTLIL representation for module `\gf180mcu_as_sc_mcu7t3v3__nand2b_4'.
Generating RTLIL representation for module `\gf180mcu_as_sc_mcu7t3v3__nand3_2'.
Generating RTLIL representation for module `\gf180mcu_as_sc_mcu7t3v3__nand4_2'.
Generating RTLIL representation for module `\gf180mcu_as_sc_mcu7t3v3__nor2_2'.
Generating RTLIL representation for module `\gf180mcu_as_sc_mcu7t3v3__nor2_4'.
Generating RTLIL representation for module `\gf180mcu_as_sc_mcu7t3v3__nor2b_2'.
Generating RTLIL representation for module `\gf180mcu_as_sc_mcu7t3v3__nor2b_4'.
Generating RTLIL representation for module `\gf180mcu_as_sc_mcu7t3v3__nor3_2'.
Generating RTLIL representation for module `\gf180mcu_as_sc_mcu7t3v3__and2_2'.
Generating RTLIL representation for module `\gf180mcu_as_sc_mcu7t3v3__and2_4'.
Generating RTLIL representation for module `\gf180mcu_as_sc_mcu7t3v3__or2_2'.
Generating RTLIL representation for module `\gf180mcu_as_sc_mcu7t3v3__or2_4'.
Generating RTLIL representation for module `\gf180mcu_as_sc_mcu7t3v3__xnor2_2'.
Generating RTLIL representation for module `\gf180mcu_as_sc_mcu7t3v3__xnor2_4'.
Generating RTLIL representation for module `\gf180mcu_as_sc_mcu7t3v3__maj3_2'.
Generating RTLIL representation for module `\gf180mcu_as_sc_mcu7t3v3__maj3_4'.
Generating RTLIL representation for module `\gf180mcu_as_sc_mcu7t3v3__aoi21_2'.
Generating RTLIL representation for module `\gf180mcu_as_sc_mcu7t3v3__aoi21_4'.
Generating RTLIL representation for module `\gf180mcu_as_sc_mcu7t3v3__aoi21b_2'.
Generating RTLIL representation for module `\gf180mcu_as_sc_mcu7t3v3__aoi21b_4'.
Generating RTLIL representation for module `\gf180mcu_as_sc_mcu7t3v3__ao21_2'.
Generating RTLIL representation for module `\gf180mcu_as_sc_mcu7t3v3__ao21_4'.
Generating RTLIL representation for module `\gf180mcu_as_sc_mcu7t3v3__ao21b_2'.
Generating RTLIL representation for module `\gf180mcu_as_sc_mcu7t3v3__ao21b_4'.
Generating RTLIL representation for module `\gf180mcu_as_sc_mcu7t3v3__aoi22_2'.
Generating RTLIL representation for module `\gf180mcu_as_sc_mcu7t3v3__aoi22_4'.
Generating RTLIL representation for module `\gf180mcu_as_sc_mcu7t3v3__ao22_2'.
Generating RTLIL representation for module `\gf180mcu_as_sc_mcu7t3v3__ao22_4'.
Generating RTLIL representation for module `\gf180mcu_as_sc_mcu7t3v3__aoi31_2'.
Generating RTLIL representation for module `\gf180mcu_as_sc_mcu7t3v3__aoi31_4'.
Generating RTLIL representation for module `\gf180mcu_as_sc_mcu7t3v3__ao31_2'.
Generating RTLIL representation for module `\gf180mcu_as_sc_mcu7t3v3__ao31_4'.
Generating RTLIL representation for module `\gf180mcu_as_sc_mcu7t3v3__mux2_2'.
Generating RTLIL representation for module `\gf180mcu_as_sc_mcu7t3v3__mux2_4'.
Generating RTLIL representation for module `\gf180mcu_as_sc_mcu7t3v3__tap_2'.
Generating RTLIL representation for module `\gf180mcu_as_sc_mcu7t3v3__fill_1'.
Generating RTLIL representation for module `\gf180mcu_as_sc_mcu7t3v3__fill_2'.
Generating RTLIL representation for module `\gf180mcu_as_sc_mcu7t3v3__fill_4'.
Generating RTLIL representation for module `\gf180mcu_as_sc_mcu7t3v3__fill_8'.
Generating RTLIL representation for module `\gf180mcu_as_sc_mcu7t3v3__fillcap_4'.
Generating RTLIL representation for module `\gf180mcu_as_sc_mcu7t3v3__fillcap_8'.
Generating RTLIL representation for module `\gf180mcu_as_sc_mcu7t3v3__fillcap_16'.
Generating RTLIL representation for module `\gf180mcu_as_sc_mcu7t3v3__tieh_4'.
Generating RTLIL representation for module `\gf180mcu_as_sc_mcu7t3v3__tiel_4'.
Generating RTLIL representation for module `\gf180mcu_as_sc_mcu7t3v3__diode_2'.
Successfully finished Verilog frontend.

2. Executing Verilog backend.
Dumping module `\gf180mcu_as_sc_mcu7t3v3__and2_2'.
Dumping module `\gf180mcu_as_sc_mcu7t3v3__and2_4'.
Dumping module `\gf180mcu_as_sc_mcu7t3v3__ao21_2'.
Dumping module `\gf180mcu_as_sc_mcu7t3v3__ao21_4'.
Dumping module `\gf180mcu_as_sc_mcu7t3v3__ao21b_2'.
Dumping module `\gf180mcu_as_sc_mcu7t3v3__ao21b_4'.
Dumping module `\gf180mcu_as_sc_mcu7t3v3__ao22_2'.
Dumping module `\gf180mcu_as_sc_mcu7t3v3__ao22_4'.
Dumping module `\gf180mcu_as_sc_mcu7t3v3__ao31_2'.
Dumping module `\gf180mcu_as_sc_mcu7t3v3__ao31_4'.
Dumping module `\gf180mcu_as_sc_mcu7t3v3__aoi21_2'.
Dumping module `\gf180mcu_as_sc_mcu7t3v3__aoi21_4'.
Dumping module `\gf180mcu_as_sc_mcu7t3v3__aoi21b_2'.
Dumping module `\gf180mcu_as_sc_mcu7t3v3__aoi21b_4'.
Dumping module `\gf180mcu_as_sc_mcu7t3v3__aoi22_2'.
Dumping module `\gf180mcu_as_sc_mcu7t3v3__aoi22_4'.
Dumping module `\gf180mcu_as_sc_mcu7t3v3__aoi31_2'.
Dumping module `\gf180mcu_as_sc_mcu7t3v3__aoi31_4'.
Dumping module `\gf180mcu_as_sc_mcu7t3v3__buff_12'.
Dumping module `\gf180mcu_as_sc_mcu7t3v3__buff_2'.
Dumping module `\gf180mcu_as_sc_mcu7t3v3__buff_4'.
Dumping module `\gf180mcu_as_sc_mcu7t3v3__buff_8'.
Dumping module `\gf180mcu_as_sc_mcu7t3v3__clkbuff_12'.
Dumping module `\gf180mcu_as_sc_mcu7t3v3__clkbuff_4'.
Dumping module `\gf180mcu_as_sc_mcu7t3v3__clkbuff_8'.
Dumping module `\gf180mcu_as_sc_mcu7t3v3__dfsrtp_2'.
Dumping module `\gf180mcu_as_sc_mcu7t3v3__dfxtn_2'.
Dumping module `\gf180mcu_as_sc_mcu7t3v3__dfxtp_2'.
Dumping module `\gf180mcu_as_sc_mcu7t3v3__diode_2'.
Dumping module `\gf180mcu_as_sc_mcu7t3v3__fill_1'.
Dumping module `\gf180mcu_as_sc_mcu7t3v3__fill_2'.
Dumping module `\gf180mcu_as_sc_mcu7t3v3__fill_4'.
Dumping module `\gf180mcu_as_sc_mcu7t3v3__fill_8'.
Dumping module `\gf180mcu_as_sc_mcu7t3v3__fillcap_16'.
Dumping module `\gf180mcu_as_sc_mcu7t3v3__fillcap_4'.
Dumping module `\gf180mcu_as_sc_mcu7t3v3__fillcap_8'.
Dumping module `\gf180mcu_as_sc_mcu7t3v3__inv_2'.
Dumping module `\gf180mcu_as_sc_mcu7t3v3__inv_4'.
Dumping module `\gf180mcu_as_sc_mcu7t3v3__inv_6'.
Dumping module `\gf180mcu_as_sc_mcu7t3v3__invz_2'.
Dumping module `\gf180mcu_as_sc_mcu7t3v3__maj3_2'.
Dumping module `\gf180mcu_as_sc_mcu7t3v3__maj3_4'.
Dumping module `\gf180mcu_as_sc_mcu7t3v3__mux2_2'.
Dumping module `\gf180mcu_as_sc_mcu7t3v3__mux2_4'.
Dumping module `\gf180mcu_as_sc_mcu7t3v3__nand2_2'.
Dumping module `\gf180mcu_as_sc_mcu7t3v3__nand2_4'.
Dumping module `\gf180mcu_as_sc_mcu7t3v3__nand2b_2'.
Dumping module `\gf180mcu_as_sc_mcu7t3v3__nand2b_4'.
Dumping module `\gf180mcu_as_sc_mcu7t3v3__nand3_2'.
Dumping module `\gf180mcu_as_sc_mcu7t3v3__nand4_2'.
Dumping module `\gf180mcu_as_sc_mcu7t3v3__nor2_2'.
Dumping module `\gf180mcu_as_sc_mcu7t3v3__nor2_4'.
Dumping module `\gf180mcu_as_sc_mcu7t3v3__nor2b_2'.
Dumping module `\gf180mcu_as_sc_mcu7t3v3__nor2b_4'.
Dumping module `\gf180mcu_as_sc_mcu7t3v3__nor3_2'.
Dumping module `\gf180mcu_as_sc_mcu7t3v3__or2_2'.
Dumping module `\gf180mcu_as_sc_mcu7t3v3__or2_4'.
Dumping module `\gf180mcu_as_sc_mcu7t3v3__tap_2'.
Dumping module `\gf180mcu_as_sc_mcu7t3v3__tieh_4'.
Dumping module `\gf180mcu_as_sc_mcu7t3v3__tiel_4'.
Dumping module `\gf180mcu_as_sc_mcu7t3v3__xnor2_2'.
Dumping module `\gf180mcu_as_sc_mcu7t3v3__xnor2_4'.

Warnings: 3 unique messages, 3 total
End of script. Logfile hash: 7d93e90620, CPU: user 0.02s system 0.00s, MEM: 52.50 MB peak
Yosys 0.62 (git sha1 7326bb7d6641500ecb285c291a54a662cb1e76cf, clang++ 21.1.2 -fPIC -O3)
Time spent: 63% 2x write_verilog (0 sec), 34% 2x read_verilog (0 sec), ...
