
 /----------------------------------------------------------------------------\
 |  yosys -- Yosys Open SYnthesis Suite                                       |
 |  Copyright (C) 2012 - 2026  Claire Xenia Wolf <claire@yosyshq.com>         |
 |  Distributed under an ISC-like license, type "license" to see terms        |
 \----------------------------------------------------------------------------/
 Yosys 0.62 (git sha1 7326bb7d6641500ecb285c291a54a662cb1e76cf, clang++ 21.1.2 -fPIC -O3)

-- Running command `
                    verilog_defines -DUSE_POWER_PINS;
read_verilog -sv -lib /home/etcfranc/NoCNoC/librelane/noc_tile/runs/RUN_2026-05-08_18-38-35/tmp/d43945a3c8e845d3bb09662376f9e96f.bb.v;

                    blackbox;
                    write_verilog -noattr -noexpr -nohex -nodec -defparam -blackboxes /home/etcfranc/NoCNoC/librelane/noc_tile/runs/RUN_2026-05-08_18-38-35/tmp/d43945a3c8e845d3bb09662376f9e96f.bb.v;
                    ' --

1. Executing Verilog-2005 frontend: /home/etcfranc/NoCNoC/librelane/noc_tile/runs/RUN_2026-05-08_18-38-35/tmp/d43945a3c8e845d3bb09662376f9e96f.bb.v
Parsing SystemVerilog input from `/home/etcfranc/NoCNoC/librelane/noc_tile/runs/RUN_2026-05-08_18-38-35/tmp/d43945a3c8e845d3bb09662376f9e96f.bb.v' to AST representation.
Generating RTLIL representation for module `\gf180mcu_ws_io__dvdd'.
Generating RTLIL representation for module `\gf180mcu_ws_io__dvss'.
Generating RTLIL representation for module `\gf180mcu_ef_io__bi_t'.
Generating RTLIL representation for module `\gf180mcu_fd_io__asig_5p0'.
Generating RTLIL representation for module `\gf180mcu_fd_io__bi_24t'.
Generating RTLIL representation for module `\gf180mcu_fd_io__bi_t'.
Generating RTLIL representation for module `\gf180mcu_fd_io__brk2'.
Generating RTLIL representation for module `\gf180mcu_fd_io__brk5'.
Generating RTLIL representation for module `\gf180mcu_fd_io__cor'.
Generating RTLIL representation for module `\gf180mcu_fd_io__dvdd'.
Generating RTLIL representation for module `\gf180mcu_fd_io__dvss'.
Generating RTLIL representation for module `\gf180mcu_fd_io__fill1'.
Generating RTLIL representation for module `\gf180mcu_fd_io__fill5'.
Generating RTLIL representation for module `\gf180mcu_fd_io__fill10'.
Generating RTLIL representation for module `\gf180mcu_fd_io__fillnc'.
Generating RTLIL representation for module `\gf180mcu_fd_io__in_c'.
Generating RTLIL representation for module `\gf180mcu_fd_io__in_s'.
Successfully finished Verilog frontend.

2. Executing Verilog backend.
Dumping module `\gf180mcu_ef_io__bi_t'.
Dumping module `\gf180mcu_fd_io__asig_5p0'.
Dumping module `\gf180mcu_fd_io__bi_24t'.
Dumping module `\gf180mcu_fd_io__bi_t'.
Dumping module `\gf180mcu_fd_io__brk2'.
Dumping module `\gf180mcu_fd_io__brk5'.
Dumping module `\gf180mcu_fd_io__cor'.
Dumping module `\gf180mcu_fd_io__dvdd'.
Dumping module `\gf180mcu_fd_io__dvss'.
Dumping module `\gf180mcu_fd_io__fill1'.
Dumping module `\gf180mcu_fd_io__fill10'.
Dumping module `\gf180mcu_fd_io__fill5'.
Dumping module `\gf180mcu_fd_io__fillnc'.
Dumping module `\gf180mcu_fd_io__in_c'.
Dumping module `\gf180mcu_fd_io__in_s'.
Dumping module `\gf180mcu_ws_io__dvdd'.
Dumping module `\gf180mcu_ws_io__dvss'.

End of script. Logfile hash: c638b96e7d, CPU: user 0.02s system 0.00s, MEM: 52.50 MB peak
Yosys 0.62 (git sha1 7326bb7d6641500ecb285c291a54a662cb1e76cf, clang++ 21.1.2 -fPIC -O3)
Time spent: 53% 2x write_verilog (0 sec), 40% 2x read_verilog (0 sec), ...
